<!doctype html public "-//w3c//dtd html 4.0 transitional//en">
<html><head>
<title>Static Call Graph - [.\Objects\Bootloader_nrf52.axf]</title></head>
<body><HR>
<H1>Static Call Graph for image .\Objects\Bootloader_nrf52.axf</H1><HR>
<BR><P>#&#060CALLGRAPH&#062# ARM Linker, 5060528: Last Updated: Mon Mar 16 09:49:27 2020
<BR><P>
<H3>Maximum Stack Usage =       3168 bytes + Unknown(Cycles, Untraceable Function Pointers)</H3><H3>
Call chain for Maximum Stack Depth:</H3>
nrf_crypto_backend_micro_ecc_verify &rArr; uECC_verify &rArr; uECC_vli_modMult &rArr; uECC_vli_mult
<P>
<H3>
Mutually Recursive functions
</H3> <LI><a href="#[3]">NMI_Handler</a>&nbsp;&nbsp;&nbsp;&rArr;&nbsp;&nbsp;&nbsp;<a href="#[3]">NMI_Handler</a><BR>
 <LI><a href="#[4]">HardFault_Handler</a>&nbsp;&nbsp;&nbsp;&rArr;&nbsp;&nbsp;&nbsp;<a href="#[4]">HardFault_Handler</a><BR>
 <LI><a href="#[5]">MemoryManagement_Handler</a>&nbsp;&nbsp;&nbsp;&rArr;&nbsp;&nbsp;&nbsp;<a href="#[5]">MemoryManagement_Handler</a><BR>
 <LI><a href="#[6]">BusFault_Handler</a>&nbsp;&nbsp;&nbsp;&rArr;&nbsp;&nbsp;&nbsp;<a href="#[6]">BusFault_Handler</a><BR>
 <LI><a href="#[7]">UsageFault_Handler</a>&nbsp;&nbsp;&nbsp;&rArr;&nbsp;&nbsp;&nbsp;<a href="#[7]">UsageFault_Handler</a><BR>
 <LI><a href="#[9]">DebugMon_Handler</a>&nbsp;&nbsp;&nbsp;&rArr;&nbsp;&nbsp;&nbsp;<a href="#[9]">DebugMon_Handler</a><BR>
 <LI><a href="#[a]">PendSV_Handler</a>&nbsp;&nbsp;&nbsp;&rArr;&nbsp;&nbsp;&nbsp;<a href="#[a]">PendSV_Handler</a><BR>
 <LI><a href="#[b]">SysTick_Handler</a>&nbsp;&nbsp;&nbsp;&rArr;&nbsp;&nbsp;&nbsp;<a href="#[b]">SysTick_Handler</a><BR>
 <LI><a href="#[1b]">CCM_AAR_IRQHandler</a>&nbsp;&nbsp;&nbsp;&rArr;&nbsp;&nbsp;&nbsp;<a href="#[1b]">CCM_AAR_IRQHandler</a><BR>
 <LI><a href="#[a1]">uECC_vli_numBits</a>&nbsp;&nbsp;&nbsp;&rArr;&nbsp;&nbsp;&nbsp;<a href="#[a1]">uECC_vli_numBits</a><BR>
 <LI><a href="#[6a]">nrf_fstorage_sys_evt_handler</a>&nbsp;&nbsp;&nbsp;&rArr;&nbsp;&nbsp;&nbsp;<a href="#[190]">queue_process</a><BR>
 <LI><a href="#[84]">__asm___12_nrf_atfifo_c_51f461e1__nrf_atfifo_rspace_close</a>&nbsp;&nbsp;&nbsp;&rArr;&nbsp;&nbsp;&nbsp;<a href="#[84]">__asm___12_nrf_atfifo_c_51f461e1__nrf_atfifo_rspace_close</a><BR>
 <LI><a href="#[1a5]">pb_read</a>&nbsp;&nbsp;&nbsp;&rArr;&nbsp;&nbsp;&nbsp;<a href="#[1a5]">pb_read</a><BR>
 <LI><a href="#[1b0]">pb_field_set_to_default</a>&nbsp;&nbsp;&nbsp;&rArr;&nbsp;&nbsp;&nbsp;<a href="#[107]">pb_message_set_to_defaults</a><BR>
 <LI><a href="#[83]">__asm___12_nrf_atfifo_c_51f461e1__nrf_atfifo_wspace_close</a>&nbsp;&nbsp;&nbsp;&rArr;&nbsp;&nbsp;&nbsp;<a href="#[83]">__asm___12_nrf_atfifo_c_51f461e1__nrf_atfifo_wspace_close</a><BR>
</UL>
<P>
<H3>
Function Pointers
</H3><UL>
 <LI><a href="#[6]">BusFault_Handler</a> from arm_startup_nrf52.o(.text) referenced from arm_startup_nrf52.o(RESET)
 <LI><a href="#[1b]">CCM_AAR_IRQHandler</a> from arm_startup_nrf52.o(.text) referenced from arm_startup_nrf52.o(RESET)
 <LI><a href="#[1f]">COMP_LPCOMP_IRQHandler</a> from arm_startup_nrf52.o(.text) referenced from arm_startup_nrf52.o(RESET)
 <LI><a href="#[9]">DebugMon_Handler</a> from arm_startup_nrf52.o(.text) referenced from arm_startup_nrf52.o(RESET)
 <LI><a href="#[1a]">ECB_IRQHandler</a> from arm_startup_nrf52.o(.text) referenced from arm_startup_nrf52.o(RESET)
 <LI><a href="#[30]">FPU_IRQHandler</a> from arm_startup_nrf52.o(.text) referenced from arm_startup_nrf52.o(RESET)
 <LI><a href="#[12]">GPIOTE_IRQHandler</a> from arm_startup_nrf52.o(.text) referenced from arm_startup_nrf52.o(RESET)
 <LI><a href="#[4]">HardFault_Handler</a> from arm_startup_nrf52.o(.text) referenced from arm_startup_nrf52.o(RESET)
 <LI><a href="#[2f]">I2S_IRQHandler</a> from arm_startup_nrf52.o(.text) referenced from arm_startup_nrf52.o(RESET)
 <LI><a href="#[2a]">MWU_IRQHandler</a> from arm_startup_nrf52.o(.text) referenced from arm_startup_nrf52.o(RESET)
 <LI><a href="#[5]">MemoryManagement_Handler</a> from arm_startup_nrf52.o(.text) referenced from arm_startup_nrf52.o(RESET)
 <LI><a href="#[11]">NFCT_IRQHandler</a> from arm_startup_nrf52.o(.text) referenced from arm_startup_nrf52.o(RESET)
 <LI><a href="#[3]">NMI_Handler</a> from arm_startup_nrf52.o(.text) referenced from arm_startup_nrf52.o(RESET)
 <LI><a href="#[29]">PDM_IRQHandler</a> from arm_startup_nrf52.o(.text) referenced from arm_startup_nrf52.o(RESET)
 <LI><a href="#[c]">POWER_CLOCK_IRQHandler</a> from arm_startup_nrf52.o(.text) referenced from arm_startup_nrf52.o(RESET)
 <LI><a href="#[28]">PWM0_IRQHandler</a> from arm_startup_nrf52.o(.text) referenced from arm_startup_nrf52.o(RESET)
 <LI><a href="#[2b]">PWM1_IRQHandler</a> from arm_startup_nrf52.o(.text) referenced from arm_startup_nrf52.o(RESET)
 <LI><a href="#[2c]">PWM2_IRQHandler</a> from arm_startup_nrf52.o(.text) referenced from arm_startup_nrf52.o(RESET)
 <LI><a href="#[a]">PendSV_Handler</a> from arm_startup_nrf52.o(.text) referenced from arm_startup_nrf52.o(RESET)
 <LI><a href="#[1e]">QDEC_IRQHandler</a> from arm_startup_nrf52.o(.text) referenced from arm_startup_nrf52.o(RESET)
 <LI><a href="#[d]">RADIO_IRQHandler</a> from arm_startup_nrf52.o(.text) referenced from arm_startup_nrf52.o(RESET)
 <LI><a href="#[19]">RNG_IRQHandler</a> from arm_startup_nrf52.o(.text) referenced from arm_startup_nrf52.o(RESET)
 <LI><a href="#[17]">RTC0_IRQHandler</a> from arm_startup_nrf52.o(.text) referenced from arm_startup_nrf52.o(RESET)
 <LI><a href="#[1d]">RTC1_IRQHandler</a> from arm_startup_nrf52.o(.text) referenced from arm_startup_nrf52.o(RESET)
 <LI><a href="#[2e]">RTC2_IRQHandler</a> from nrf_bootloader_dfu_timers.o(i.RTC2_IRQHandler) referenced from arm_startup_nrf52.o(RESET)
 <LI><a href="#[2]">Reset_Handler</a> from arm_startup_nrf52.o(.text) referenced from arm_startup_nrf52.o(RESET)
 <LI><a href="#[13]">SAADC_IRQHandler</a> from arm_startup_nrf52.o(.text) referenced from arm_startup_nrf52.o(RESET)
 <LI><a href="#[f]">SPIM0_SPIS0_TWIM0_TWIS0_SPI0_TWI0_IRQHandler</a> from arm_startup_nrf52.o(.text) referenced from arm_startup_nrf52.o(RESET)
 <LI><a href="#[10]">SPIM1_SPIS1_TWIM1_TWIS1_SPI1_TWI1_IRQHandler</a> from arm_startup_nrf52.o(.text) referenced from arm_startup_nrf52.o(RESET)
 <LI><a href="#[2d]">SPIM2_SPIS2_SPI2_IRQHandler</a> from arm_startup_nrf52.o(.text) referenced from arm_startup_nrf52.o(RESET)
 <LI><a href="#[8]">SVC_Handler</a> from nrf_svc_handler.o(.emb_text) referenced from arm_startup_nrf52.o(RESET)
 <LI><a href="#[20]">SWI0_EGU0_IRQHandler</a> from arm_startup_nrf52.o(.text) referenced from arm_startup_nrf52.o(RESET)
 <LI><a href="#[21]">SWI1_EGU1_IRQHandler</a> from arm_startup_nrf52.o(.text) referenced from arm_startup_nrf52.o(RESET)
 <LI><a href="#[22]">SWI2_EGU2_IRQHandler</a> from nrf_sdh.o(i.SWI2_EGU2_IRQHandler) referenced from arm_startup_nrf52.o(RESET)
 <LI><a href="#[23]">SWI3_EGU3_IRQHandler</a> from arm_startup_nrf52.o(.text) referenced from arm_startup_nrf52.o(RESET)
 <LI><a href="#[24]">SWI4_EGU4_IRQHandler</a> from arm_startup_nrf52.o(.text) referenced from arm_startup_nrf52.o(RESET)
 <LI><a href="#[25]">SWI5_EGU5_IRQHandler</a> from arm_startup_nrf52.o(.text) referenced from arm_startup_nrf52.o(RESET)
 <LI><a href="#[b]">SysTick_Handler</a> from arm_startup_nrf52.o(.text) referenced from arm_startup_nrf52.o(RESET)
 <LI><a href="#[31]">SystemInit</a> from system_nrf52.o(i.SystemInit) referenced from arm_startup_nrf52.o(.text)
 <LI><a href="#[18]">TEMP_IRQHandler</a> from arm_startup_nrf52.o(.text) referenced from arm_startup_nrf52.o(RESET)
 <LI><a href="#[14]">TIMER0_IRQHandler</a> from arm_startup_nrf52.o(.text) referenced from arm_startup_nrf52.o(RESET)
 <LI><a href="#[15]">TIMER1_IRQHandler</a> from arm_startup_nrf52.o(.text) referenced from arm_startup_nrf52.o(RESET)
 <LI><a href="#[16]">TIMER2_IRQHandler</a> from arm_startup_nrf52.o(.text) referenced from arm_startup_nrf52.o(RESET)
 <LI><a href="#[26]">TIMER3_IRQHandler</a> from arm_startup_nrf52.o(.text) referenced from arm_startup_nrf52.o(RESET)
 <LI><a href="#[27]">TIMER4_IRQHandler</a> from arm_startup_nrf52.o(.text) referenced from arm_startup_nrf52.o(RESET)
 <LI><a href="#[e]">UARTE0_UART0_IRQHandler</a> from arm_startup_nrf52.o(.text) referenced from arm_startup_nrf52.o(RESET)
 <LI><a href="#[7]">UsageFault_Handler</a> from arm_startup_nrf52.o(.text) referenced from arm_startup_nrf52.o(RESET)
 <LI><a href="#[1c]">WDT_IRQHandler</a> from nrf_bootloader_wdt.o(i.WDT_IRQHandler) referenced from arm_startup_nrf52.o(RESET)
 <LI><a href="#[70]">__main</a> from __main.o(!!!main) referenced from arm_startup_nrf52.o(.text)
 <LI><a href="#[40]">app_error_fault_handler</a> from main.o(i.app_error_fault_handler) referenced from nrf_sdh.o(i.nrf_sdh_enable_request)
 <LI><a href="#[49]">ble_dfu_req_handler_callback</a> from nrf_dfu_ble.o(i.ble_dfu_req_handler_callback) referenced 2 times from nrf_dfu_ble.o(.constdata)
 <LI><a href="#[67]">ble_dfu_transport_close</a> from nrf_dfu_ble.o(i.ble_dfu_transport_close) referenced from nrf_dfu_ble.o(dfu_trans)
 <LI><a href="#[66]">ble_dfu_transport_init</a> from nrf_dfu_ble.o(i.ble_dfu_transport_init) referenced from nrf_dfu_ble.o(dfu_trans)
 <LI><a href="#[68]">ble_evt_handler</a> from nrf_dfu_ble.o(i.ble_evt_handler) referenced from nrf_dfu_ble.o(sdh_ble_observers2)
 <LI><a href="#[43]">buf_read</a> from pb_decode.o(i.buf_read) referenced from pb_decode.o(i.pb_istream_from_buffer)
 <LI><a href="#[43]">buf_read</a> from pb_decode.o(i.buf_read) referenced from pb_decode.o(i.pb_read)
 <LI><a href="#[6f]">dfu_fstorage_evt_handler</a> from nrf_dfu_flash.o(i.dfu_fstorage_evt_handler) referenced from nrf_dfu_flash.o(fs_data)
 <LI><a href="#[35]">dfu_observer</a> from main.o(i.dfu_observer) referenced from main.o(i.main)
 <LI><a href="#[37]">dfu_observer</a> from nrf_bootloader.o(i.dfu_observer) referenced from nrf_bootloader.o(i.nrf_bootloader_init)
 <LI><a href="#[3c]">dfu_observer</a> from nrf_dfu.o(i.dfu_observer) referenced from nrf_dfu.o(i.nrf_dfu_init)
 <LI><a href="#[33]">do_reset</a> from nrf_bootloader.o(i.do_reset) referenced from nrf_bootloader.o(i.bootloader_reset)
 <LI><a href="#[63]">double_jacobian_default</a> from uECC.c.o(.text.double_jacobian_default) referenced from uECC.c.o(.rodata.curve_secp256r1)
 <LI><a href="#[4f]">erase</a> from nrf_fstorage_nvmc.o(i.erase) referenced 2 times from nrf_fstorage_nvmc.o(.constdata)
 <LI><a href="#[36]">flash_write_callback</a> from nrf_bootloader_fw_activation.o(i.flash_write_callback) referenced from nrf_bootloader_fw_activation.o(i.nrf_bootloader_fw_activate)
 <LI><a href="#[38]">flash_write_callback</a> from nrf_bootloader.o(i.flash_write_callback) referenced from nrf_bootloader.o(i.nrf_bootloader_init)
 <LI><a href="#[34]">inactivity_timeout</a> from nrf_bootloader.o(i.inactivity_timeout) referenced from nrf_bootloader.o(i.dfu_observer)
 <LI><a href="#[34]">inactivity_timeout</a> from nrf_bootloader.o(i.inactivity_timeout) referenced from nrf_bootloader.o(i.nrf_bootloader_init)
 <LI><a href="#[4b]">init</a> from nrf_fstorage_nvmc.o(i.init) referenced 2 times from nrf_fstorage_nvmc.o(.constdata)
 <LI><a href="#[52]">is_busy</a> from nrf_fstorage_nvmc.o(i.is_busy) referenced 2 times from nrf_fstorage_nvmc.o(.constdata)
 <LI><a href="#[3a]">nrf_crypto_backend_micro_ecc_public_key_from_raw</a> from micro_ecc_backend_ecc.o(i.nrf_crypto_backend_micro_ecc_public_key_from_raw) referenced from nrf_crypto_ecc.o(i.nrf_crypto_ecc_public_key_from_raw)
 <LI><a href="#[3b]">nrf_crypto_backend_micro_ecc_verify</a> from micro_ecc_backend_ecdsa.o(i.nrf_crypto_backend_micro_ecc_verify) referenced from nrf_crypto_ecdsa.o(i.nrf_crypto_ecdsa_verify)
 <LI><a href="#[3d]">nrf_dfu_req_handler_req</a> from nrf_dfu_req_handler.o(i.nrf_dfu_req_handler_req) referenced from nrf_dfu_req_handler.o(i.nrf_dfu_req_handler_on_req)
 <LI><a href="#[6e]">nrf_dfu_set_adv_name_handler</a> from nrf_dfu_svci_handler.o(i.nrf_dfu_set_adv_name_handler) referenced from nrf_dfu_svci_handler.o(svc_data)
 <LI><a href="#[3e]">nrf_dfu_set_adv_name_on_call</a> from nrf_dfu_svci_handler.o(i.nrf_dfu_set_adv_name_on_call) referenced from nrf_dfu_svci_handler.o(i.nrf_dfu_set_adv_name_handler)
 <LI><a href="#[3f]">nrf_dfu_set_adv_name_on_sys_evt</a> from nrf_dfu_svci_handler.o(i.nrf_dfu_set_adv_name_on_sys_evt) referenced from nrf_dfu_svci_handler.o(i.nrf_dfu_set_adv_name_handler)
 <LI><a href="#[69]">nrf_fstorage_sdh_req_handler</a> from nrf_fstorage_sd.o(i.nrf_fstorage_sdh_req_handler) referenced from nrf_fstorage_sd.o(sdh_req_observers0)
 <LI><a href="#[6d]">nrf_fstorage_sdh_state_handler</a> from nrf_fstorage_sd.o(i.nrf_fstorage_sdh_state_handler) referenced from nrf_fstorage_sd.o(sdh_state_observers0)
 <LI><a href="#[6a]">nrf_fstorage_sys_evt_handler</a> from nrf_fstorage_sd.o(i.nrf_fstorage_sys_evt_handler) referenced from nrf_fstorage_sd.o(sdh_soc_observers0)
 <LI><a href="#[6b]">nrf_sdh_ble_evts_poll</a> from nrf_sdh_ble.o(i.nrf_sdh_ble_evts_poll) referenced from nrf_sdh_ble.o(sdh_stack_observers0)
 <LI><a href="#[6c]">nrf_sdh_soc_evts_poll</a> from nrf_sdh_soc.o(i.nrf_sdh_soc_evts_poll) referenced from nrf_sdh_soc.o(sdh_stack_observers0)
 <LI><a href="#[47]">nrf_sw_backend_hash_sha256_finalize</a> from nrf_sw_backend_hash.o(i.nrf_sw_backend_hash_sha256_finalize) referenced from nrf_sw_backend_hash.o(.constdata)
 <LI><a href="#[45]">nrf_sw_backend_hash_sha256_init</a> from nrf_sw_backend_hash.o(i.nrf_sw_backend_hash_sha256_init) referenced from nrf_sw_backend_hash.o(.constdata)
 <LI><a href="#[46]">nrf_sw_backend_hash_sha256_update</a> from nrf_sw_backend_hash.o(i.nrf_sw_backend_hash_sha256_update) referenced from nrf_sw_backend_hash.o(.constdata)
 <LI><a href="#[41]">on_data_obj_execute_request_sched</a> from nrf_dfu_req_handler.o(i.on_data_obj_execute_request_sched) referenced from nrf_dfu_req_handler.o(i.on_data_obj_execute_request_sched)
 <LI><a href="#[42]">on_dfu_complete</a> from nrf_dfu_req_handler.o(i.on_dfu_complete) referenced from nrf_dfu_req_handler.o(i.on_data_obj_execute_request_sched)
 <LI><a href="#[4a]">on_flash_write</a> from nrf_dfu_ble.o(i.on_flash_write) referenced from nrf_dfu_ble.o(.constdata)
 <LI><a href="#[60]">pb_dec_bytes</a> from pb_decode.o(i.pb_dec_bytes) referenced from pb_decode.o(.constdata)
 <LI><a href="#[5e]">pb_dec_fixed32</a> from pb_decode.o(i.pb_dec_fixed32) referenced from pb_decode.o(.constdata)
 <LI><a href="#[5f]">pb_dec_fixed64</a> from pb_decode.o(i.pb_dec_fixed64) referenced from pb_decode.o(.constdata)
 <LI><a href="#[61]">pb_dec_string</a> from pb_decode.o(i.pb_dec_string) referenced from pb_decode.o(.constdata)
 <LI><a href="#[62]">pb_dec_submessage</a> from pb_decode.o(i.pb_dec_submessage) referenced from pb_decode.o(.constdata)
 <LI><a href="#[5d]">pb_dec_svarint</a> from pb_decode.o(i.pb_dec_svarint) referenced from pb_decode.o(.constdata)
 <LI><a href="#[5c]">pb_dec_uvarint</a> from pb_decode.o(i.pb_dec_uvarint) referenced from pb_decode.o(.constdata)
 <LI><a href="#[5b]">pb_dec_varint</a> from pb_decode.o(i.pb_dec_varint) referenced from pb_decode.o(.constdata)
 <LI><a href="#[44]">pb_decoding_callback</a> from nrf_dfu_validation.o(i.pb_decoding_callback) referenced from nrf_dfu_validation.o(i.stored_init_cmd_decode)
 <LI><a href="#[4d]">read</a> from nrf_fstorage_nvmc.o(i.read) referenced 2 times from nrf_fstorage_nvmc.o(.constdata)
 <LI><a href="#[50]">rmap</a> from nrf_fstorage_nvmc.o(i.rmap) referenced 2 times from nrf_fstorage_nvmc.o(.constdata)
 <LI><a href="#[48]">uECC_secp256r1</a> from uECC.c.o(.text.uECC_secp256r1) referenced from micro_ecc_backend_ecc.o(.constdata)
 <LI><a href="#[4c]">uninit</a> from nrf_fstorage_nvmc.o(i.uninit) referenced 2 times from nrf_fstorage_nvmc.o(.constdata)
 <LI><a href="#[65]">vli_mmod_fast_secp256r1</a> from uECC.c.o(.text.vli_mmod_fast_secp256r1) referenced from uECC.c.o(.rodata.curve_secp256r1)
 <LI><a href="#[39]">wdt_feed_timer_handler</a> from nrf_bootloader_wdt.o(i.wdt_feed_timer_handler) referenced from nrf_bootloader_wdt.o(i.nrf_bootloader_wdt_init)
 <LI><a href="#[51]">wmap</a> from nrf_fstorage_nvmc.o(i.wmap) referenced 2 times from nrf_fstorage_nvmc.o(.constdata)
 <LI><a href="#[4e]">write</a> from nrf_fstorage_nvmc.o(i.write) referenced 2 times from nrf_fstorage_nvmc.o(.constdata)
 <LI><a href="#[64]">x_side_default</a> from uECC.c.o(.text.x_side_default) referenced from uECC.c.o(.rodata.curve_secp256r1)
</UL>
<P>
<H3>
Global Symbols
</H3>
<P><STRONG><a name="[70]"></a>__main</STRONG> (Thumb, 8 bytes, Stack size 0 bytes, __main.o(!!!main))
<BR><BR>[Calls]<UL><LI><a href="#[72]">&gt;&gt;</a>&nbsp;&nbsp;&nbsp;__scatterload
<LI><a href="#[73]">&gt;&gt;</a>&nbsp;&nbsp;&nbsp;__rt_entry
</UL>

<P><STRONG><a name="[72]"></a>__scatterload</STRONG> (Thumb, 0 bytes, Stack size unknown bytes, __scatter.o(!!!scatter))
<BR><BR>[Called By]<UL><LI><a href="#[70]">&gt;&gt;</a>&nbsp;&nbsp;&nbsp;__main
</UL>

<P><STRONG><a name="[74]"></a>__scatterload_rt2</STRONG> (Thumb, 44 bytes, Stack size unknown bytes, __scatter.o(!!!scatter), UNUSED)
<BR><BR>[Calls]<UL><LI><a href="#[73]">&gt;&gt;</a>&nbsp;&nbsp;&nbsp;__rt_entry
</UL>

<P><STRONG><a name="[1c8]"></a>__scatterload_rt2_thumb_only</STRONG> (Thumb, 0 bytes, Stack size unknown bytes, __scatter.o(!!!scatter), UNUSED)

<P><STRONG><a name="[1c9]"></a>__scatterload_null</STRONG> (Thumb, 0 bytes, Stack size unknown bytes, __scatter.o(!!!scatter), UNUSED)

<P><STRONG><a name="[75]"></a>__scatterload_copy</STRONG> (Thumb, 26 bytes, Stack size unknown bytes, __scatter_copy.o(!!handler_copy), UNUSED)
<BR><BR>[Calls]<UL><LI><a href="#[75]">&gt;&gt;</a>&nbsp;&nbsp;&nbsp;__scatterload_copy
</UL>
<BR>[Called By]<UL><LI><a href="#[75]">&gt;&gt;</a>&nbsp;&nbsp;&nbsp;__scatterload_copy
</UL>

<P><STRONG><a name="[1ca]"></a>__scatterload_zeroinit</STRONG> (Thumb, 28 bytes, Stack size unknown bytes, __scatter_zi.o(!!handler_zi), UNUSED)

<P><STRONG><a name="[7b]"></a>__rt_lib_init</STRONG> (Thumb, 0 bytes, Stack size unknown bytes, libinit.o(.ARM.Collect$$libinit$$00000000))
<BR><BR>[Called By]<UL><LI><a href="#[7a]">&gt;&gt;</a>&nbsp;&nbsp;&nbsp;__rt_entry_li
</UL>

<P><STRONG><a name="[76]"></a>__rt_lib_init_fp_1</STRONG> (Thumb, 0 bytes, Stack size unknown bytes, libinit2.o(.ARM.Collect$$libinit$$00000001))
<BR><BR>[Calls]<UL><LI><a href="#[77]">&gt;&gt;</a>&nbsp;&nbsp;&nbsp;_fp_init
</UL>

<P><STRONG><a name="[1cb]"></a>__rt_lib_init_alloca_1</STRONG> (Thumb, 0 bytes, Stack size unknown bytes, libinit2.o(.ARM.Collect$$libinit$$0000002E))

<P><STRONG><a name="[1cc]"></a>__rt_lib_init_argv_1</STRONG> (Thumb, 0 bytes, Stack size unknown bytes, libinit2.o(.ARM.Collect$$libinit$$0000002C))

<P><STRONG><a name="[1cd]"></a>__rt_lib_init_atexit_1</STRONG> (Thumb, 0 bytes, Stack size unknown bytes, libinit2.o(.ARM.Collect$$libinit$$0000001B))

<P><STRONG><a name="[1ce]"></a>__rt_lib_init_clock_1</STRONG> (Thumb, 0 bytes, Stack size unknown bytes, libinit2.o(.ARM.Collect$$libinit$$00000021))

<P><STRONG><a name="[1cf]"></a>__rt_lib_init_cpp_1</STRONG> (Thumb, 0 bytes, Stack size unknown bytes, libinit2.o(.ARM.Collect$$libinit$$00000032))

<P><STRONG><a name="[1d0]"></a>__rt_lib_init_exceptions_1</STRONG> (Thumb, 0 bytes, Stack size unknown bytes, libinit2.o(.ARM.Collect$$libinit$$00000030))

<P><STRONG><a name="[1d1]"></a>__rt_lib_init_fp_trap_1</STRONG> (Thumb, 0 bytes, Stack size unknown bytes, libinit2.o(.ARM.Collect$$libinit$$0000001F))

<P><STRONG><a name="[1d2]"></a>__rt_lib_init_getenv_1</STRONG> (Thumb, 0 bytes, Stack size unknown bytes, libinit2.o(.ARM.Collect$$libinit$$00000023))

<P><STRONG><a name="[1d3]"></a>__rt_lib_init_heap_1</STRONG> (Thumb, 0 bytes, Stack size unknown bytes, libinit2.o(.ARM.Collect$$libinit$$0000000A))

<P><STRONG><a name="[1d4]"></a>__rt_lib_init_lc_collate_1</STRONG> (Thumb, 0 bytes, Stack size unknown bytes, libinit2.o(.ARM.Collect$$libinit$$00000011))

<P><STRONG><a name="[1d5]"></a>__rt_lib_init_lc_ctype_1</STRONG> (Thumb, 0 bytes, Stack size unknown bytes, libinit2.o(.ARM.Collect$$libinit$$00000013))

<P><STRONG><a name="[1d6]"></a>__rt_lib_init_lc_monetary_1</STRONG> (Thumb, 0 bytes, Stack size unknown bytes, libinit2.o(.ARM.Collect$$libinit$$00000015))

<P><STRONG><a name="[1d7]"></a>__rt_lib_init_lc_numeric_1</STRONG> (Thumb, 0 bytes, Stack size unknown bytes, libinit2.o(.ARM.Collect$$libinit$$00000017))

<P><STRONG><a name="[1d8]"></a>__rt_lib_init_lc_time_1</STRONG> (Thumb, 0 bytes, Stack size unknown bytes, libinit2.o(.ARM.Collect$$libinit$$00000019))

<P><STRONG><a name="[1d9]"></a>__rt_lib_init_preinit_1</STRONG> (Thumb, 0 bytes, Stack size unknown bytes, libinit2.o(.ARM.Collect$$libinit$$00000004))

<P><STRONG><a name="[1da]"></a>__rt_lib_init_rand_1</STRONG> (Thumb, 0 bytes, Stack size unknown bytes, libinit2.o(.ARM.Collect$$libinit$$0000000E))

<P><STRONG><a name="[1db]"></a>__rt_lib_init_return</STRONG> (Thumb, 0 bytes, Stack size unknown bytes, libinit2.o(.ARM.Collect$$libinit$$00000033))

<P><STRONG><a name="[1dc]"></a>__rt_lib_init_signal_1</STRONG> (Thumb, 0 bytes, Stack size unknown bytes, libinit2.o(.ARM.Collect$$libinit$$0000001D))

<P><STRONG><a name="[1dd]"></a>__rt_lib_init_stdio_1</STRONG> (Thumb, 0 bytes, Stack size unknown bytes, libinit2.o(.ARM.Collect$$libinit$$00000025))

<P><STRONG><a name="[1de]"></a>__rt_lib_init_user_alloc_1</STRONG> (Thumb, 0 bytes, Stack size unknown bytes, libinit2.o(.ARM.Collect$$libinit$$0000000C))

<P><STRONG><a name="[80]"></a>__rt_lib_shutdown</STRONG> (Thumb, 0 bytes, Stack size unknown bytes, libshutdown.o(.ARM.Collect$$libshutdown$$00000000))
<BR><BR>[Called By]<UL><LI><a href="#[7f]">&gt;&gt;</a>&nbsp;&nbsp;&nbsp;__rt_exit_ls
</UL>

<P><STRONG><a name="[1df]"></a>__rt_lib_shutdown_cpp_1</STRONG> (Thumb, 0 bytes, Stack size unknown bytes, libshutdown2.o(.ARM.Collect$$libshutdown$$00000002))

<P><STRONG><a name="[1e0]"></a>__rt_lib_shutdown_fp_trap_1</STRONG> (Thumb, 0 bytes, Stack size unknown bytes, libshutdown2.o(.ARM.Collect$$libshutdown$$00000007))

<P><STRONG><a name="[1e1]"></a>__rt_lib_shutdown_heap_1</STRONG> (Thumb, 0 bytes, Stack size unknown bytes, libshutdown2.o(.ARM.Collect$$libshutdown$$0000000F))

<P><STRONG><a name="[1e2]"></a>__rt_lib_shutdown_return</STRONG> (Thumb, 0 bytes, Stack size unknown bytes, libshutdown2.o(.ARM.Collect$$libshutdown$$00000010))

<P><STRONG><a name="[1e3]"></a>__rt_lib_shutdown_signal_1</STRONG> (Thumb, 0 bytes, Stack size unknown bytes, libshutdown2.o(.ARM.Collect$$libshutdown$$0000000A))

<P><STRONG><a name="[1e4]"></a>__rt_lib_shutdown_stdio_1</STRONG> (Thumb, 0 bytes, Stack size unknown bytes, libshutdown2.o(.ARM.Collect$$libshutdown$$00000004))

<P><STRONG><a name="[1e5]"></a>__rt_lib_shutdown_user_alloc_1</STRONG> (Thumb, 0 bytes, Stack size unknown bytes, libshutdown2.o(.ARM.Collect$$libshutdown$$0000000C))

<P><STRONG><a name="[73]"></a>__rt_entry</STRONG> (Thumb, 0 bytes, Stack size unknown bytes, __rtentry.o(.ARM.Collect$$rtentry$$00000000))
<BR><BR>[Called By]<UL><LI><a href="#[74]">&gt;&gt;</a>&nbsp;&nbsp;&nbsp;__scatterload_rt2
<LI><a href="#[70]">&gt;&gt;</a>&nbsp;&nbsp;&nbsp;__main
</UL>

<P><STRONG><a name="[1e6]"></a>__rt_entry_presh_1</STRONG> (Thumb, 0 bytes, Stack size unknown bytes, __rtentry2.o(.ARM.Collect$$rtentry$$00000002))

<P><STRONG><a name="[78]"></a>__rt_entry_sh</STRONG> (Thumb, 0 bytes, Stack size unknown bytes, __rtentry4.o(.ARM.Collect$$rtentry$$00000004))
<BR><BR>[Stack]<UL><LI>Max Depth = 8 + Unknown Stack Size
<LI>Call Chain = __rt_entry_sh &rArr; __user_setup_stackheap
</UL>
<BR>[Calls]<UL><LI><a href="#[79]">&gt;&gt;</a>&nbsp;&nbsp;&nbsp;__user_setup_stackheap
</UL>

<P><STRONG><a name="[7a]"></a>__rt_entry_li</STRONG> (Thumb, 0 bytes, Stack size unknown bytes, __rtentry2.o(.ARM.Collect$$rtentry$$0000000A))
<BR><BR>[Calls]<UL><LI><a href="#[7b]">&gt;&gt;</a>&nbsp;&nbsp;&nbsp;__rt_lib_init
</UL>

<P><STRONG><a name="[1e7]"></a>__rt_entry_postsh_1</STRONG> (Thumb, 0 bytes, Stack size unknown bytes, __rtentry2.o(.ARM.Collect$$rtentry$$00000009))

<P><STRONG><a name="[7c]"></a>__rt_entry_main</STRONG> (Thumb, 0 bytes, Stack size unknown bytes, __rtentry2.o(.ARM.Collect$$rtentry$$0000000D))
<BR><BR>[Stack]<UL><LI>Max Depth = 464 + Unknown Stack Size
<LI>Call Chain = __rt_entry_main &rArr; main &rArr; nrf_bootloader_init &rArr; nrf_dfu_init &rArr; nrf_dfu_req_handler_init &rArr; nrf_dfu_validation_init_cmd_execute &rArr; stored_init_cmd_decode &rArr; pb_decode &rArr; pb_decode_noinit &rArr; decode_extension &rArr; default_extension_decoder &rArr; decode_field &rArr; decode_static_field &rArr; pb_message_set_to_defaults &rArr; pb_field_set_to_default &rArr;  pb_message_set_to_defaults (Cycle)
</UL>
<BR>[Calls]<UL><LI><a href="#[7d]">&gt;&gt;</a>&nbsp;&nbsp;&nbsp;main
<LI><a href="#[7e]">&gt;&gt;</a>&nbsp;&nbsp;&nbsp;exit
</UL>

<P><STRONG><a name="[1e8]"></a>__rt_entry_postli_1</STRONG> (Thumb, 0 bytes, Stack size unknown bytes, __rtentry2.o(.ARM.Collect$$rtentry$$0000000C))

<P><STRONG><a name="[8e]"></a>__rt_exit</STRONG> (Thumb, 0 bytes, Stack size unknown bytes, rtexit.o(.ARM.Collect$$rtexit$$00000000))
<BR><BR>[Called By]<UL><LI><a href="#[7e]">&gt;&gt;</a>&nbsp;&nbsp;&nbsp;exit
</UL>

<P><STRONG><a name="[7f]"></a>__rt_exit_ls</STRONG> (Thumb, 0 bytes, Stack size unknown bytes, rtexit2.o(.ARM.Collect$$rtexit$$00000003))
<BR><BR>[Calls]<UL><LI><a href="#[80]">&gt;&gt;</a>&nbsp;&nbsp;&nbsp;__rt_lib_shutdown
</UL>

<P><STRONG><a name="[1e9]"></a>__rt_exit_prels_1</STRONG> (Thumb, 0 bytes, Stack size unknown bytes, rtexit2.o(.ARM.Collect$$rtexit$$00000002))

<P><STRONG><a name="[81]"></a>__rt_exit_exit</STRONG> (Thumb, 0 bytes, Stack size unknown bytes, rtexit2.o(.ARM.Collect$$rtexit$$00000004))
<BR><BR>[Calls]<UL><LI><a href="#[82]">&gt;&gt;</a>&nbsp;&nbsp;&nbsp;_sys_exit
</UL>

<P><STRONG><a name="[13e]"></a>__asm___32_nrf_bootloader_app_start_final_c_c9922886__jump_to_addr</STRONG> (Thumb, 8 bytes, Stack size 0 bytes, nrf_bootloader_app_start_final.o(.emb_text))
<BR><BR>[Called By]<UL><LI><a href="#[13d]">&gt;&gt;</a>&nbsp;&nbsp;&nbsp;nrf_bootloader_app_start_final
</UL>

<P><STRONG><a name="[12f]"></a>__asm___12_nrf_atfifo_c_51f461e1__nrf_atfifo_wspace_req</STRONG> (Thumb, 56 bytes, Stack size 0 bytes, nrf_atfifo.o(.emb_text))
<BR><BR>[Called By]<UL><LI><a href="#[115]">&gt;&gt;</a>&nbsp;&nbsp;&nbsp;nrf_atfifo_item_alloc
</UL>

<P><STRONG><a name="[83]"></a>__asm___12_nrf_atfifo_c_51f461e1__nrf_atfifo_wspace_close</STRONG> (Thumb, 18 bytes, Stack size 0 bytes, nrf_atfifo.o(.emb_text))
<BR><BR>[Calls]<UL><LI><a href="#[83]">&gt;&gt;</a>&nbsp;&nbsp;&nbsp;__asm___12_nrf_atfifo_c_51f461e1__nrf_atfifo_wspace_close
</UL>
<BR>[Called By]<UL><LI><a href="#[116]">&gt;&gt;</a>&nbsp;&nbsp;&nbsp;nrf_atfifo_item_put
<LI><a href="#[83]">&gt;&gt;</a>&nbsp;&nbsp;&nbsp;__asm___12_nrf_atfifo_c_51f461e1__nrf_atfifo_wspace_close
</UL>

<P><STRONG><a name="[132]"></a>__asm___12_nrf_atfifo_c_51f461e1__nrf_atfifo_rspace_req</STRONG> (Thumb, 58 bytes, Stack size 0 bytes, nrf_atfifo.o(.emb_text))
<BR><BR>[Called By]<UL><LI><a href="#[131]">&gt;&gt;</a>&nbsp;&nbsp;&nbsp;nrf_atfifo_item_get
</UL>

<P><STRONG><a name="[84]"></a>__asm___12_nrf_atfifo_c_51f461e1__nrf_atfifo_rspace_close</STRONG> (Thumb, 18 bytes, Stack size 0 bytes, nrf_atfifo.o(.emb_text))
<BR><BR>[Calls]<UL><LI><a href="#[84]">&gt;&gt;</a>&nbsp;&nbsp;&nbsp;__asm___12_nrf_atfifo_c_51f461e1__nrf_atfifo_rspace_close
</UL>
<BR>[Called By]<UL><LI><a href="#[130]">&gt;&gt;</a>&nbsp;&nbsp;&nbsp;nrf_atfifo_item_free
<LI><a href="#[84]">&gt;&gt;</a>&nbsp;&nbsp;&nbsp;__asm___12_nrf_atfifo_c_51f461e1__nrf_atfifo_rspace_close
</UL>

<P><STRONG><a name="[12e]"></a>__asm___12_nrf_atfifo_c_51f461e1__nrf_atfifo_space_clear</STRONG> (Thumb, 50 bytes, Stack size 0 bytes, nrf_atfifo.o(.emb_text))
<BR><BR>[Called By]<UL><LI><a href="#[12d]">&gt;&gt;</a>&nbsp;&nbsp;&nbsp;nrf_atfifo_clear
</UL>

<P><STRONG><a name="[1ea]"></a>__asm___12_nrf_atomic_c_85ca2469__nrf_atomic_internal_mov</STRONG> (Thumb, 24 bytes, Stack size 0 bytes, nrf_atomic.o(.emb_text), UNUSED)

<P><STRONG><a name="[136]"></a>__asm___12_nrf_atomic_c_85ca2469__nrf_atomic_internal_orr</STRONG> (Thumb, 26 bytes, Stack size 0 bytes, nrf_atomic.o(.emb_text))
<BR><BR>[Called By]<UL><LI><a href="#[134]">&gt;&gt;</a>&nbsp;&nbsp;&nbsp;nrf_atomic_u32_fetch_or
</UL>

<P><STRONG><a name="[135]"></a>__asm___12_nrf_atomic_c_85ca2469__nrf_atomic_internal_and</STRONG> (Thumb, 26 bytes, Stack size 0 bytes, nrf_atomic.o(.emb_text))
<BR><BR>[Called By]<UL><LI><a href="#[133]">&gt;&gt;</a>&nbsp;&nbsp;&nbsp;nrf_atomic_u32_and
</UL>

<P><STRONG><a name="[1eb]"></a>__asm___12_nrf_atomic_c_85ca2469__nrf_atomic_internal_eor</STRONG> (Thumb, 26 bytes, Stack size 0 bytes, nrf_atomic.o(.emb_text), UNUSED)

<P><STRONG><a name="[1ec]"></a>__asm___12_nrf_atomic_c_85ca2469__nrf_atomic_internal_add</STRONG> (Thumb, 26 bytes, Stack size 0 bytes, nrf_atomic.o(.emb_text), UNUSED)

<P><STRONG><a name="[1ed]"></a>__asm___12_nrf_atomic_c_85ca2469__nrf_atomic_internal_sub</STRONG> (Thumb, 26 bytes, Stack size 0 bytes, nrf_atomic.o(.emb_text), UNUSED)

<P><STRONG><a name="[1ee]"></a>__asm___12_nrf_atomic_c_85ca2469__nrf_atomic_internal_cmp_exch</STRONG> (Thumb, 42 bytes, Stack size 0 bytes, nrf_atomic.o(.emb_text), UNUSED)

<P><STRONG><a name="[1ef]"></a>__asm___12_nrf_atomic_c_85ca2469__nrf_atomic_internal_sub_hs</STRONG> (Thumb, 30 bytes, Stack size 0 bytes, nrf_atomic.o(.emb_text), UNUSED)

<P><STRONG><a name="[8]"></a>SVC_Handler</STRONG> (Thumb, 20 bytes, Stack size 0 bytes, nrf_svc_handler.o(.emb_text))
<BR><BR>[Stack]<UL><LI>Max Depth = 40<LI>Call Chain = SVC_Handler &rArr; nrf_svc_handler_c
</UL>
<BR>[Calls]<UL><LI><a href="#[71]">&gt;&gt;</a>&nbsp;&nbsp;&nbsp;nrf_svc_handler_c
</UL>
<BR>[Address Reference Count : 1]<UL><LI> arm_startup_nrf52.o(RESET)
</UL>
<P><STRONG><a name="[2]"></a>Reset_Handler</STRONG> (Thumb, 8 bytes, Stack size 0 bytes, arm_startup_nrf52.o(.text))
<BR>[Address Reference Count : 1]<UL><LI> arm_startup_nrf52.o(RESET)
</UL>
<P><STRONG><a name="[3]"></a>NMI_Handler</STRONG> (Thumb, 2 bytes, Stack size 0 bytes, arm_startup_nrf52.o(.text))
<BR><BR>[Calls]<UL><LI><a href="#[3]">&gt;&gt;</a>&nbsp;&nbsp;&nbsp;NMI_Handler
</UL>
<BR>[Called By]<UL><LI><a href="#[3]">&gt;&gt;</a>&nbsp;&nbsp;&nbsp;NMI_Handler
</UL>
<BR>[Address Reference Count : 1]<UL><LI> arm_startup_nrf52.o(RESET)
</UL>
<P><STRONG><a name="[4]"></a>HardFault_Handler</STRONG> (Thumb, 2 bytes, Stack size 0 bytes, arm_startup_nrf52.o(.text))
<BR><BR>[Calls]<UL><LI><a href="#[4]">&gt;&gt;</a>&nbsp;&nbsp;&nbsp;HardFault_Handler
</UL>
<BR>[Called By]<UL><LI><a href="#[4]">&gt;&gt;</a>&nbsp;&nbsp;&nbsp;HardFault_Handler
</UL>
<BR>[Address Reference Count : 1]<UL><LI> arm_startup_nrf52.o(RESET)
</UL>
<P><STRONG><a name="[5]"></a>MemoryManagement_Handler</STRONG> (Thumb, 2 bytes, Stack size 0 bytes, arm_startup_nrf52.o(.text))
<BR><BR>[Calls]<UL><LI><a href="#[5]">&gt;&gt;</a>&nbsp;&nbsp;&nbsp;MemoryManagement_Handler
</UL>
<BR>[Called By]<UL><LI><a href="#[5]">&gt;&gt;</a>&nbsp;&nbsp;&nbsp;MemoryManagement_Handler
</UL>
<BR>[Address Reference Count : 1]<UL><LI> arm_startup_nrf52.o(RESET)
</UL>
<P><STRONG><a name="[6]"></a>BusFault_Handler</STRONG> (Thumb, 2 bytes, Stack size 0 bytes, arm_startup_nrf52.o(.text))
<BR><BR>[Calls]<UL><LI><a href="#[6]">&gt;&gt;</a>&nbsp;&nbsp;&nbsp;BusFault_Handler
</UL>
<BR>[Called By]<UL><LI><a href="#[6]">&gt;&gt;</a>&nbsp;&nbsp;&nbsp;BusFault_Handler
</UL>
<BR>[Address Reference Count : 1]<UL><LI> arm_startup_nrf52.o(RESET)
</UL>
<P><STRONG><a name="[7]"></a>UsageFault_Handler</STRONG> (Thumb, 2 bytes, Stack size 0 bytes, arm_startup_nrf52.o(.text))
<BR><BR>[Calls]<UL><LI><a href="#[7]">&gt;&gt;</a>&nbsp;&nbsp;&nbsp;UsageFault_Handler
</UL>
<BR>[Called By]<UL><LI><a href="#[7]">&gt;&gt;</a>&nbsp;&nbsp;&nbsp;UsageFault_Handler
</UL>
<BR>[Address Reference Count : 1]<UL><LI> arm_startup_nrf52.o(RESET)
</UL>
<P><STRONG><a name="[9]"></a>DebugMon_Handler</STRONG> (Thumb, 2 bytes, Stack size 0 bytes, arm_startup_nrf52.o(.text))
<BR><BR>[Calls]<UL><LI><a href="#[9]">&gt;&gt;</a>&nbsp;&nbsp;&nbsp;DebugMon_Handler
</UL>
<BR>[Called By]<UL><LI><a href="#[9]">&gt;&gt;</a>&nbsp;&nbsp;&nbsp;DebugMon_Handler
</UL>
<BR>[Address Reference Count : 1]<UL><LI> arm_startup_nrf52.o(RESET)
</UL>
<P><STRONG><a name="[a]"></a>PendSV_Handler</STRONG> (Thumb, 2 bytes, Stack size 0 bytes, arm_startup_nrf52.o(.text))
<BR><BR>[Calls]<UL><LI><a href="#[a]">&gt;&gt;</a>&nbsp;&nbsp;&nbsp;PendSV_Handler
</UL>
<BR>[Called By]<UL><LI><a href="#[a]">&gt;&gt;</a>&nbsp;&nbsp;&nbsp;PendSV_Handler
</UL>
<BR>[Address Reference Count : 1]<UL><LI> arm_startup_nrf52.o(RESET)
</UL>
<P><STRONG><a name="[b]"></a>SysTick_Handler</STRONG> (Thumb, 2 bytes, Stack size 0 bytes, arm_startup_nrf52.o(.text))
<BR><BR>[Calls]<UL><LI><a href="#[b]">&gt;&gt;</a>&nbsp;&nbsp;&nbsp;SysTick_Handler
</UL>
<BR>[Called By]<UL><LI><a href="#[b]">&gt;&gt;</a>&nbsp;&nbsp;&nbsp;SysTick_Handler
</UL>
<BR>[Address Reference Count : 1]<UL><LI> arm_startup_nrf52.o(RESET)
</UL>
<P><STRONG><a name="[1b]"></a>CCM_AAR_IRQHandler</STRONG> (Thumb, 0 bytes, Stack size 0 bytes, arm_startup_nrf52.o(.text))
<BR><BR>[Calls]<UL><LI><a href="#[1b]">&gt;&gt;</a>&nbsp;&nbsp;&nbsp;CCM_AAR_IRQHandler
</UL>
<BR>[Called By]<UL><LI><a href="#[1b]">&gt;&gt;</a>&nbsp;&nbsp;&nbsp;CCM_AAR_IRQHandler
</UL>
<BR>[Address Reference Count : 1]<UL><LI> arm_startup_nrf52.o(RESET)
</UL>
<P><STRONG><a name="[1f]"></a>COMP_LPCOMP_IRQHandler</STRONG> (Thumb, 0 bytes, Stack size 0 bytes, arm_startup_nrf52.o(.text))
<BR>[Address Reference Count : 1]<UL><LI> arm_startup_nrf52.o(RESET)
</UL>
<P><STRONG><a name="[1a]"></a>ECB_IRQHandler</STRONG> (Thumb, 0 bytes, Stack size 0 bytes, arm_startup_nrf52.o(.text))
<BR>[Address Reference Count : 1]<UL><LI> arm_startup_nrf52.o(RESET)
</UL>
<P><STRONG><a name="[30]"></a>FPU_IRQHandler</STRONG> (Thumb, 0 bytes, Stack size 0 bytes, arm_startup_nrf52.o(.text))
<BR>[Address Reference Count : 1]<UL><LI> arm_startup_nrf52.o(RESET)
</UL>
<P><STRONG><a name="[12]"></a>GPIOTE_IRQHandler</STRONG> (Thumb, 0 bytes, Stack size 0 bytes, arm_startup_nrf52.o(.text))
<BR>[Address Reference Count : 1]<UL><LI> arm_startup_nrf52.o(RESET)
</UL>
<P><STRONG><a name="[2f]"></a>I2S_IRQHandler</STRONG> (Thumb, 0 bytes, Stack size 0 bytes, arm_startup_nrf52.o(.text))
<BR>[Address Reference Count : 1]<UL><LI> arm_startup_nrf52.o(RESET)
</UL>
<P><STRONG><a name="[2a]"></a>MWU_IRQHandler</STRONG> (Thumb, 0 bytes, Stack size 0 bytes, arm_startup_nrf52.o(.text))
<BR>[Address Reference Count : 1]<UL><LI> arm_startup_nrf52.o(RESET)
</UL>
<P><STRONG><a name="[11]"></a>NFCT_IRQHandler</STRONG> (Thumb, 0 bytes, Stack size 0 bytes, arm_startup_nrf52.o(.text))
<BR>[Address Reference Count : 1]<UL><LI> arm_startup_nrf52.o(RESET)
</UL>
<P><STRONG><a name="[29]"></a>PDM_IRQHandler</STRONG> (Thumb, 0 bytes, Stack size 0 bytes, arm_startup_nrf52.o(.text))
<BR>[Address Reference Count : 1]<UL><LI> arm_startup_nrf52.o(RESET)
</UL>
<P><STRONG><a name="[c]"></a>POWER_CLOCK_IRQHandler</STRONG> (Thumb, 0 bytes, Stack size 0 bytes, arm_startup_nrf52.o(.text))
<BR>[Address Reference Count : 1]<UL><LI> arm_startup_nrf52.o(RESET)
</UL>
<P><STRONG><a name="[28]"></a>PWM0_IRQHandler</STRONG> (Thumb, 0 bytes, Stack size 0 bytes, arm_startup_nrf52.o(.text))
<BR>[Address Reference Count : 1]<UL><LI> arm_startup_nrf52.o(RESET)
</UL>
<P><STRONG><a name="[2b]"></a>PWM1_IRQHandler</STRONG> (Thumb, 0 bytes, Stack size 0 bytes, arm_startup_nrf52.o(.text))
<BR>[Address Reference Count : 1]<UL><LI> arm_startup_nrf52.o(RESET)
</UL>
<P><STRONG><a name="[2c]"></a>PWM2_IRQHandler</STRONG> (Thumb, 0 bytes, Stack size 0 bytes, arm_startup_nrf52.o(.text))
<BR>[Address Reference Count : 1]<UL><LI> arm_startup_nrf52.o(RESET)
</UL>
<P><STRONG><a name="[1e]"></a>QDEC_IRQHandler</STRONG> (Thumb, 0 bytes, Stack size 0 bytes, arm_startup_nrf52.o(.text))
<BR>[Address Reference Count : 1]<UL><LI> arm_startup_nrf52.o(RESET)
</UL>
<P><STRONG><a name="[d]"></a>RADIO_IRQHandler</STRONG> (Thumb, 0 bytes, Stack size 0 bytes, arm_startup_nrf52.o(.text))
<BR>[Address Reference Count : 1]<UL><LI> arm_startup_nrf52.o(RESET)
</UL>
<P><STRONG><a name="[19]"></a>RNG_IRQHandler</STRONG> (Thumb, 0 bytes, Stack size 0 bytes, arm_startup_nrf52.o(.text))
<BR>[Address Reference Count : 1]<UL><LI> arm_startup_nrf52.o(RESET)
</UL>
<P><STRONG><a name="[17]"></a>RTC0_IRQHandler</STRONG> (Thumb, 0 bytes, Stack size 0 bytes, arm_startup_nrf52.o(.text))
<BR>[Address Reference Count : 1]<UL><LI> arm_startup_nrf52.o(RESET)
</UL>
<P><STRONG><a name="[1d]"></a>RTC1_IRQHandler</STRONG> (Thumb, 0 bytes, Stack size 0 bytes, arm_startup_nrf52.o(.text))
<BR>[Address Reference Count : 1]<UL><LI> arm_startup_nrf52.o(RESET)
</UL>
<P><STRONG><a name="[13]"></a>SAADC_IRQHandler</STRONG> (Thumb, 0 bytes, Stack size 0 bytes, arm_startup_nrf52.o(.text))
<BR>[Address Reference Count : 1]<UL><LI> arm_startup_nrf52.o(RESET)
</UL>
<P><STRONG><a name="[f]"></a>SPIM0_SPIS0_TWIM0_TWIS0_SPI0_TWI0_IRQHandler</STRONG> (Thumb, 0 bytes, Stack size 0 bytes, arm_startup_nrf52.o(.text))
<BR>[Address Reference Count : 1]<UL><LI> arm_startup_nrf52.o(RESET)
</UL>
<P><STRONG><a name="[10]"></a>SPIM1_SPIS1_TWIM1_TWIS1_SPI1_TWI1_IRQHandler</STRONG> (Thumb, 0 bytes, Stack size 0 bytes, arm_startup_nrf52.o(.text))
<BR>[Address Reference Count : 1]<UL><LI> arm_startup_nrf52.o(RESET)
</UL>
<P><STRONG><a name="[2d]"></a>SPIM2_SPIS2_SPI2_IRQHandler</STRONG> (Thumb, 0 bytes, Stack size 0 bytes, arm_startup_nrf52.o(.text))
<BR>[Address Reference Count : 1]<UL><LI> arm_startup_nrf52.o(RESET)
</UL>
<P><STRONG><a name="[20]"></a>SWI0_EGU0_IRQHandler</STRONG> (Thumb, 0 bytes, Stack size 0 bytes, arm_startup_nrf52.o(.text))
<BR>[Address Reference Count : 1]<UL><LI> arm_startup_nrf52.o(RESET)
</UL>
<P><STRONG><a name="[21]"></a>SWI1_EGU1_IRQHandler</STRONG> (Thumb, 0 bytes, Stack size 0 bytes, arm_startup_nrf52.o(.text))
<BR>[Address Reference Count : 1]<UL><LI> arm_startup_nrf52.o(RESET)
</UL>
<P><STRONG><a name="[23]"></a>SWI3_EGU3_IRQHandler</STRONG> (Thumb, 0 bytes, Stack size 0 bytes, arm_startup_nrf52.o(.text))
<BR>[Address Reference Count : 1]<UL><LI> arm_startup_nrf52.o(RESET)
</UL>
<P><STRONG><a name="[24]"></a>SWI4_EGU4_IRQHandler</STRONG> (Thumb, 0 bytes, Stack size 0 bytes, arm_startup_nrf52.o(.text))
<BR>[Address Reference Count : 1]<UL><LI> arm_startup_nrf52.o(RESET)
</UL>
<P><STRONG><a name="[25]"></a>SWI5_EGU5_IRQHandler</STRONG> (Thumb, 0 bytes, Stack size 0 bytes, arm_startup_nrf52.o(.text))
<BR>[Address Reference Count : 1]<UL><LI> arm_startup_nrf52.o(RESET)
</UL>
<P><STRONG><a name="[18]"></a>TEMP_IRQHandler</STRONG> (Thumb, 0 bytes, Stack size 0 bytes, arm_startup_nrf52.o(.text))
<BR>[Address Reference Count : 1]<UL><LI> arm_startup_nrf52.o(RESET)
</UL>
<P><STRONG><a name="[14]"></a>TIMER0_IRQHandler</STRONG> (Thumb, 0 bytes, Stack size 0 bytes, arm_startup_nrf52.o(.text))
<BR>[Address Reference Count : 1]<UL><LI> arm_startup_nrf52.o(RESET)
</UL>
<P><STRONG><a name="[15]"></a>TIMER1_IRQHandler</STRONG> (Thumb, 0 bytes, Stack size 0 bytes, arm_startup_nrf52.o(.text))
<BR>[Address Reference Count : 1]<UL><LI> arm_startup_nrf52.o(RESET)
</UL>
<P><STRONG><a name="[16]"></a>TIMER2_IRQHandler</STRONG> (Thumb, 0 bytes, Stack size 0 bytes, arm_startup_nrf52.o(.text))
<BR>[Address Reference Count : 1]<UL><LI> arm_startup_nrf52.o(RESET)
</UL>
<P><STRONG><a name="[26]"></a>TIMER3_IRQHandler</STRONG> (Thumb, 0 bytes, Stack size 0 bytes, arm_startup_nrf52.o(.text))
<BR>[Address Reference Count : 1]<UL><LI> arm_startup_nrf52.o(RESET)
</UL>
<P><STRONG><a name="[27]"></a>TIMER4_IRQHandler</STRONG> (Thumb, 0 bytes, Stack size 0 bytes, arm_startup_nrf52.o(.text))
<BR>[Address Reference Count : 1]<UL><LI> arm_startup_nrf52.o(RESET)
</UL>
<P><STRONG><a name="[e]"></a>UARTE0_UART0_IRQHandler</STRONG> (Thumb, 0 bytes, Stack size 0 bytes, arm_startup_nrf52.o(.text))
<BR>[Address Reference Count : 1]<UL><LI> arm_startup_nrf52.o(RESET)
</UL>
<P><STRONG><a name="[8d]"></a>__user_initial_stackheap</STRONG> (Thumb, 10 bytes, Stack size 0 bytes, arm_startup_nrf52.o(.text))
<BR><BR>[Called By]<UL><LI><a href="#[79]">&gt;&gt;</a>&nbsp;&nbsp;&nbsp;__user_setup_stackheap
</UL>

<P><STRONG><a name="[1af]"></a>__aeabi_llsl</STRONG> (Thumb, 0 bytes, Stack size 0 bytes, llshl.o(.text))
<BR><BR>[Called By]<UL><LI><a href="#[1ab]">&gt;&gt;</a>&nbsp;&nbsp;&nbsp;pb_decode_varint
</UL>

<P><STRONG><a name="[1f0]"></a>_ll_shift_l</STRONG> (Thumb, 38 bytes, Stack size 0 bytes, llshl.o(.text), UNUSED)

<P><STRONG><a name="[ca]"></a>memcmp</STRONG> (Thumb, 88 bytes, Stack size 8 bytes, memcmp.o(.text))
<BR><BR>[Stack]<UL><LI>Max Depth = 8<LI>Call Chain = memcmp
</UL>
<BR>[Called By]<UL><LI><a href="#[c8]">&gt;&gt;</a>&nbsp;&nbsp;&nbsp;bl_activate
<LI><a href="#[11e]">&gt;&gt;</a>&nbsp;&nbsp;&nbsp;nrf_dfu_validation_hash_ok
<LI><a href="#[17d]">&gt;&gt;</a>&nbsp;&nbsp;&nbsp;settings_write
</UL>

<P><STRONG><a name="[c4]"></a>__aeabi_memcpy</STRONG> (Thumb, 0 bytes, Stack size 0 bytes, rt_memcpy_v6.o(.text))
<BR><BR>[Called By]<UL><LI><a href="#[10e]">&gt;&gt;</a>&nbsp;&nbsp;&nbsp;nrf_dfu_settings_reinit
<LI><a href="#[da]">&gt;&gt;</a>&nbsp;&nbsp;&nbsp;nrf_dfu_settings_adv_name_copy
<LI><a href="#[dc]">&gt;&gt;</a>&nbsp;&nbsp;&nbsp;on_write
<LI><a href="#[1b4]">&gt;&gt;</a>&nbsp;&nbsp;&nbsp;postvalidate_sd_bl
<LI><a href="#[1b3]">&gt;&gt;</a>&nbsp;&nbsp;&nbsp;postvalidate_app
<LI><a href="#[180]">&gt;&gt;</a>&nbsp;&nbsp;&nbsp;nrf_dfu_validation_signature_check
<LI><a href="#[e9]">&gt;&gt;</a>&nbsp;&nbsp;&nbsp;boot_validation_extract
<LI><a href="#[17d]">&gt;&gt;</a>&nbsp;&nbsp;&nbsp;settings_write
<LI><a href="#[17b]">&gt;&gt;</a>&nbsp;&nbsp;&nbsp;settings_forbidden_parts_copy_from_backup
<LI><a href="#[182]">&gt;&gt;</a>&nbsp;&nbsp;&nbsp;nrf_dfu_validation_init_cmd_append
<LI><a href="#[c0]">&gt;&gt;</a>&nbsp;&nbsp;&nbsp;app_sched_event_put
<LI><a href="#[55]">&gt;&gt;</a>&nbsp;&nbsp;&nbsp;read
<LI><a href="#[4d]">&gt;&gt;</a>&nbsp;&nbsp;&nbsp;read
<LI><a href="#[1b0]">&gt;&gt;</a>&nbsp;&nbsp;&nbsp;pb_field_set_to_default
</UL>

<P><STRONG><a name="[85]"></a>__rt_memcpy</STRONG> (Thumb, 138 bytes, Stack size 0 bytes, rt_memcpy_v6.o(.text), UNUSED)
<BR><BR>[Calls]<UL><LI><a href="#[86]">&gt;&gt;</a>&nbsp;&nbsp;&nbsp;__aeabi_memcpy4
</UL>

<P><STRONG><a name="[1f1]"></a>_memcpy_lastbytes</STRONG> (Thumb, 0 bytes, Stack size unknown bytes, rt_memcpy_v6.o(.text), UNUSED)

<P><STRONG><a name="[86]"></a>__aeabi_memcpy4</STRONG> (Thumb, 0 bytes, Stack size 8 bytes, rt_memcpy_w.o(.text))
<BR><BR>[Stack]<UL><LI>Max Depth = 8<LI>Call Chain = __aeabi_memcpy4
</UL>
<BR>[Called By]<UL><LI><a href="#[10e]">&gt;&gt;</a>&nbsp;&nbsp;&nbsp;nrf_dfu_settings_reinit
<LI><a href="#[173]">&gt;&gt;</a>&nbsp;&nbsp;&nbsp;nrf_dfu_req_handler_req_process
<LI><a href="#[dc]">&gt;&gt;</a>&nbsp;&nbsp;&nbsp;on_write
<LI><a href="#[de]">&gt;&gt;</a>&nbsp;&nbsp;&nbsp;on_ctrl_pt_write
<LI><a href="#[ce]">&gt;&gt;</a>&nbsp;&nbsp;&nbsp;dfu_pkt_char_add
<LI><a href="#[cf]">&gt;&gt;</a>&nbsp;&nbsp;&nbsp;dfu_ctrl_pt_add
<LI><a href="#[b6]">&gt;&gt;</a>&nbsp;&nbsp;&nbsp;advertising_start
<LI><a href="#[1b4]">&gt;&gt;</a>&nbsp;&nbsp;&nbsp;postvalidate_sd_bl
<LI><a href="#[41]">&gt;&gt;</a>&nbsp;&nbsp;&nbsp;on_data_obj_execute_request_sched
<LI><a href="#[85]">&gt;&gt;</a>&nbsp;&nbsp;&nbsp;__rt_memcpy
</UL>

<P><STRONG><a name="[1f2]"></a>__aeabi_memcpy8</STRONG> (Thumb, 0 bytes, Stack size 8 bytes, rt_memcpy_w.o(.text), UNUSED)

<P><STRONG><a name="[1f3]"></a>__rt_memcpy_w</STRONG> (Thumb, 100 bytes, Stack size 8 bytes, rt_memcpy_w.o(.text), UNUSED)

<P><STRONG><a name="[1f4]"></a>_memcpy_lastbytes_aligned</STRONG> (Thumb, 0 bytes, Stack size unknown bytes, rt_memcpy_w.o(.text), UNUSED)

<P><STRONG><a name="[87]"></a>memset</STRONG> (Thumb, 22 bytes, Stack size 8 bytes, memset.o(.text))
<BR><BR>[Stack]<UL><LI>Max Depth = 8 + Unknown Stack Size
<LI>Call Chain = memset
</UL>
<BR>[Calls]<UL><LI><a href="#[88]">&gt;&gt;</a>&nbsp;&nbsp;&nbsp;_memset
</UL>
<BR>[Called By]<UL><LI><a href="#[64]">&gt;&gt;</a>&nbsp;&nbsp;&nbsp;x_side_default
</UL>

<P><STRONG><a name="[89]"></a>__aeabi_memset</STRONG> (Thumb, 16 bytes, Stack size 0 bytes, aeabi_memset.o(.text))
<BR><BR>[Calls]<UL><LI><a href="#[88]">&gt;&gt;</a>&nbsp;&nbsp;&nbsp;_memset
</UL>
<BR>[Called By]<UL><LI><a href="#[110]">&gt;&gt;</a>&nbsp;&nbsp;&nbsp;dfu_progress_reset
</UL>

<P><STRONG><a name="[ea]"></a>__aeabi_memclr</STRONG> (Thumb, 0 bytes, Stack size 0 bytes, rt_memclr.o(.text))
<BR><BR>[Called By]<UL><LI><a href="#[e9]">&gt;&gt;</a>&nbsp;&nbsp;&nbsp;boot_validation_extract
<LI><a href="#[1b0]">&gt;&gt;</a>&nbsp;&nbsp;&nbsp;pb_field_set_to_default
<LI><a href="#[105]">&gt;&gt;</a>&nbsp;&nbsp;&nbsp;decode_static_field
</UL>

<P><STRONG><a name="[8a]"></a>__rt_memclr</STRONG> (Thumb, 68 bytes, Stack size 0 bytes, rt_memclr.o(.text), UNUSED)
<BR><BR>[Calls]<UL><LI><a href="#[8b]">&gt;&gt;</a>&nbsp;&nbsp;&nbsp;_memset_w
</UL>

<P><STRONG><a name="[88]"></a>_memset</STRONG> (Thumb, 0 bytes, Stack size unknown bytes, rt_memclr.o(.text))
<BR><BR>[Called By]<UL><LI><a href="#[89]">&gt;&gt;</a>&nbsp;&nbsp;&nbsp;__aeabi_memset
<LI><a href="#[87]">&gt;&gt;</a>&nbsp;&nbsp;&nbsp;memset
</UL>

<P><STRONG><a name="[d0]"></a>__aeabi_memclr4</STRONG> (Thumb, 0 bytes, Stack size 4 bytes, rt_memclr_w.o(.text))
<BR><BR>[Stack]<UL><LI>Max Depth = 4<LI>Call Chain = __aeabi_memclr4
</UL>
<BR>[Called By]<UL><LI><a href="#[10e]">&gt;&gt;</a>&nbsp;&nbsp;&nbsp;nrf_dfu_settings_reinit
<LI><a href="#[49]">&gt;&gt;</a>&nbsp;&nbsp;&nbsp;ble_dfu_req_handler_callback
<LI><a href="#[19f]">&gt;&gt;</a>&nbsp;&nbsp;&nbsp;sha256_final
<LI><a href="#[181]">&gt;&gt;</a>&nbsp;&nbsp;&nbsp;stored_init_cmd_decode
<LI><a href="#[1b4]">&gt;&gt;</a>&nbsp;&nbsp;&nbsp;postvalidate_sd_bl
<LI><a href="#[180]">&gt;&gt;</a>&nbsp;&nbsp;&nbsp;nrf_dfu_validation_signature_check
<LI><a href="#[11e]">&gt;&gt;</a>&nbsp;&nbsp;&nbsp;nrf_dfu_validation_hash_ok
<LI><a href="#[110]">&gt;&gt;</a>&nbsp;&nbsp;&nbsp;dfu_progress_reset
<LI><a href="#[e9]">&gt;&gt;</a>&nbsp;&nbsp;&nbsp;boot_validation_extract
<LI><a href="#[56]">&gt;&gt;</a>&nbsp;&nbsp;&nbsp;write
<LI><a href="#[54]">&gt;&gt;</a>&nbsp;&nbsp;&nbsp;uninit
<LI><a href="#[118]">&gt;&gt;</a>&nbsp;&nbsp;&nbsp;event_send
<LI><a href="#[57]">&gt;&gt;</a>&nbsp;&nbsp;&nbsp;erase
<LI><a href="#[114]">&gt;&gt;</a>&nbsp;&nbsp;&nbsp;event_send
</UL>

<P><STRONG><a name="[1f5]"></a>__aeabi_memclr8</STRONG> (Thumb, 0 bytes, Stack size 4 bytes, rt_memclr_w.o(.text), UNUSED)

<P><STRONG><a name="[1f6]"></a>__rt_memclr_w</STRONG> (Thumb, 78 bytes, Stack size 4 bytes, rt_memclr_w.o(.text), UNUSED)

<P><STRONG><a name="[8b]"></a>_memset_w</STRONG> (Thumb, 0 bytes, Stack size unknown bytes, rt_memclr_w.o(.text), UNUSED)
<BR><BR>[Called By]<UL><LI><a href="#[8a]">&gt;&gt;</a>&nbsp;&nbsp;&nbsp;__rt_memclr
</UL>

<P><STRONG><a name="[1f7]"></a>__use_two_region_memory</STRONG> (Thumb, 2 bytes, Stack size 0 bytes, heapauxi.o(.text), UNUSED)

<P><STRONG><a name="[1f8]"></a>__rt_heap_escrow$2region</STRONG> (Thumb, 2 bytes, Stack size 0 bytes, heapauxi.o(.text), UNUSED)

<P><STRONG><a name="[1f9]"></a>__rt_heap_expand$2region</STRONG> (Thumb, 2 bytes, Stack size 0 bytes, heapauxi.o(.text), UNUSED)

<P><STRONG><a name="[79]"></a>__user_setup_stackheap</STRONG> (Thumb, 74 bytes, Stack size 8 bytes, sys_stackheap_outer.o(.text))
<BR><BR>[Stack]<UL><LI>Max Depth = 8<LI>Call Chain = __user_setup_stackheap
</UL>
<BR>[Calls]<UL><LI><a href="#[8d]">&gt;&gt;</a>&nbsp;&nbsp;&nbsp;__user_initial_stackheap
<LI><a href="#[8c]">&gt;&gt;</a>&nbsp;&nbsp;&nbsp;__user_perproc_libspace
</UL>
<BR>[Called By]<UL><LI><a href="#[78]">&gt;&gt;</a>&nbsp;&nbsp;&nbsp;__rt_entry_sh
</UL>

<P><STRONG><a name="[7e]"></a>exit</STRONG> (Thumb, 18 bytes, Stack size 8 bytes, exit.o(.text))
<BR><BR>[Stack]<UL><LI>Max Depth = 8 + Unknown Stack Size
<LI>Call Chain = exit
</UL>
<BR>[Calls]<UL><LI><a href="#[8e]">&gt;&gt;</a>&nbsp;&nbsp;&nbsp;__rt_exit
</UL>
<BR>[Called By]<UL><LI><a href="#[7c]">&gt;&gt;</a>&nbsp;&nbsp;&nbsp;__rt_entry_main
</UL>

<P><STRONG><a name="[1fa]"></a>__user_libspace</STRONG> (Thumb, 8 bytes, Stack size 0 bytes, libspace.o(.text), UNUSED)

<P><STRONG><a name="[8c]"></a>__user_perproc_libspace</STRONG> (Thumb, 0 bytes, Stack size 0 bytes, libspace.o(.text))
<BR><BR>[Called By]<UL><LI><a href="#[79]">&gt;&gt;</a>&nbsp;&nbsp;&nbsp;__user_setup_stackheap
</UL>

<P><STRONG><a name="[1fb]"></a>__user_perthread_libspace</STRONG> (Thumb, 0 bytes, Stack size 0 bytes, libspace.o(.text), UNUSED)

<P><STRONG><a name="[82]"></a>_sys_exit</STRONG> (Thumb, 8 bytes, Stack size 0 bytes, sys_exit.o(.text))
<BR><BR>[Called By]<UL><LI><a href="#[81]">&gt;&gt;</a>&nbsp;&nbsp;&nbsp;__rt_exit_exit
</UL>

<P><STRONG><a name="[1fc]"></a>__I$use$semihosting</STRONG> (Thumb, 0 bytes, Stack size 0 bytes, use_no_semi.o(.text), UNUSED)

<P><STRONG><a name="[1fd]"></a>__use_no_semihosting_swi</STRONG> (Thumb, 2 bytes, Stack size 0 bytes, use_no_semi.o(.text), UNUSED)

<P><STRONG><a name="[1fe]"></a>__semihosting_library_function</STRONG> (Thumb, 0 bytes, Stack size 288 bytes, indicate_semi.o(.text), UNUSED)

<P><STRONG><a name="[48]"></a>uECC_secp256r1</STRONG> (Thumb, 8 bytes, Stack size 0 bytes, uECC.c.o(.text.uECC_secp256r1))
<BR>[Address Reference Count : 1]<UL><LI> micro_ecc_backend_ecc.o(.constdata)
</UL>
<P><STRONG><a name="[9e]"></a>uECC_verify</STRONG> (Thumb, 740 bytes, Stack size 1888 bytes, uECC.c.o(.text.uECC_verify))
<BR><BR>[Stack]<UL><LI>Max Depth = 3024<LI>Call Chain = uECC_verify &rArr; uECC_vli_modMult &rArr; uECC_vli_mult
</UL>
<BR>[Calls]<UL><LI><a href="#[9f]">&gt;&gt;</a>&nbsp;&nbsp;&nbsp;uECC_vli_modInv
<LI><a href="#[95]">&gt;&gt;</a>&nbsp;&nbsp;&nbsp;bits2int
<LI><a href="#[8f]">&gt;&gt;</a>&nbsp;&nbsp;&nbsp;XYcZ_add
<LI><a href="#[94]">&gt;&gt;</a>&nbsp;&nbsp;&nbsp;apply_z
<LI><a href="#[92]">&gt;&gt;</a>&nbsp;&nbsp;&nbsp;uECC_vli_modMult_fast
<LI><a href="#[a0]">&gt;&gt;</a>&nbsp;&nbsp;&nbsp;uECC_vli_modMult
<LI><a href="#[90]">&gt;&gt;</a>&nbsp;&nbsp;&nbsp;uECC_vli_modSub
<LI><a href="#[98]">&gt;&gt;</a>&nbsp;&nbsp;&nbsp;uECC_vli_cmp_unsafe
<LI><a href="#[93]">&gt;&gt;</a>&nbsp;&nbsp;&nbsp;uECC_vli_set
<LI><a href="#[a1]">&gt;&gt;</a>&nbsp;&nbsp;&nbsp;uECC_vli_numBits
<LI><a href="#[a2]">&gt;&gt;</a>&nbsp;&nbsp;&nbsp;uECC_vli_testBit
<LI><a href="#[9a]">&gt;&gt;</a>&nbsp;&nbsp;&nbsp;uECC_vli_isZero
<LI><a href="#[96]">&gt;&gt;</a>&nbsp;&nbsp;&nbsp;uECC_vli_clear
<LI><a href="#[99]">&gt;&gt;</a>&nbsp;&nbsp;&nbsp;uECC_vli_sub
<LI><a href="#[97]">&gt;&gt;</a>&nbsp;&nbsp;&nbsp;bcopy
</UL>
<BR>[Called By]<UL><LI><a href="#[3b]">&gt;&gt;</a>&nbsp;&nbsp;&nbsp;nrf_crypto_backend_micro_ecc_verify
</UL>

<P><STRONG><a name="[2e]"></a>RTC2_IRQHandler</STRONG> (Thumb, 100 bytes, Stack size 8 bytes, nrf_bootloader_dfu_timers.o(i.RTC2_IRQHandler))
<BR><BR>[Stack]<UL><LI>Max Depth = 72<LI>Call Chain = RTC2_IRQHandler &rArr; timer_fire &rArr; timer_activate &rArr; rtc_update &rArr; nrf_rtc_event_clear
</UL>
<BR>[Calls]<UL><LI><a href="#[a7]">&gt;&gt;</a>&nbsp;&nbsp;&nbsp;timer_stop
<LI><a href="#[a8]">&gt;&gt;</a>&nbsp;&nbsp;&nbsp;timer_fire
<LI><a href="#[a5]">&gt;&gt;</a>&nbsp;&nbsp;&nbsp;nrf_rtc_event_pending
<LI><a href="#[a6]">&gt;&gt;</a>&nbsp;&nbsp;&nbsp;nrf_rtc_event_clear
</UL>
<BR>[Address Reference Count : 1]<UL><LI> arm_startup_nrf52.o(RESET)
</UL>
<P><STRONG><a name="[22]"></a>SWI2_EGU2_IRQHandler</STRONG> (Thumb, 8 bytes, Stack size 8 bytes, nrf_sdh.o(i.SWI2_EGU2_IRQHandler))
<BR><BR>[Stack]<UL><LI>Max Depth = 48<LI>Call Chain = SWI2_EGU2_IRQHandler &rArr; nrf_sdh_evts_poll &rArr; nrf_section_iter_init
</UL>
<BR>[Calls]<UL><LI><a href="#[a9]">&gt;&gt;</a>&nbsp;&nbsp;&nbsp;nrf_sdh_evts_poll
</UL>
<BR>[Address Reference Count : 1]<UL><LI> arm_startup_nrf52.o(RESET)
</UL>
<P><STRONG><a name="[b5]"></a>SystemCoreClockUpdate</STRONG> (Thumb, 8 bytes, Stack size 0 bytes, system_nrf52.o(i.SystemCoreClockUpdate))
<BR><BR>[Called By]<UL><LI><a href="#[31]">&gt;&gt;</a>&nbsp;&nbsp;&nbsp;SystemInit
</UL>

<P><STRONG><a name="[31]"></a>SystemInit</STRONG> (Thumb, 596 bytes, Stack size 8 bytes, system_nrf52.o(i.SystemInit))
<BR><BR>[Stack]<UL><LI>Max Depth = 8<LI>Call Chain = SystemInit
</UL>
<BR>[Calls]<UL><LI><a href="#[b4]">&gt;&gt;</a>&nbsp;&nbsp;&nbsp;errata_182
<LI><a href="#[ab]">&gt;&gt;</a>&nbsp;&nbsp;&nbsp;errata_16
<LI><a href="#[b3]">&gt;&gt;</a>&nbsp;&nbsp;&nbsp;errata_136
<LI><a href="#[aa]">&gt;&gt;</a>&nbsp;&nbsp;&nbsp;errata_12
<LI><a href="#[b2]">&gt;&gt;</a>&nbsp;&nbsp;&nbsp;errata_108
<LI><a href="#[b5]">&gt;&gt;</a>&nbsp;&nbsp;&nbsp;SystemCoreClockUpdate
<LI><a href="#[b1]">&gt;&gt;</a>&nbsp;&nbsp;&nbsp;errata_66
<LI><a href="#[b0]">&gt;&gt;</a>&nbsp;&nbsp;&nbsp;errata_57
<LI><a href="#[af]">&gt;&gt;</a>&nbsp;&nbsp;&nbsp;errata_37
<LI><a href="#[ae]">&gt;&gt;</a>&nbsp;&nbsp;&nbsp;errata_36
<LI><a href="#[ad]">&gt;&gt;</a>&nbsp;&nbsp;&nbsp;errata_32
<LI><a href="#[ac]">&gt;&gt;</a>&nbsp;&nbsp;&nbsp;errata_31
</UL>
<BR>[Address Reference Count : 1]<UL><LI> arm_startup_nrf52.o(.text)
</UL>
<P><STRONG><a name="[1c]"></a>WDT_IRQHandler</STRONG> (Thumb, 28 bytes, Stack size 8 bytes, nrf_bootloader_wdt.o(i.WDT_IRQHandler))
<BR><BR>[Stack]<UL><LI>Max Depth = 8<LI>Call Chain = WDT_IRQHandler
</UL>
<BR>[Address Reference Count : 1]<UL><LI> arm_startup_nrf52.o(RESET)
</UL>
<P><STRONG><a name="[40]"></a>app_error_fault_handler</STRONG> (Thumb, 4 bytes, Stack size 0 bytes, main.o(i.app_error_fault_handler))
<BR><BR>[Calls]<UL><LI><a href="#[bc]">&gt;&gt;</a>&nbsp;&nbsp;&nbsp;on_error
</UL>
<BR>[Address Reference Count : 1]<UL><LI> nrf_sdh.o(i.nrf_sdh_enable_request)
</UL>
<P><STRONG><a name="[bd]"></a>app_error_handler_bare</STRONG> (Thumb, 4 bytes, Stack size 0 bytes, main.o(i.app_error_handler_bare))
<BR><BR>[Calls]<UL><LI><a href="#[bc]">&gt;&gt;</a>&nbsp;&nbsp;&nbsp;on_error
</UL>
<BR>[Called By]<UL><LI><a href="#[13d]">&gt;&gt;</a>&nbsp;&nbsp;&nbsp;nrf_bootloader_app_start_final
<LI><a href="#[146]">&gt;&gt;</a>&nbsp;&nbsp;&nbsp;scheduler_init
<LI><a href="#[7d]">&gt;&gt;</a>&nbsp;&nbsp;&nbsp;main
<LI><a href="#[68]">&gt;&gt;</a>&nbsp;&nbsp;&nbsp;ble_evt_handler
<LI><a href="#[6c]">&gt;&gt;</a>&nbsp;&nbsp;&nbsp;nrf_sdh_soc_evts_poll
<LI><a href="#[6b]">&gt;&gt;</a>&nbsp;&nbsp;&nbsp;nrf_sdh_ble_evts_poll
<LI><a href="#[19c]">&gt;&gt;</a>&nbsp;&nbsp;&nbsp;softdevices_evt_irq_enable
<LI><a href="#[19b]">&gt;&gt;</a>&nbsp;&nbsp;&nbsp;softdevice_evt_irq_disable
</UL>

<P><STRONG><a name="[c0]"></a>app_sched_event_put</STRONG> (Thumb, 164 bytes, Stack size 32 bytes, app_scheduler.o(i.app_sched_event_put))
<BR><BR>[Stack]<UL><LI>Max Depth = 56<LI>Call Chain = app_sched_event_put &rArr; app_util_critical_region_enter &rArr; sd_nvic_critical_region_enter
</UL>
<BR>[Calls]<UL><LI><a href="#[c3]">&gt;&gt;</a>&nbsp;&nbsp;&nbsp;app_util_critical_region_exit
<LI><a href="#[c1]">&gt;&gt;</a>&nbsp;&nbsp;&nbsp;app_util_critical_region_enter
<LI><a href="#[c2]">&gt;&gt;</a>&nbsp;&nbsp;&nbsp;next_index
<LI><a href="#[c4]">&gt;&gt;</a>&nbsp;&nbsp;&nbsp;__aeabi_memcpy
</UL>
<BR>[Called By]<UL><LI><a href="#[172]">&gt;&gt;</a>&nbsp;&nbsp;&nbsp;nrf_dfu_req_handler_on_req
<LI><a href="#[41]">&gt;&gt;</a>&nbsp;&nbsp;&nbsp;on_data_obj_execute_request_sched
</UL>

<P><STRONG><a name="[c5]"></a>app_sched_execute</STRONG> (Thumb, 94 bytes, Stack size 24 bytes, app_scheduler.o(i.app_sched_execute))
<BR><BR>[Stack]<UL><LI>Max Depth = 24<LI>Call Chain = app_sched_execute
</UL>
<BR>[Calls]<UL><LI><a href="#[c2]">&gt;&gt;</a>&nbsp;&nbsp;&nbsp;next_index
</UL>
<BR>[Called By]<UL><LI><a href="#[128]">&gt;&gt;</a>&nbsp;&nbsp;&nbsp;loop_forever
</UL>

<P><STRONG><a name="[1be]"></a>app_sched_init</STRONG> (Thumb, 66 bytes, Stack size 12 bytes, app_scheduler.o(i.app_sched_init))
<BR><BR>[Stack]<UL><LI>Max Depth = 12<LI>Call Chain = app_sched_init
</UL>
<BR>[Called By]<UL><LI><a href="#[146]">&gt;&gt;</a>&nbsp;&nbsp;&nbsp;scheduler_init
</UL>

<P><STRONG><a name="[c1]"></a>app_util_critical_region_enter</STRONG> (Thumb, 12 bytes, Stack size 8 bytes, app_util_platform.o(i.app_util_critical_region_enter))
<BR><BR>[Stack]<UL><LI>Max Depth = 24<LI>Call Chain = app_util_critical_region_enter &rArr; sd_nvic_critical_region_enter
</UL>
<BR>[Calls]<UL><LI><a href="#[c6]">&gt;&gt;</a>&nbsp;&nbsp;&nbsp;sd_nvic_critical_region_enter
</UL>
<BR>[Called By]<UL><LI><a href="#[e2]">&gt;&gt;</a>&nbsp;&nbsp;&nbsp;nrf_sdh_enable_request
<LI><a href="#[d6]">&gt;&gt;</a>&nbsp;&nbsp;&nbsp;nrf_sdh_disable_request
<LI><a href="#[139]">&gt;&gt;</a>&nbsp;&nbsp;&nbsp;nrf_balloc_free
<LI><a href="#[137]">&gt;&gt;</a>&nbsp;&nbsp;&nbsp;nrf_balloc_alloc
<LI><a href="#[c0]">&gt;&gt;</a>&nbsp;&nbsp;&nbsp;app_sched_event_put
</UL>

<P><STRONG><a name="[c3]"></a>app_util_critical_region_exit</STRONG> (Thumb, 62 bytes, Stack size 16 bytes, app_util_platform.o(i.app_util_critical_region_exit))
<BR><BR>[Stack]<UL><LI>Max Depth = 16<LI>Call Chain = app_util_critical_region_exit
</UL>
<BR>[Calls]<UL><LI><a href="#[c7]">&gt;&gt;</a>&nbsp;&nbsp;&nbsp;__sd_nvic_irq_disable
</UL>
<BR>[Called By]<UL><LI><a href="#[e2]">&gt;&gt;</a>&nbsp;&nbsp;&nbsp;nrf_sdh_enable_request
<LI><a href="#[d6]">&gt;&gt;</a>&nbsp;&nbsp;&nbsp;nrf_sdh_disable_request
<LI><a href="#[139]">&gt;&gt;</a>&nbsp;&nbsp;&nbsp;nrf_balloc_free
<LI><a href="#[137]">&gt;&gt;</a>&nbsp;&nbsp;&nbsp;nrf_balloc_alloc
<LI><a href="#[c0]">&gt;&gt;</a>&nbsp;&nbsp;&nbsp;app_sched_event_put
</UL>

<P><STRONG><a name="[cd]"></a>ble_dfu_init</STRONG> (Thumb, 120 bytes, Stack size 32 bytes, nrf_dfu_ble.o(i.ble_dfu_init))
<BR><BR>[Stack]<UL><LI>Max Depth = 104<LI>Call Chain = ble_dfu_init &rArr; dfu_pkt_char_add &rArr; __aeabi_memcpy4
</UL>
<BR>[Calls]<UL><LI><a href="#[ce]">&gt;&gt;</a>&nbsp;&nbsp;&nbsp;dfu_pkt_char_add
<LI><a href="#[cf]">&gt;&gt;</a>&nbsp;&nbsp;&nbsp;dfu_ctrl_pt_add
</UL>
<BR>[Called By]<UL><LI><a href="#[66]">&gt;&gt;</a>&nbsp;&nbsp;&nbsp;ble_dfu_transport_init
</UL>

<P><STRONG><a name="[67]"></a>ble_dfu_transport_close</STRONG> (Thumb, 134 bytes, Stack size 32 bytes, nrf_dfu_ble.o(i.ble_dfu_transport_close))
<BR><BR>[Stack]<UL><LI>Max Depth = 96<LI>Call Chain = ble_dfu_transport_close &rArr; nrf_sdh_disable_request &rArr; sdh_state_observer_notify &rArr; nrf_section_iter_init
</UL>
<BR>[Calls]<UL><LI><a href="#[d6]">&gt;&gt;</a>&nbsp;&nbsp;&nbsp;nrf_sdh_disable_request
</UL>
<BR>[Address Reference Count : 1]<UL><LI> nrf_dfu_ble.o(dfu_trans)
</UL>
<P><STRONG><a name="[66]"></a>ble_dfu_transport_init</STRONG> (Thumb, 140 bytes, Stack size 16 bytes, nrf_dfu_ble.o(i.ble_dfu_transport_init))
<BR><BR>[Stack]<UL><LI>Max Depth = 120<LI>Call Chain = ble_dfu_transport_init &rArr; ble_dfu_init &rArr; dfu_pkt_char_add &rArr; __aeabi_memcpy4
</UL>
<BR>[Calls]<UL><LI><a href="#[d9]">&gt;&gt;</a>&nbsp;&nbsp;&nbsp;nrf_dfu_settings_adv_name_is_valid
<LI><a href="#[da]">&gt;&gt;</a>&nbsp;&nbsp;&nbsp;nrf_dfu_settings_adv_name_copy
<LI><a href="#[d7]">&gt;&gt;</a>&nbsp;&nbsp;&nbsp;nrf_balloc_init
<LI><a href="#[cd]">&gt;&gt;</a>&nbsp;&nbsp;&nbsp;ble_dfu_init
<LI><a href="#[db]">&gt;&gt;</a>&nbsp;&nbsp;&nbsp;gap_params_init
<LI><a href="#[d8]">&gt;&gt;</a>&nbsp;&nbsp;&nbsp;ble_stack_init
<LI><a href="#[b6]">&gt;&gt;</a>&nbsp;&nbsp;&nbsp;advertising_start
</UL>
<BR>[Address Reference Count : 1]<UL><LI> nrf_dfu_ble.o(dfu_trans)
</UL>
<P><STRONG><a name="[df]"></a>ble_srv_is_notification_enabled</STRONG> (Thumb, 18 bytes, Stack size 16 bytes, ble_srv_common.o(i.ble_srv_is_notification_enabled))
<BR><BR>[Stack]<UL><LI>Max Depth = 16<LI>Call Chain = ble_srv_is_notification_enabled
</UL>
<BR>[Calls]<UL><LI><a href="#[e0]">&gt;&gt;</a>&nbsp;&nbsp;&nbsp;uint16_decode
</UL>
<BR>[Called By]<UL><LI><a href="#[126]">&gt;&gt;</a>&nbsp;&nbsp;&nbsp;is_cccd_configured
</UL>

<P><STRONG><a name="[f0]"></a>bsp_board_init</STRONG> (Thumb, 26 bytes, Stack size 8 bytes, boards.o(i.bsp_board_init))
<BR><BR>[Stack]<UL><LI>Max Depth = 56<LI>Call Chain = bsp_board_init &rArr; bsp_board_leds_init &rArr; bsp_board_leds_off &rArr; bsp_board_led_off &rArr; nrf_gpio_pin_write
</UL>
<BR>[Calls]<UL><LI><a href="#[f1]">&gt;&gt;</a>&nbsp;&nbsp;&nbsp;bsp_board_leds_init
<LI><a href="#[ee]">&gt;&gt;</a>&nbsp;&nbsp;&nbsp;bsp_board_buttons_init
</UL>
<BR>[Called By]<UL><LI><a href="#[35]">&gt;&gt;</a>&nbsp;&nbsp;&nbsp;dfu_observer
</UL>

<P><STRONG><a name="[f2]"></a>bsp_board_led_off</STRONG> (Thumb, 16 bytes, Stack size 8 bytes, boards.o(i.bsp_board_led_off))
<BR><BR>[Stack]<UL><LI>Max Depth = 16<LI>Call Chain = bsp_board_led_off &rArr; nrf_gpio_pin_write
</UL>
<BR>[Calls]<UL><LI><a href="#[f3]">&gt;&gt;</a>&nbsp;&nbsp;&nbsp;nrf_gpio_pin_write
</UL>
<BR>[Called By]<UL><LI><a href="#[f5]">&gt;&gt;</a>&nbsp;&nbsp;&nbsp;bsp_board_leds_off
<LI><a href="#[35]">&gt;&gt;</a>&nbsp;&nbsp;&nbsp;dfu_observer
</UL>

<P><STRONG><a name="[f4]"></a>bsp_board_led_on</STRONG> (Thumb, 16 bytes, Stack size 8 bytes, boards.o(i.bsp_board_led_on))
<BR><BR>[Stack]<UL><LI>Max Depth = 16<LI>Call Chain = bsp_board_led_on &rArr; nrf_gpio_pin_write
</UL>
<BR>[Calls]<UL><LI><a href="#[f3]">&gt;&gt;</a>&nbsp;&nbsp;&nbsp;nrf_gpio_pin_write
</UL>
<BR>[Called By]<UL><LI><a href="#[35]">&gt;&gt;</a>&nbsp;&nbsp;&nbsp;dfu_observer
</UL>

<P><STRONG><a name="[f5]"></a>bsp_board_leds_off</STRONG> (Thumb, 20 bytes, Stack size 8 bytes, boards.o(i.bsp_board_leds_off))
<BR><BR>[Stack]<UL><LI>Max Depth = 24<LI>Call Chain = bsp_board_leds_off &rArr; bsp_board_led_off &rArr; nrf_gpio_pin_write
</UL>
<BR>[Calls]<UL><LI><a href="#[f2]">&gt;&gt;</a>&nbsp;&nbsp;&nbsp;bsp_board_led_off
</UL>
<BR>[Called By]<UL><LI><a href="#[f1]">&gt;&gt;</a>&nbsp;&nbsp;&nbsp;bsp_board_leds_init
</UL>

<P><STRONG><a name="[bb]"></a>crc32_compute</STRONG> (Thumb, 70 bytes, Stack size 20 bytes, crc32.o(i.crc32_compute))
<BR><BR>[Stack]<UL><LI>Max Depth = 20<LI>Call Chain = crc32_compute
</UL>
<BR>[Called By]<UL><LI><a href="#[e6]">&gt;&gt;</a>&nbsp;&nbsp;&nbsp;nrf_dfu_validation_boot_validate
<LI><a href="#[b8]">&gt;&gt;</a>&nbsp;&nbsp;&nbsp;app_activate
<LI><a href="#[d9]">&gt;&gt;</a>&nbsp;&nbsp;&nbsp;nrf_dfu_settings_adv_name_is_valid
<LI><a href="#[17f]">&gt;&gt;</a>&nbsp;&nbsp;&nbsp;postvalidate
<LI><a href="#[e9]">&gt;&gt;</a>&nbsp;&nbsp;&nbsp;boot_validation_extract
<LI><a href="#[176]">&gt;&gt;</a>&nbsp;&nbsp;&nbsp;nrf_dfu_settings_adv_name_write
<LI><a href="#[f7]">&gt;&gt;</a>&nbsp;&nbsp;&nbsp;settings_crc_get
<LI><a href="#[e7]">&gt;&gt;</a>&nbsp;&nbsp;&nbsp;boot_validation_crc
<LI><a href="#[182]">&gt;&gt;</a>&nbsp;&nbsp;&nbsp;nrf_dfu_validation_init_cmd_append
<LI><a href="#[164]">&gt;&gt;</a>&nbsp;&nbsp;&nbsp;on_data_obj_write_request
</UL>

<P><STRONG><a name="[6f]"></a>dfu_fstorage_evt_handler</STRONG> (Thumb, 18 bytes, Stack size 8 bytes, nrf_dfu_flash.o(i.dfu_fstorage_evt_handler))
<BR><BR>[Stack]<UL><LI>Max Depth = 8<LI>Call Chain = dfu_fstorage_evt_handler
</UL>
<BR>[Address Reference Count : 1]<UL><LI> nrf_dfu_flash.o(fs_data)
</UL>
<P><STRONG><a name="[1bb]"></a>ext_error_get</STRONG> (Thumb, 12 bytes, Stack size 0 bytes, nrf_dfu_handling_error.o(i.ext_error_get))
<BR><BR>[Called By]<UL><LI><a href="#[d2]">&gt;&gt;</a>&nbsp;&nbsp;&nbsp;response_ext_err_payload_add
</UL>

<P><STRONG><a name="[11a]"></a>ext_error_set</STRONG> (Thumb, 10 bytes, Stack size 0 bytes, nrf_dfu_handling_error.o(i.ext_error_set))
<BR><BR>[Called By]<UL><LI><a href="#[119]">&gt;&gt;</a>&nbsp;&nbsp;&nbsp;ext_err_code_handle
<LI><a href="#[d2]">&gt;&gt;</a>&nbsp;&nbsp;&nbsp;response_ext_err_payload_add
<LI><a href="#[16d]">&gt;&gt;</a>&nbsp;&nbsp;&nbsp;nrf_dfu_req_handler_init
</UL>

<P><STRONG><a name="[11d]"></a>fw_hash_ok</STRONG> (Thumb, 24 bytes, Stack size 16 bytes, nrf_dfu_validation.o(i.fw_hash_ok))
<BR><BR>[Stack]<UL><LI>Max Depth = 312<LI>Call Chain = fw_hash_ok &rArr; nrf_dfu_validation_hash_ok &rArr; crypto_init &rArr; nrf_crypto_ecc_public_key_from_raw
</UL>
<BR>[Calls]<UL><LI><a href="#[11e]">&gt;&gt;</a>&nbsp;&nbsp;&nbsp;nrf_dfu_validation_hash_ok
</UL>
<BR>[Called By]<UL><LI><a href="#[17f]">&gt;&gt;</a>&nbsp;&nbsp;&nbsp;postvalidate
</UL>

<P><STRONG><a name="[7d]"></a>main</STRONG> (Thumb, 100 bytes, Stack size 0 bytes, main.o(i.main))
<BR><BR>[Stack]<UL><LI>Max Depth = 464 + Unknown Stack Size
<LI>Call Chain = main &rArr; nrf_bootloader_init &rArr; nrf_dfu_init &rArr; nrf_dfu_req_handler_init &rArr; nrf_dfu_validation_init_cmd_execute &rArr; stored_init_cmd_decode &rArr; pb_decode &rArr; pb_decode_noinit &rArr; decode_extension &rArr; default_extension_decoder &rArr; decode_field &rArr; decode_static_field &rArr; pb_message_set_to_defaults &rArr; pb_field_set_to_default &rArr;  pb_message_set_to_defaults (Cycle)
</UL>
<BR>[Calls]<UL><LI><a href="#[12a]">&gt;&gt;</a>&nbsp;&nbsp;&nbsp;nrf_bootloader_mbr_addrs_populate
<LI><a href="#[12c]">&gt;&gt;</a>&nbsp;&nbsp;&nbsp;nrf_bootloader_init
<LI><a href="#[12b]">&gt;&gt;</a>&nbsp;&nbsp;&nbsp;nrf_bootloader_flash_protect
<LI><a href="#[bd]">&gt;&gt;</a>&nbsp;&nbsp;&nbsp;app_error_handler_bare
</UL>
<BR>[Called By]<UL><LI><a href="#[7c]">&gt;&gt;</a>&nbsp;&nbsp;&nbsp;__rt_entry_main
</UL>

<P><STRONG><a name="[12d]"></a>nrf_atfifo_clear</STRONG> (Thumb, 22 bytes, Stack size 16 bytes, nrf_atfifo.o(i.nrf_atfifo_clear))
<BR><BR>[Stack]<UL><LI>Max Depth = 16<LI>Call Chain = nrf_atfifo_clear
</UL>
<BR>[Calls]<UL><LI><a href="#[12e]">&gt;&gt;</a>&nbsp;&nbsp;&nbsp;__asm___12_nrf_atfifo_c_51f461e1__nrf_atfifo_space_clear
</UL>
<BR>[Called By]<UL><LI><a href="#[54]">&gt;&gt;</a>&nbsp;&nbsp;&nbsp;uninit
</UL>

<P><STRONG><a name="[125]"></a>nrf_atfifo_init</STRONG> (Thumb, 40 bytes, Stack size 8 bytes, nrf_atfifo.o(i.nrf_atfifo_init))
<BR><BR>[Stack]<UL><LI>Max Depth = 8<LI>Call Chain = nrf_atfifo_init
</UL>
<BR>[Called By]<UL><LI><a href="#[53]">&gt;&gt;</a>&nbsp;&nbsp;&nbsp;init
</UL>

<P><STRONG><a name="[115]"></a>nrf_atfifo_item_alloc</STRONG> (Thumb, 28 bytes, Stack size 16 bytes, nrf_atfifo.o(i.nrf_atfifo_item_alloc))
<BR><BR>[Stack]<UL><LI>Max Depth = 16<LI>Call Chain = nrf_atfifo_item_alloc
</UL>
<BR>[Calls]<UL><LI><a href="#[12f]">&gt;&gt;</a>&nbsp;&nbsp;&nbsp;__asm___12_nrf_atfifo_c_51f461e1__nrf_atfifo_wspace_req
</UL>
<BR>[Called By]<UL><LI><a href="#[56]">&gt;&gt;</a>&nbsp;&nbsp;&nbsp;write
<LI><a href="#[57]">&gt;&gt;</a>&nbsp;&nbsp;&nbsp;erase
</UL>

<P><STRONG><a name="[130]"></a>nrf_atfifo_item_free</STRONG> (Thumb, 28 bytes, Stack size 16 bytes, nrf_atfifo.o(i.nrf_atfifo_item_free))
<BR><BR>[Stack]<UL><LI>Max Depth = 16<LI>Call Chain = nrf_atfifo_item_free
</UL>
<BR>[Calls]<UL><LI><a href="#[84]">&gt;&gt;</a>&nbsp;&nbsp;&nbsp;__asm___12_nrf_atfifo_c_51f461e1__nrf_atfifo_rspace_close
</UL>
<BR>[Called By]<UL><LI><a href="#[193]">&gt;&gt;</a>&nbsp;&nbsp;&nbsp;queue_free
</UL>

<P><STRONG><a name="[131]"></a>nrf_atfifo_item_get</STRONG> (Thumb, 28 bytes, Stack size 16 bytes, nrf_atfifo.o(i.nrf_atfifo_item_get))
<BR><BR>[Stack]<UL><LI>Max Depth = 16<LI>Call Chain = nrf_atfifo_item_get
</UL>
<BR>[Calls]<UL><LI><a href="#[132]">&gt;&gt;</a>&nbsp;&nbsp;&nbsp;__asm___12_nrf_atfifo_c_51f461e1__nrf_atfifo_rspace_req
</UL>
<BR>[Called By]<UL><LI><a href="#[1b7]">&gt;&gt;</a>&nbsp;&nbsp;&nbsp;queue_load_next
</UL>

<P><STRONG><a name="[116]"></a>nrf_atfifo_item_put</STRONG> (Thumb, 28 bytes, Stack size 16 bytes, nrf_atfifo.o(i.nrf_atfifo_item_put))
<BR><BR>[Stack]<UL><LI>Max Depth = 16<LI>Call Chain = nrf_atfifo_item_put
</UL>
<BR>[Calls]<UL><LI><a href="#[83]">&gt;&gt;</a>&nbsp;&nbsp;&nbsp;__asm___12_nrf_atfifo_c_51f461e1__nrf_atfifo_wspace_close
</UL>
<BR>[Called By]<UL><LI><a href="#[56]">&gt;&gt;</a>&nbsp;&nbsp;&nbsp;write
<LI><a href="#[57]">&gt;&gt;</a>&nbsp;&nbsp;&nbsp;erase
</UL>

<P><STRONG><a name="[113]"></a>nrf_atomic_flag_clear</STRONG> (Thumb, 14 bytes, Stack size 8 bytes, nrf_atomic.o(i.nrf_atomic_flag_clear))
<BR><BR>[Stack]<UL><LI>Max Depth = 32<LI>Call Chain = nrf_atomic_flag_clear &rArr; nrf_atomic_u32_and
</UL>
<BR>[Calls]<UL><LI><a href="#[133]">&gt;&gt;</a>&nbsp;&nbsp;&nbsp;nrf_atomic_u32_and
</UL>
<BR>[Called By]<UL><LI><a href="#[4e]">&gt;&gt;</a>&nbsp;&nbsp;&nbsp;write
<LI><a href="#[4c]">&gt;&gt;</a>&nbsp;&nbsp;&nbsp;uninit
<LI><a href="#[4f]">&gt;&gt;</a>&nbsp;&nbsp;&nbsp;erase
</UL>

<P><STRONG><a name="[111]"></a>nrf_atomic_flag_set_fetch</STRONG> (Thumb, 14 bytes, Stack size 8 bytes, nrf_atomic.o(i.nrf_atomic_flag_set_fetch))
<BR><BR>[Stack]<UL><LI>Max Depth = 32<LI>Call Chain = nrf_atomic_flag_set_fetch &rArr; nrf_atomic_u32_fetch_or
</UL>
<BR>[Calls]<UL><LI><a href="#[134]">&gt;&gt;</a>&nbsp;&nbsp;&nbsp;nrf_atomic_u32_fetch_or
</UL>
<BR>[Called By]<UL><LI><a href="#[117]">&gt;&gt;</a>&nbsp;&nbsp;&nbsp;queue_start
<LI><a href="#[53]">&gt;&gt;</a>&nbsp;&nbsp;&nbsp;init
<LI><a href="#[4e]">&gt;&gt;</a>&nbsp;&nbsp;&nbsp;write
<LI><a href="#[4f]">&gt;&gt;</a>&nbsp;&nbsp;&nbsp;erase
</UL>

<P><STRONG><a name="[133]"></a>nrf_atomic_u32_and</STRONG> (Thumb, 22 bytes, Stack size 24 bytes, nrf_atomic.o(i.nrf_atomic_u32_and))
<BR><BR>[Stack]<UL><LI>Max Depth = 24<LI>Call Chain = nrf_atomic_u32_and
</UL>
<BR>[Calls]<UL><LI><a href="#[135]">&gt;&gt;</a>&nbsp;&nbsp;&nbsp;__asm___12_nrf_atomic_c_85ca2469__nrf_atomic_internal_and
</UL>
<BR>[Called By]<UL><LI><a href="#[113]">&gt;&gt;</a>&nbsp;&nbsp;&nbsp;nrf_atomic_flag_clear
</UL>

<P><STRONG><a name="[134]"></a>nrf_atomic_u32_fetch_or</STRONG> (Thumb, 22 bytes, Stack size 24 bytes, nrf_atomic.o(i.nrf_atomic_u32_fetch_or))
<BR><BR>[Stack]<UL><LI>Max Depth = 24<LI>Call Chain = nrf_atomic_u32_fetch_or
</UL>
<BR>[Calls]<UL><LI><a href="#[136]">&gt;&gt;</a>&nbsp;&nbsp;&nbsp;__asm___12_nrf_atomic_c_85ca2469__nrf_atomic_internal_orr
</UL>
<BR>[Called By]<UL><LI><a href="#[111]">&gt;&gt;</a>&nbsp;&nbsp;&nbsp;nrf_atomic_flag_set_fetch
</UL>

<P><STRONG><a name="[137]"></a>nrf_balloc_alloc</STRONG> (Thumb, 82 bytes, Stack size 24 bytes, nrf_balloc.o(i.nrf_balloc_alloc))
<BR><BR>[Stack]<UL><LI>Max Depth = 48<LI>Call Chain = nrf_balloc_alloc &rArr; app_util_critical_region_enter &rArr; sd_nvic_critical_region_enter
</UL>
<BR>[Calls]<UL><LI><a href="#[138]">&gt;&gt;</a>&nbsp;&nbsp;&nbsp;nrf_balloc_idx2block
<LI><a href="#[c3]">&gt;&gt;</a>&nbsp;&nbsp;&nbsp;app_util_critical_region_exit
<LI><a href="#[c1]">&gt;&gt;</a>&nbsp;&nbsp;&nbsp;app_util_critical_region_enter
</UL>
<BR>[Called By]<UL><LI><a href="#[dc]">&gt;&gt;</a>&nbsp;&nbsp;&nbsp;on_write
</UL>

<P><STRONG><a name="[139]"></a>nrf_balloc_free</STRONG> (Thumb, 48 bytes, Stack size 24 bytes, nrf_balloc.o(i.nrf_balloc_free))
<BR><BR>[Stack]<UL><LI>Max Depth = 48<LI>Call Chain = nrf_balloc_free &rArr; app_util_critical_region_enter &rArr; sd_nvic_critical_region_enter
</UL>
<BR>[Calls]<UL><LI><a href="#[13a]">&gt;&gt;</a>&nbsp;&nbsp;&nbsp;nrf_balloc_block2idx
<LI><a href="#[c3]">&gt;&gt;</a>&nbsp;&nbsp;&nbsp;app_util_critical_region_exit
<LI><a href="#[c1]">&gt;&gt;</a>&nbsp;&nbsp;&nbsp;app_util_critical_region_enter
</UL>
<BR>[Called By]<UL><LI><a href="#[dc]">&gt;&gt;</a>&nbsp;&nbsp;&nbsp;on_write
<LI><a href="#[4a]">&gt;&gt;</a>&nbsp;&nbsp;&nbsp;on_flash_write
</UL>

<P><STRONG><a name="[d7]"></a>nrf_balloc_init</STRONG> (Thumb, 60 bytes, Stack size 8 bytes, nrf_balloc.o(i.nrf_balloc_init))
<BR><BR>[Stack]<UL><LI>Max Depth = 8<LI>Call Chain = nrf_balloc_init
</UL>
<BR>[Called By]<UL><LI><a href="#[66]">&gt;&gt;</a>&nbsp;&nbsp;&nbsp;ble_dfu_transport_init
</UL>

<P><STRONG><a name="[13b]"></a>nrf_bootloader_app_start</STRONG> (Thumb, 36 bytes, Stack size 16 bytes, nrf_bootloader_app_start.o(i.nrf_bootloader_app_start))
<BR><BR>[Stack]<UL><LI>Max Depth = 72<LI>Call Chain = nrf_bootloader_app_start &rArr; nrf_bootloader_app_start_final &rArr; nrf_bootloader_flash_protect
</UL>
<BR>[Calls]<UL><LI><a href="#[13c]">&gt;&gt;</a>&nbsp;&nbsp;&nbsp;nrf_dfu_mbr_irq_forward_address_set
<LI><a href="#[13d]">&gt;&gt;</a>&nbsp;&nbsp;&nbsp;nrf_bootloader_app_start_final
</UL>
<BR>[Called By]<UL><LI><a href="#[12c]">&gt;&gt;</a>&nbsp;&nbsp;&nbsp;nrf_bootloader_init
</UL>

<P><STRONG><a name="[13d]"></a>nrf_bootloader_app_start_final</STRONG> (Thumb, 174 bytes, Stack size 32 bytes, nrf_bootloader_app_start_final.o(i.nrf_bootloader_app_start_final))
<BR><BR>[Stack]<UL><LI>Max Depth = 56<LI>Call Chain = nrf_bootloader_app_start_final &rArr; nrf_bootloader_flash_protect
</UL>
<BR>[Calls]<UL><LI><a href="#[b9]">&gt;&gt;</a>&nbsp;&nbsp;&nbsp;nrf_dfu_bank0_start_addr
<LI><a href="#[12b]">&gt;&gt;</a>&nbsp;&nbsp;&nbsp;nrf_bootloader_flash_protect
<LI><a href="#[bd]">&gt;&gt;</a>&nbsp;&nbsp;&nbsp;app_error_handler_bare
<LI><a href="#[13e]">&gt;&gt;</a>&nbsp;&nbsp;&nbsp;__asm___32_nrf_bootloader_app_start_final_c_c9922886__jump_to_addr
</UL>
<BR>[Called By]<UL><LI><a href="#[13b]">&gt;&gt;</a>&nbsp;&nbsp;&nbsp;nrf_bootloader_app_start
</UL>

<P><STRONG><a name="[10d]"></a>nrf_bootloader_dfu_inactivity_timer_restart</STRONG> (Thumb, 30 bytes, Stack size 16 bytes, nrf_bootloader_dfu_timers.o(i.nrf_bootloader_dfu_inactivity_timer_restart))
<BR><BR>[Stack]<UL><LI>Max Depth = 88<LI>Call Chain = nrf_bootloader_dfu_inactivity_timer_restart &rArr; timer_start &rArr; timer_activate &rArr; rtc_update &rArr; nrf_rtc_event_clear
</UL>
<BR>[Calls]<UL><LI><a href="#[a7]">&gt;&gt;</a>&nbsp;&nbsp;&nbsp;timer_stop
<LI><a href="#[13f]">&gt;&gt;</a>&nbsp;&nbsp;&nbsp;timer_start
</UL>
<BR>[Called By]<UL><LI><a href="#[37]">&gt;&gt;</a>&nbsp;&nbsp;&nbsp;dfu_observer
<LI><a href="#[12c]">&gt;&gt;</a>&nbsp;&nbsp;&nbsp;nrf_bootloader_init
</UL>

<P><STRONG><a name="[12b]"></a>nrf_bootloader_flash_protect</STRONG> (Thumb, 134 bytes, Stack size 24 bytes, nrf_bootloader_app_start_final.o(i.nrf_bootloader_flash_protect))
<BR><BR>[Stack]<UL><LI>Max Depth = 24<LI>Call Chain = nrf_bootloader_flash_protect
</UL>
<BR>[Called By]<UL><LI><a href="#[13d]">&gt;&gt;</a>&nbsp;&nbsp;&nbsp;nrf_bootloader_app_start_final
<LI><a href="#[7d]">&gt;&gt;</a>&nbsp;&nbsp;&nbsp;main
</UL>

<P><STRONG><a name="[140]"></a>nrf_bootloader_fw_activate</STRONG> (Thumb, 132 bytes, Stack size 24 bytes, nrf_bootloader_fw_activation.o(i.nrf_bootloader_fw_activate))
<BR><BR>[Stack]<UL><LI>Max Depth = 224<LI>Call Chain = nrf_bootloader_fw_activate &rArr; sd_bl_activate &rArr; sd_activate &rArr; image_copy &rArr; nrf_dfu_settings_write_and_backup &rArr; settings_backup &rArr; settings_write &rArr; nrf_dfu_flash_store &rArr; nrf_fstorage_write &rArr; addr_is_within_bounds
</UL>
<BR>[Calls]<UL><LI><a href="#[123]">&gt;&gt;</a>&nbsp;&nbsp;&nbsp;nrf_dfu_settings_write_and_backup
<LI><a href="#[143]">&gt;&gt;</a>&nbsp;&nbsp;&nbsp;nrf_dfu_bank_invalidate
<LI><a href="#[142]">&gt;&gt;</a>&nbsp;&nbsp;&nbsp;sd_bl_activate
<LI><a href="#[141]">&gt;&gt;</a>&nbsp;&nbsp;&nbsp;sd_activate
<LI><a href="#[c8]">&gt;&gt;</a>&nbsp;&nbsp;&nbsp;bl_activate
<LI><a href="#[b8]">&gt;&gt;</a>&nbsp;&nbsp;&nbsp;app_activate
</UL>
<BR>[Called By]<UL><LI><a href="#[12c]">&gt;&gt;</a>&nbsp;&nbsp;&nbsp;nrf_bootloader_init
</UL>

<P><STRONG><a name="[12c]"></a>nrf_bootloader_init</STRONG> (Thumb, 184 bytes, Stack size 24 bytes, nrf_bootloader.o(i.nrf_bootloader_init))
<BR><BR>[Stack]<UL><LI>Max Depth = 464 + Unknown Stack Size
<LI>Call Chain = nrf_bootloader_init &rArr; nrf_dfu_init &rArr; nrf_dfu_req_handler_init &rArr; nrf_dfu_validation_init_cmd_execute &rArr; stored_init_cmd_decode &rArr; pb_decode &rArr; pb_decode_noinit &rArr; decode_extension &rArr; default_extension_decoder &rArr; decode_field &rArr; decode_static_field &rArr; pb_message_set_to_defaults &rArr; pb_field_set_to_default &rArr;  pb_message_set_to_defaults (Cycle)
</UL>
<BR>[Calls]<UL><LI><a href="#[147]">&gt;&gt;</a>&nbsp;&nbsp;&nbsp;nrf_dfu_init_user
<LI><a href="#[145]">&gt;&gt;</a>&nbsp;&nbsp;&nbsp;nrf_dfu_settings_init
<LI><a href="#[ed]">&gt;&gt;</a>&nbsp;&nbsp;&nbsp;nrf_dfu_settings_backup
<LI><a href="#[120]">&gt;&gt;</a>&nbsp;&nbsp;&nbsp;nrf_bootloader_wdt_init
<LI><a href="#[140]">&gt;&gt;</a>&nbsp;&nbsp;&nbsp;nrf_bootloader_fw_activate
<LI><a href="#[10d]">&gt;&gt;</a>&nbsp;&nbsp;&nbsp;nrf_bootloader_dfu_inactivity_timer_restart
<LI><a href="#[13b]">&gt;&gt;</a>&nbsp;&nbsp;&nbsp;nrf_bootloader_app_start
<LI><a href="#[146]">&gt;&gt;</a>&nbsp;&nbsp;&nbsp;scheduler_init
<LI><a href="#[128]">&gt;&gt;</a>&nbsp;&nbsp;&nbsp;loop_forever
<LI><a href="#[10c]">&gt;&gt;</a>&nbsp;&nbsp;&nbsp;dfu_enter_flags_clear
<LI><a href="#[109]">&gt;&gt;</a>&nbsp;&nbsp;&nbsp;dfu_enter_check
<LI><a href="#[144]">&gt;&gt;</a>&nbsp;&nbsp;&nbsp;dfu_enter_button_init
<LI><a href="#[ec]">&gt;&gt;</a>&nbsp;&nbsp;&nbsp;bootloader_reset
<LI><a href="#[148]">&gt;&gt;</a>&nbsp;&nbsp;&nbsp;nrf_dfu_init
<LI><a href="#[149]">&gt;&gt;</a>&nbsp;&nbsp;&nbsp;nrf_dfu_settings_additional_erase
</UL>
<BR>[Called By]<UL><LI><a href="#[7d]">&gt;&gt;</a>&nbsp;&nbsp;&nbsp;main
</UL>

<P><STRONG><a name="[12a]"></a>nrf_bootloader_mbr_addrs_populate</STRONG> (Thumb, 46 bytes, Stack size 8 bytes, nrf_bootloader_info.o(i.nrf_bootloader_mbr_addrs_populate))
<BR><BR>[Stack]<UL><LI>Max Depth = 24<LI>Call Chain = nrf_bootloader_mbr_addrs_populate &rArr; nrf_nvmc_write_word
</UL>
<BR>[Calls]<UL><LI><a href="#[14a]">&gt;&gt;</a>&nbsp;&nbsp;&nbsp;nrf_nvmc_write_word
</UL>
<BR>[Called By]<UL><LI><a href="#[7d]">&gt;&gt;</a>&nbsp;&nbsp;&nbsp;main
</UL>

<P><STRONG><a name="[cb]"></a>nrf_bootloader_wdt_feed</STRONG> (Thumb, 14 bytes, Stack size 8 bytes, nrf_bootloader_wdt.o(i.nrf_bootloader_wdt_feed))
<BR><BR>[Stack]<UL><LI>Max Depth = 16<LI>Call Chain = nrf_bootloader_wdt_feed &rArr; wdt_feed
</UL>
<BR>[Calls]<UL><LI><a href="#[14c]">&gt;&gt;</a>&nbsp;&nbsp;&nbsp;wdt_feed
<LI><a href="#[14b]">&gt;&gt;</a>&nbsp;&nbsp;&nbsp;nrf_wdt_started
</UL>
<BR>[Called By]<UL><LI><a href="#[128]">&gt;&gt;</a>&nbsp;&nbsp;&nbsp;loop_forever
<LI><a href="#[c8]">&gt;&gt;</a>&nbsp;&nbsp;&nbsp;bl_activate
</UL>

<P><STRONG><a name="[14d]"></a>nrf_bootloader_wdt_feed_timer_start</STRONG> (Thumb, 26 bytes, Stack size 16 bytes, nrf_bootloader_dfu_timers.o(i.nrf_bootloader_wdt_feed_timer_start))
<BR><BR>[Stack]<UL><LI>Max Depth = 88<LI>Call Chain = nrf_bootloader_wdt_feed_timer_start &rArr; timer_start &rArr; timer_activate &rArr; rtc_update &rArr; nrf_rtc_event_clear
</UL>
<BR>[Calls]<UL><LI><a href="#[13f]">&gt;&gt;</a>&nbsp;&nbsp;&nbsp;timer_start
</UL>
<BR>[Called By]<UL><LI><a href="#[120]">&gt;&gt;</a>&nbsp;&nbsp;&nbsp;nrf_bootloader_wdt_init
</UL>

<P><STRONG><a name="[120]"></a>nrf_bootloader_wdt_init</STRONG> (Thumb, 86 bytes, Stack size 16 bytes, nrf_bootloader_wdt.o(i.nrf_bootloader_wdt_init))
<BR><BR>[Stack]<UL><LI>Max Depth = 104<LI>Call Chain = nrf_bootloader_wdt_init &rArr; nrf_bootloader_wdt_feed_timer_start &rArr; timer_start &rArr; timer_activate &rArr; rtc_update &rArr; nrf_rtc_event_clear
</UL>
<BR>[Calls]<UL><LI><a href="#[14c]">&gt;&gt;</a>&nbsp;&nbsp;&nbsp;wdt_feed
<LI><a href="#[14b]">&gt;&gt;</a>&nbsp;&nbsp;&nbsp;nrf_wdt_started
<LI><a href="#[14d]">&gt;&gt;</a>&nbsp;&nbsp;&nbsp;nrf_bootloader_wdt_feed_timer_start
</UL>
<BR>[Called By]<UL><LI><a href="#[12c]">&gt;&gt;</a>&nbsp;&nbsp;&nbsp;nrf_bootloader_init
<LI><a href="#[ba]">&gt;&gt;</a>&nbsp;&nbsp;&nbsp;image_copy
</UL>

<P><STRONG><a name="[14e]"></a>nrf_crypto_backend_micro_ecc_curve_get</STRONG> (Thumb, 22 bytes, Stack size 24 bytes, micro_ecc_backend_ecc.o(i.nrf_crypto_backend_micro_ecc_curve_get))
<BR><BR>[Stack]<UL><LI>Max Depth = 24<LI>Call Chain = nrf_crypto_backend_micro_ecc_curve_get
</UL>
<BR>[Called By]<UL><LI><a href="#[3b]">&gt;&gt;</a>&nbsp;&nbsp;&nbsp;nrf_crypto_backend_micro_ecc_verify
</UL>

<P><STRONG><a name="[3a]"></a>nrf_crypto_backend_micro_ecc_public_key_from_raw</STRONG> (Thumb, 30 bytes, Stack size 24 bytes, micro_ecc_backend_ecc.o(i.nrf_crypto_backend_micro_ecc_public_key_from_raw))
<BR><BR>[Stack]<UL><LI>Max Depth = 52<LI>Call Chain = nrf_crypto_backend_micro_ecc_public_key_from_raw &rArr; nrf_crypto_internal_double_swap_endian &rArr; nrf_crypto_internal_swap_endian
</UL>
<BR>[Calls]<UL><LI><a href="#[fa]">&gt;&gt;</a>&nbsp;&nbsp;&nbsp;nrf_crypto_internal_double_swap_endian
</UL>
<BR>[Address Reference Count : 1]<UL><LI> nrf_crypto_ecc.o(i.nrf_crypto_ecc_public_key_from_raw)
</UL>
<P><STRONG><a name="[3b]"></a>nrf_crypto_backend_micro_ecc_verify</STRONG> (Thumb, 98 bytes, Stack size 144 bytes, micro_ecc_backend_ecdsa.o(i.nrf_crypto_backend_micro_ecc_verify))
[...]
<BR><BR>[Stack]<UL><LI>Max Depth = 40<LI>Call Chain = pb_decode_varint32 &rArr; pb_readbyte
</UL>
<BR>[Calls]<UL><LI><a href="#[1ae]">&gt;&gt;</a>&nbsp;&nbsp;&nbsp;pb_readbyte
</UL>
<BR>[Called By]<UL><LI><a href="#[fe]">&gt;&gt;</a>&nbsp;&nbsp;&nbsp;pb_make_string_substream
<LI><a href="#[1ac]">&gt;&gt;</a>&nbsp;&nbsp;&nbsp;pb_decode_tag
<LI><a href="#[1b2]">&gt;&gt;</a>&nbsp;&nbsp;&nbsp;pb_skip_string
<LI><a href="#[61]">&gt;&gt;</a>&nbsp;&nbsp;&nbsp;pb_dec_string
<LI><a href="#[60]">&gt;&gt;</a>&nbsp;&nbsp;&nbsp;pb_dec_bytes
</UL>

<P><STRONG><a name="[1b0]"></a>pb_field_set_to_default</STRONG> (Thumb, 204 bytes, Stack size 40 bytes, pb_decode.o(i.pb_field_set_to_default))
<BR><BR>[Stack]<UL><LI>Max Depth = 64 + In Cycle
<LI>Call Chain = pb_field_set_to_default &rArr;  pb_message_set_to_defaults (Cycle)
</UL>
<BR>[Calls]<UL><LI><a href="#[107]">&gt;&gt;</a>&nbsp;&nbsp;&nbsp;pb_message_set_to_defaults
<LI><a href="#[1b0]">&gt;&gt;</a>&nbsp;&nbsp;&nbsp;pb_field_set_to_default
<LI><a href="#[108]">&gt;&gt;</a>&nbsp;&nbsp;&nbsp;iter_from_extension
<LI><a href="#[ea]">&gt;&gt;</a>&nbsp;&nbsp;&nbsp;__aeabi_memclr
<LI><a href="#[c4]">&gt;&gt;</a>&nbsp;&nbsp;&nbsp;__aeabi_memcpy
</UL>
<BR>[Called By]<UL><LI><a href="#[107]">&gt;&gt;</a>&nbsp;&nbsp;&nbsp;pb_message_set_to_defaults
<LI><a href="#[1b0]">&gt;&gt;</a>&nbsp;&nbsp;&nbsp;pb_field_set_to_default
</UL>

<P><STRONG><a name="[107]"></a>pb_message_set_to_defaults</STRONG> (Thumb, 46 bytes, Stack size 40 bytes, pb_decode.o(i.pb_message_set_to_defaults))
<BR><BR>[Stack]<UL><LI>Max Depth = 104<LI>Call Chain = pb_message_set_to_defaults &rArr; pb_field_set_to_default &rArr;  pb_message_set_to_defaults (Cycle)
</UL>
<BR>[Calls]<UL><LI><a href="#[1b0]">&gt;&gt;</a>&nbsp;&nbsp;&nbsp;pb_field_set_to_default
<LI><a href="#[11c]">&gt;&gt;</a>&nbsp;&nbsp;&nbsp;pb_field_iter_next
<LI><a href="#[127]">&gt;&gt;</a>&nbsp;&nbsp;&nbsp;pb_field_iter_begin
</UL>
<BR>[Called By]<UL><LI><a href="#[1a8]">&gt;&gt;</a>&nbsp;&nbsp;&nbsp;pb_decode
<LI><a href="#[1b0]">&gt;&gt;</a>&nbsp;&nbsp;&nbsp;pb_field_set_to_default
<LI><a href="#[105]">&gt;&gt;</a>&nbsp;&nbsp;&nbsp;decode_static_field
</UL>

<P><STRONG><a name="[1ae]"></a>pb_readbyte</STRONG> (Thumb, 40 bytes, Stack size 16 bytes, pb_decode.o(i.pb_readbyte))
<BR><BR>[Stack]<UL><LI>Max Depth = 16<LI>Call Chain = pb_readbyte
</UL>
<BR>[Called By]<UL><LI><a href="#[1ab]">&gt;&gt;</a>&nbsp;&nbsp;&nbsp;pb_decode_varint
<LI><a href="#[1a4]">&gt;&gt;</a>&nbsp;&nbsp;&nbsp;pb_decode_varint32
</UL>

<P><STRONG><a name="[1b2]"></a>pb_skip_string</STRONG> (Thumb, 30 bytes, Stack size 16 bytes, pb_decode.o(i.pb_skip_string))
<BR><BR>[Stack]<UL><LI>Max Depth = 56<LI>Call Chain = pb_skip_string &rArr; pb_decode_varint32 &rArr; pb_readbyte
</UL>
<BR>[Calls]<UL><LI><a href="#[1a5]">&gt;&gt;</a>&nbsp;&nbsp;&nbsp;pb_read
<LI><a href="#[1a4]">&gt;&gt;</a>&nbsp;&nbsp;&nbsp;pb_decode_varint32
</UL>
<BR>[Called By]<UL><LI><a href="#[fd]">&gt;&gt;</a>&nbsp;&nbsp;&nbsp;pb_skip_field
</UL>

<P><STRONG><a name="[1b1]"></a>pb_skip_varint</STRONG> (Thumb, 38 bytes, Stack size 16 bytes, pb_decode.o(i.pb_skip_varint))
<BR><BR>[Stack]<UL><LI>Max Depth = 48<LI>Call Chain = pb_skip_varint &rArr; pb_read &rArr;  pb_read (Cycle)
</UL>
<BR>[Calls]<UL><LI><a href="#[1a5]">&gt;&gt;</a>&nbsp;&nbsp;&nbsp;pb_read
</UL>
<BR>[Called By]<UL><LI><a href="#[fd]">&gt;&gt;</a>&nbsp;&nbsp;&nbsp;pb_skip_field
</UL>

<P><STRONG><a name="[100]"></a>read_raw_value</STRONG> (Thumb, 120 bytes, Stack size 24 bytes, pb_decode.o(i.read_raw_value))
<BR><BR>[Stack]<UL><LI>Max Depth = 56<LI>Call Chain = read_raw_value &rArr; pb_read &rArr;  pb_read (Cycle)
</UL>
<BR>[Calls]<UL><LI><a href="#[1a5]">&gt;&gt;</a>&nbsp;&nbsp;&nbsp;pb_read
</UL>
<BR>[Called By]<UL><LI><a href="#[fc]">&gt;&gt;</a>&nbsp;&nbsp;&nbsp;decode_callback_field
</UL>

<P><STRONG><a name="[b2]"></a>errata_108</STRONG> (Thumb, 84 bytes, Stack size 0 bytes, system_nrf52.o(i.errata_108))
<BR><BR>[Called By]<UL><LI><a href="#[31]">&gt;&gt;</a>&nbsp;&nbsp;&nbsp;SystemInit
</UL>

<P><STRONG><a name="[aa]"></a>errata_12</STRONG> (Thumb, 84 bytes, Stack size 0 bytes, system_nrf52.o(i.errata_12))
<BR><BR>[Called By]<UL><LI><a href="#[31]">&gt;&gt;</a>&nbsp;&nbsp;&nbsp;SystemInit
</UL>

<P><STRONG><a name="[b3]"></a>errata_136</STRONG> (Thumb, 84 bytes, Stack size 0 bytes, system_nrf52.o(i.errata_136))
<BR><BR>[Called By]<UL><LI><a href="#[31]">&gt;&gt;</a>&nbsp;&nbsp;&nbsp;SystemInit
</UL>

<P><STRONG><a name="[ab]"></a>errata_16</STRONG> (Thumb, 62 bytes, Stack size 0 bytes, system_nrf52.o(i.errata_16))
<BR><BR>[Called By]<UL><LI><a href="#[31]">&gt;&gt;</a>&nbsp;&nbsp;&nbsp;SystemInit
</UL>

<P><STRONG><a name="[b4]"></a>errata_182</STRONG> (Thumb, 60 bytes, Stack size 0 bytes, system_nrf52.o(i.errata_182))
<BR><BR>[Called By]<UL><LI><a href="#[31]">&gt;&gt;</a>&nbsp;&nbsp;&nbsp;SystemInit
</UL>

<P><STRONG><a name="[ac]"></a>errata_31</STRONG> (Thumb, 84 bytes, Stack size 0 bytes, system_nrf52.o(i.errata_31))
<BR><BR>[Called By]<UL><LI><a href="#[31]">&gt;&gt;</a>&nbsp;&nbsp;&nbsp;SystemInit
</UL>

<P><STRONG><a name="[ad]"></a>errata_32</STRONG> (Thumb, 62 bytes, Stack size 0 bytes, system_nrf52.o(i.errata_32))
<BR><BR>[Called By]<UL><LI><a href="#[31]">&gt;&gt;</a>&nbsp;&nbsp;&nbsp;SystemInit
</UL>

<P><STRONG><a name="[ae]"></a>errata_36</STRONG> (Thumb, 84 bytes, Stack size 0 bytes, system_nrf52.o(i.errata_36))
<BR><BR>[Called By]<UL><LI><a href="#[31]">&gt;&gt;</a>&nbsp;&nbsp;&nbsp;SystemInit
</UL>

<P><STRONG><a name="[af]"></a>errata_37</STRONG> (Thumb, 62 bytes, Stack size 0 bytes, system_nrf52.o(i.errata_37))
<BR><BR>[Called By]<UL><LI><a href="#[31]">&gt;&gt;</a>&nbsp;&nbsp;&nbsp;SystemInit
</UL>

<P><STRONG><a name="[b0]"></a>errata_57</STRONG> (Thumb, 62 bytes, Stack size 0 bytes, system_nrf52.o(i.errata_57))
<BR><BR>[Called By]<UL><LI><a href="#[31]">&gt;&gt;</a>&nbsp;&nbsp;&nbsp;SystemInit
</UL>

<P><STRONG><a name="[b1]"></a>errata_66</STRONG> (Thumb, 84 bytes, Stack size 0 bytes, system_nrf52.o(i.errata_66))
<BR><BR>[Called By]<UL><LI><a href="#[31]">&gt;&gt;</a>&nbsp;&nbsp;&nbsp;SystemInit
</UL>

<P><STRONG><a name="[97]"></a>bcopy</STRONG> (Thumb, 20 bytes, Stack size 0 bytes, uECC.c.o(.text.bcopy))
<BR><BR>[Called By]<UL><LI><a href="#[9e]">&gt;&gt;</a>&nbsp;&nbsp;&nbsp;uECC_verify
<LI><a href="#[95]">&gt;&gt;</a>&nbsp;&nbsp;&nbsp;bits2int
</UL>

<P><STRONG><a name="[9c]"></a>uECC_vli_add</STRONG> (Thumb, 90 bytes, Stack size 64 bytes, uECC.c.o(.text.uECC_vli_add))
<BR><BR>[Stack]<UL><LI>Max Depth = 64<LI>Call Chain = uECC_vli_add
</UL>
<BR>[Called By]<UL><LI><a href="#[9f]">&gt;&gt;</a>&nbsp;&nbsp;&nbsp;uECC_vli_modInv
<LI><a href="#[a3]">&gt;&gt;</a>&nbsp;&nbsp;&nbsp;vli_modInv_update
<LI><a href="#[65]">&gt;&gt;</a>&nbsp;&nbsp;&nbsp;vli_mmod_fast_secp256r1
<LI><a href="#[63]">&gt;&gt;</a>&nbsp;&nbsp;&nbsp;double_jacobian_default
<LI><a href="#[90]">&gt;&gt;</a>&nbsp;&nbsp;&nbsp;uECC_vli_modSub
<LI><a href="#[9b]">&gt;&gt;</a>&nbsp;&nbsp;&nbsp;uECC_vli_modAdd
</UL>

<P><STRONG><a name="[99]"></a>uECC_vli_sub</STRONG> (Thumb, 94 bytes, Stack size 64 bytes, uECC.c.o(.text.uECC_vli_sub))
<BR><BR>[Stack]<UL><LI>Max Depth = 64<LI>Call Chain = uECC_vli_sub
</UL>
<BR>[Called By]<UL><LI><a href="#[9e]">&gt;&gt;</a>&nbsp;&nbsp;&nbsp;uECC_verify
<LI><a href="#[9f]">&gt;&gt;</a>&nbsp;&nbsp;&nbsp;uECC_vli_modInv
<LI><a href="#[95]">&gt;&gt;</a>&nbsp;&nbsp;&nbsp;bits2int
<LI><a href="#[65]">&gt;&gt;</a>&nbsp;&nbsp;&nbsp;vli_mmod_fast_secp256r1
<LI><a href="#[90]">&gt;&gt;</a>&nbsp;&nbsp;&nbsp;uECC_vli_modSub
<LI><a href="#[9b]">&gt;&gt;</a>&nbsp;&nbsp;&nbsp;uECC_vli_modAdd
</UL>

<P><STRONG><a name="[a4]"></a>uECC_vli_mult</STRONG> (Thumb, 786 bytes, Stack size 144 bytes, uECC.c.o(.text.uECC_vli_mult))
<BR><BR>[Stack]<UL><LI>Max Depth = 144<LI>Call Chain = uECC_vli_mult
</UL>
<BR>[Called By]<UL><LI><a href="#[92]">&gt;&gt;</a>&nbsp;&nbsp;&nbsp;uECC_vli_modMult_fast
<LI><a href="#[a0]">&gt;&gt;</a>&nbsp;&nbsp;&nbsp;uECC_vli_modMult
</UL>

<P><STRONG><a name="[96]"></a>uECC_vli_clear</STRONG> (Thumb, 22 bytes, Stack size 32 bytes, uECC.c.o(.text.uECC_vli_clear))
<BR><BR>[Stack]<UL><LI>Max Depth = 32<LI>Call Chain = uECC_vli_clear
</UL>
<BR>[Called By]<UL><LI><a href="#[9e]">&gt;&gt;</a>&nbsp;&nbsp;&nbsp;uECC_verify
<LI><a href="#[9f]">&gt;&gt;</a>&nbsp;&nbsp;&nbsp;uECC_vli_modInv
<LI><a href="#[95]">&gt;&gt;</a>&nbsp;&nbsp;&nbsp;bits2int
<LI><a href="#[a0]">&gt;&gt;</a>&nbsp;&nbsp;&nbsp;uECC_vli_modMult
</UL>

<P><STRONG><a name="[9a]"></a>uECC_vli_isZero</STRONG> (Thumb, 30 bytes, Stack size 32 bytes, uECC.c.o(.text.uECC_vli_isZero))
<BR><BR>[Stack]<UL><LI>Max Depth = 32<LI>Call Chain = uECC_vli_isZero
</UL>
<BR>[Called By]<UL><LI><a href="#[9e]">&gt;&gt;</a>&nbsp;&nbsp;&nbsp;uECC_verify
<LI><a href="#[9f]">&gt;&gt;</a>&nbsp;&nbsp;&nbsp;uECC_vli_modInv
<LI><a href="#[63]">&gt;&gt;</a>&nbsp;&nbsp;&nbsp;double_jacobian_default
</UL>

<P><STRONG><a name="[a2]"></a>uECC_vli_testBit</STRONG> (Thumb, 20 bytes, Stack size 0 bytes, uECC.c.o(.text.uECC_vli_testBit))
<BR><BR>[Called By]<UL><LI><a href="#[9e]">&gt;&gt;</a>&nbsp;&nbsp;&nbsp;uECC_verify
</UL>

<P><STRONG><a name="[a1]"></a>uECC_vli_numBits</STRONG> (Thumb, 58 bytes, Stack size 0 bytes, uECC.c.o(.text.uECC_vli_numBits))
<BR><BR>[Calls]<UL><LI><a href="#[a1]">&gt;&gt;</a>&nbsp;&nbsp;&nbsp;uECC_vli_numBits
</UL>
<BR>[Called By]<UL><LI><a href="#[9e]">&gt;&gt;</a>&nbsp;&nbsp;&nbsp;uECC_verify
<LI><a href="#[a0]">&gt;&gt;</a>&nbsp;&nbsp;&nbsp;uECC_vli_modMult
<LI><a href="#[a1]">&gt;&gt;</a>&nbsp;&nbsp;&nbsp;uECC_vli_numBits
</UL>

<P><STRONG><a name="[93]"></a>uECC_vli_set</STRONG> (Thumb, 24 bytes, Stack size 32 bytes, uECC.c.o(.text.uECC_vli_set))
<BR><BR>[Stack]<UL><LI>Max Depth = 32<LI>Call Chain = uECC_vli_set
</UL>
<BR>[Called By]<UL><LI><a href="#[9e]">&gt;&gt;</a>&nbsp;&nbsp;&nbsp;uECC_verify
<LI><a href="#[9f]">&gt;&gt;</a>&nbsp;&nbsp;&nbsp;uECC_vli_modInv
<LI><a href="#[8f]">&gt;&gt;</a>&nbsp;&nbsp;&nbsp;XYcZ_add
<LI><a href="#[65]">&gt;&gt;</a>&nbsp;&nbsp;&nbsp;vli_mmod_fast_secp256r1
<LI><a href="#[63]">&gt;&gt;</a>&nbsp;&nbsp;&nbsp;double_jacobian_default
<LI><a href="#[a0]">&gt;&gt;</a>&nbsp;&nbsp;&nbsp;uECC_vli_modMult
</UL>

<P><STRONG><a name="[98]"></a>uECC_vli_cmp_unsafe</STRONG> (Thumb, 40 bytes, Stack size 32 bytes, uECC.c.o(.text.uECC_vli_cmp_unsafe))
<BR><BR>[Stack]<UL><LI>Max Depth = 32<LI>Call Chain = uECC_vli_cmp_unsafe
</UL>
<BR>[Called By]<UL><LI><a href="#[9e]">&gt;&gt;</a>&nbsp;&nbsp;&nbsp;uECC_verify
<LI><a href="#[9f]">&gt;&gt;</a>&nbsp;&nbsp;&nbsp;uECC_vli_modInv
<LI><a href="#[95]">&gt;&gt;</a>&nbsp;&nbsp;&nbsp;bits2int
<LI><a href="#[65]">&gt;&gt;</a>&nbsp;&nbsp;&nbsp;vli_mmod_fast_secp256r1
<LI><a href="#[9b]">&gt;&gt;</a>&nbsp;&nbsp;&nbsp;uECC_vli_modAdd
</UL>

<P><STRONG><a name="[9d]"></a>uECC_vli_rshift1</STRONG> (Thumb, 28 bytes, Stack size 0 bytes, uECC.c.o(.text.uECC_vli_rshift1))
<BR><BR>[Called By]<UL><LI><a href="#[9f]">&gt;&gt;</a>&nbsp;&nbsp;&nbsp;uECC_vli_modInv
<LI><a href="#[a3]">&gt;&gt;</a>&nbsp;&nbsp;&nbsp;vli_modInv_update
<LI><a href="#[63]">&gt;&gt;</a>&nbsp;&nbsp;&nbsp;double_jacobian_default
<LI><a href="#[a0]">&gt;&gt;</a>&nbsp;&nbsp;&nbsp;uECC_vli_modMult
</UL>

<P><STRONG><a name="[9b]"></a>uECC_vli_modAdd</STRONG> (Thumb, 50 bytes, Stack size 64 bytes, uECC.c.o(.text.uECC_vli_modAdd))
<BR><BR>[Stack]<UL><LI>Max Depth = 128<LI>Call Chain = uECC_vli_modAdd &rArr; uECC_vli_sub
</UL>
<BR>[Calls]<UL><LI><a href="#[98]">&gt;&gt;</a>&nbsp;&nbsp;&nbsp;uECC_vli_cmp_unsafe
<LI><a href="#[99]">&gt;&gt;</a>&nbsp;&nbsp;&nbsp;uECC_vli_sub
<LI><a href="#[9c]">&gt;&gt;</a>&nbsp;&nbsp;&nbsp;uECC_vli_add
</UL>
<BR>[Called By]<UL><LI><a href="#[64]">&gt;&gt;</a>&nbsp;&nbsp;&nbsp;x_side_default
<LI><a href="#[63]">&gt;&gt;</a>&nbsp;&nbsp;&nbsp;double_jacobian_default
</UL>

<P><STRONG><a name="[90]"></a>uECC_vli_modSub</STRONG> (Thumb, 36 bytes, Stack size 64 bytes, uECC.c.o(.text.uECC_vli_modSub))
<BR><BR>[Stack]<UL><LI>Max Depth = 128<LI>Call Chain = uECC_vli_modSub &rArr; uECC_vli_sub
</UL>
<BR>[Calls]<UL><LI><a href="#[99]">&gt;&gt;</a>&nbsp;&nbsp;&nbsp;uECC_vli_sub
<LI><a href="#[9c]">&gt;&gt;</a>&nbsp;&nbsp;&nbsp;uECC_vli_add
</UL>
<BR>[Called By]<UL><LI><a href="#[9e]">&gt;&gt;</a>&nbsp;&nbsp;&nbsp;uECC_verify
<LI><a href="#[8f]">&gt;&gt;</a>&nbsp;&nbsp;&nbsp;XYcZ_add
<LI><a href="#[64]">&gt;&gt;</a>&nbsp;&nbsp;&nbsp;x_side_default
<LI><a href="#[63]">&gt;&gt;</a>&nbsp;&nbsp;&nbsp;double_jacobian_default
</UL>

<P><STRONG><a name="[a0]"></a>uECC_vli_modMult</STRONG> (Thumb, 328 bytes, Stack size 992 bytes, uECC.c.o(.text.uECC_vli_modMult))
<BR><BR>[Stack]<UL><LI>Max Depth = 1136<LI>Call Chain = uECC_vli_modMult &rArr; uECC_vli_mult
</UL>
<BR>[Calls]<UL><LI><a href="#[9d]">&gt;&gt;</a>&nbsp;&nbsp;&nbsp;uECC_vli_rshift1
<LI><a href="#[93]">&gt;&gt;</a>&nbsp;&nbsp;&nbsp;uECC_vli_set
<LI><a href="#[a1]">&gt;&gt;</a>&nbsp;&nbsp;&nbsp;uECC_vli_numBits
<LI><a href="#[96]">&gt;&gt;</a>&nbsp;&nbsp;&nbsp;uECC_vli_clear
<LI><a href="#[a4]">&gt;&gt;</a>&nbsp;&nbsp;&nbsp;uECC_vli_mult
</UL>
<BR>[Called By]<UL><LI><a href="#[9e]">&gt;&gt;</a>&nbsp;&nbsp;&nbsp;uECC_verify
</UL>

<P><STRONG><a name="[92]"></a>uECC_vli_modMult_fast</STRONG> (Thumb, 32 bytes, Stack size 320 bytes, uECC.c.o(.text.uECC_vli_modMult_fast))
<BR><BR>[Stack]<UL><LI>Max Depth = 464<LI>Call Chain = uECC_vli_modMult_fast &rArr; uECC_vli_mult
</UL>
<BR>[Calls]<UL><LI><a href="#[a4]">&gt;&gt;</a>&nbsp;&nbsp;&nbsp;uECC_vli_mult
</UL>
<BR>[Called By]<UL><LI><a href="#[9e]">&gt;&gt;</a>&nbsp;&nbsp;&nbsp;uECC_verify
<LI><a href="#[8f]">&gt;&gt;</a>&nbsp;&nbsp;&nbsp;XYcZ_add
<LI><a href="#[94]">&gt;&gt;</a>&nbsp;&nbsp;&nbsp;apply_z
<LI><a href="#[64]">&gt;&gt;</a>&nbsp;&nbsp;&nbsp;x_side_default
<LI><a href="#[63]">&gt;&gt;</a>&nbsp;&nbsp;&nbsp;double_jacobian_default
<LI><a href="#[91]">&gt;&gt;</a>&nbsp;&nbsp;&nbsp;uECC_vli_modSquare_fast
</UL>

<P><STRONG><a name="[91]"></a>uECC_vli_modSquare_fast</STRONG> (Thumb, 8 bytes, Stack size 0 bytes, uECC.c.o(.text.uECC_vli_modSquare_fast))
<BR><BR>[Stack]<UL><LI>Max Depth = 464<LI>Call Chain = uECC_vli_modSquare_fast &rArr; uECC_vli_modMult_fast &rArr; uECC_vli_mult
</UL>
<BR>[Calls]<UL><LI><a href="#[92]">&gt;&gt;</a>&nbsp;&nbsp;&nbsp;uECC_vli_modMult_fast
</UL>
<BR>[Called By]<UL><LI><a href="#[8f]">&gt;&gt;</a>&nbsp;&nbsp;&nbsp;XYcZ_add
<LI><a href="#[94]">&gt;&gt;</a>&nbsp;&nbsp;&nbsp;apply_z
<LI><a href="#[64]">&gt;&gt;</a>&nbsp;&nbsp;&nbsp;x_side_default
<LI><a href="#[63]">&gt;&gt;</a>&nbsp;&nbsp;&nbsp;double_jacobian_default
</UL>

<P><STRONG><a name="[63]"></a>double_jacobian_default</STRONG> (Thumb, 342 bytes, Stack size 416 bytes, uECC.c.o(.text.double_jacobian_default))
<BR><BR>[Stack]<UL><LI>Max Depth = 880<LI>Call Chain = double_jacobian_default &rArr; uECC_vli_modSquare_fast &rArr; uECC_vli_modMult_fast &rArr; uECC_vli_mult
</UL>
<BR>[Calls]<UL><LI><a href="#[91]">&gt;&gt;</a>&nbsp;&nbsp;&nbsp;uECC_vli_modSquare_fast
<LI><a href="#[92]">&gt;&gt;</a>&nbsp;&nbsp;&nbsp;uECC_vli_modMult_fast
<LI><a href="#[90]">&gt;&gt;</a>&nbsp;&nbsp;&nbsp;uECC_vli_modSub
<LI><a href="#[9b]">&gt;&gt;</a>&nbsp;&nbsp;&nbsp;uECC_vli_modAdd
<LI><a href="#[9d]">&gt;&gt;</a>&nbsp;&nbsp;&nbsp;uECC_vli_rshift1
<LI><a href="#[93]">&gt;&gt;</a>&nbsp;&nbsp;&nbsp;uECC_vli_set
<LI><a href="#[9a]">&gt;&gt;</a>&nbsp;&nbsp;&nbsp;uECC_vli_isZero
<LI><a href="#[9c]">&gt;&gt;</a>&nbsp;&nbsp;&nbsp;uECC_vli_add
</UL>
<BR>[Address Reference Count : 1]<UL><LI> uECC.c.o(.rodata.curve_secp256r1)
</UL>
<P><STRONG><a name="[64]"></a>x_side_default</STRONG> (Thumb, 90 bytes, Stack size 256 bytes, uECC.c.o(.text.x_side_default))
<BR><BR>[Stack]<UL><LI>Max Depth = 720 + Unknown Stack Size
<LI>Call Chain = x_side_default &rArr; uECC_vli_modSquare_fast &rArr; uECC_vli_modMult_fast &rArr; uECC_vli_mult
</UL>
<BR>[Calls]<UL><LI><a href="#[87]">&gt;&gt;</a>&nbsp;&nbsp;&nbsp;memset
<LI><a href="#[91]">&gt;&gt;</a>&nbsp;&nbsp;&nbsp;uECC_vli_modSquare_fast
<LI><a href="#[92]">&gt;&gt;</a>&nbsp;&nbsp;&nbsp;uECC_vli_modMult_fast
<LI><a href="#[90]">&gt;&gt;</a>&nbsp;&nbsp;&nbsp;uECC_vli_modSub
<LI><a href="#[9b]">&gt;&gt;</a>&nbsp;&nbsp;&nbsp;uECC_vli_modAdd
</UL>
<BR>[Address Reference Count : 1]<UL><LI> uECC.c.o(.rodata.curve_secp256r1)
</UL>
<P><STRONG><a name="[65]"></a>vli_mmod_fast_secp256r1</STRONG> (Thumb, 428 bytes, Stack size 224 bytes, uECC.c.o(.text.vli_mmod_fast_secp256r1))
<BR><BR>[Stack]<UL><LI>Max Depth = 288<LI>Call Chain = vli_mmod_fast_secp256r1 &rArr; uECC_vli_sub
</UL>
<BR>[Calls]<UL><LI><a href="#[98]">&gt;&gt;</a>&nbsp;&nbsp;&nbsp;uECC_vli_cmp_unsafe
<LI><a href="#[93]">&gt;&gt;</a>&nbsp;&nbsp;&nbsp;uECC_vli_set
<LI><a href="#[99]">&gt;&gt;</a>&nbsp;&nbsp;&nbsp;uECC_vli_sub
<LI><a href="#[9c]">&gt;&gt;</a>&nbsp;&nbsp;&nbsp;uECC_vli_add
</UL>
<BR>[Address Reference Count : 1]<UL><LI> uECC.c.o(.rodata.curve_secp256r1)
</UL>
<P><STRONG><a name="[94]"></a>apply_z</STRONG> (Thumb, 62 bytes, Stack size 224 bytes, uECC.c.o(.text.apply_z))
<BR><BR>[Stack]<UL><LI>Max Depth = 688<LI>Call Chain = apply_z &rArr; uECC_vli_modSquare_fast &rArr; uECC_vli_modMult_fast &rArr; uECC_vli_mult
</UL>
<BR>[Calls]<UL><LI><a href="#[91]">&gt;&gt;</a>&nbsp;&nbsp;&nbsp;uECC_vli_modSquare_fast
<LI><a href="#[92]">&gt;&gt;</a>&nbsp;&nbsp;&nbsp;uECC_vli_modMult_fast
</UL>
<BR>[Called By]<UL><LI><a href="#[9e]">&gt;&gt;</a>&nbsp;&nbsp;&nbsp;uECC_verify
</UL>

<P><STRONG><a name="[8f]"></a>XYcZ_add</STRONG> (Thumb, 202 bytes, Stack size 288 bytes, uECC.c.o(.text.XYcZ_add))
<BR><BR>[Stack]<UL><LI>Max Depth = 752<LI>Call Chain = XYcZ_add &rArr; uECC_vli_modSquare_fast &rArr; uECC_vli_modMult_fast &rArr; uECC_vli_mult
</UL>
<BR>[Calls]<UL><LI><a href="#[91]">&gt;&gt;</a>&nbsp;&nbsp;&nbsp;uECC_vli_modSquare_fast
<LI><a href="#[92]">&gt;&gt;</a>&nbsp;&nbsp;&nbsp;uECC_vli_modMult_fast
<LI><a href="#[90]">&gt;&gt;</a>&nbsp;&nbsp;&nbsp;uECC_vli_modSub
<LI><a href="#[93]">&gt;&gt;</a>&nbsp;&nbsp;&nbsp;uECC_vli_set
</UL>
<BR>[Called By]<UL><LI><a href="#[9e]">&gt;&gt;</a>&nbsp;&nbsp;&nbsp;uECC_verify
</UL>

<P><STRONG><a name="[95]"></a>bits2int</STRONG> (Thumb, 138 bytes, Stack size 128 bytes, uECC.c.o(.text.bits2int))
<BR><BR>[Stack]<UL><LI>Max Depth = 192<LI>Call Chain = bits2int &rArr; uECC_vli_sub
</UL>
<BR>[Calls]<UL><LI><a href="#[98]">&gt;&gt;</a>&nbsp;&nbsp;&nbsp;uECC_vli_cmp_unsafe
<LI><a href="#[96]">&gt;&gt;</a>&nbsp;&nbsp;&nbsp;uECC_vli_clear
<LI><a href="#[99]">&gt;&gt;</a>&nbsp;&nbsp;&nbsp;uECC_vli_sub
<LI><a href="#[97]">&gt;&gt;</a>&nbsp;&nbsp;&nbsp;bcopy
</UL>
<BR>[Called By]<UL><LI><a href="#[9e]">&gt;&gt;</a>&nbsp;&nbsp;&nbsp;uECC_verify
</UL>

<P><STRONG><a name="[a3]"></a>vli_modInv_update</STRONG> (Thumb, 56 bytes, Stack size 64 bytes, uECC.c.o(.text.vli_modInv_update))
<BR><BR>[Stack]<UL><LI>Max Depth = 128<LI>Call Chain = vli_modInv_update &rArr; uECC_vli_add
</UL>
<BR>[Calls]<UL><LI><a href="#[9d]">&gt;&gt;</a>&nbsp;&nbsp;&nbsp;uECC_vli_rshift1
<LI><a href="#[9c]">&gt;&gt;</a>&nbsp;&nbsp;&nbsp;uECC_vli_add
</UL>
<BR>[Called By]<UL><LI><a href="#[9f]">&gt;&gt;</a>&nbsp;&nbsp;&nbsp;uECC_vli_modInv
</UL>

<P><STRONG><a name="[9f]"></a>uECC_vli_modInv</STRONG> (Thumb, 268 bytes, Stack size 608 bytes, uECC.c.o(.text.uECC_vli_modInv))
<BR><BR>[Stack]<UL><LI>Max Depth = 736<LI>Call Chain = uECC_vli_modInv &rArr; vli_modInv_update &rArr; uECC_vli_add
</UL>
<BR>[Calls]<UL><LI><a href="#[a3]">&gt;&gt;</a>&nbsp;&nbsp;&nbsp;vli_modInv_update
<LI><a href="#[9d]">&gt;&gt;</a>&nbsp;&nbsp;&nbsp;uECC_vli_rshift1
<LI><a href="#[98]">&gt;&gt;</a>&nbsp;&nbsp;&nbsp;uECC_vli_cmp_unsafe
<LI><a href="#[93]">&gt;&gt;</a>&nbsp;&nbsp;&nbsp;uECC_vli_set
<LI><a href="#[9a]">&gt;&gt;</a>&nbsp;&nbsp;&nbsp;uECC_vli_isZero
<LI><a href="#[96]">&gt;&gt;</a>&nbsp;&nbsp;&nbsp;uECC_vli_clear
<LI><a href="#[99]">&gt;&gt;</a>&nbsp;&nbsp;&nbsp;uECC_vli_sub
<LI><a href="#[9c]">&gt;&gt;</a>&nbsp;&nbsp;&nbsp;uECC_vli_add
</UL>
<BR>[Called By]<UL><LI><a href="#[9e]">&gt;&gt;</a>&nbsp;&nbsp;&nbsp;uECC_verify
</UL>
<P>
<H3>
Undefined Global Symbols
</H3><HR></body></html>
