<html>
<body>
<pre>
<h1>µVision Build Log</h1>
<h2>Tool Versions:</h2>
IDE-Version: µVision V5.24.2.0
Copyright (C) 2017 ARM Ltd and ARM Germany GmbH. All rights reserved.
License Information: Oleg Rumyancev, BOLID, LIC=S5IDY-ITLIQ-HPBZN-YC6IB-NN007-VZARR
 
Tool Versions:
Toolchain:       MDK-ARM Professional  Version: 5.24.1
Toolchain Path:  C:\Keil_v5\ARM\ARMCC\Bin
C Compiler:      Armcc.exe V5.06 update 5 (build 528)
Assembler:       Armasm.exe V5.06 update 5 (build 528)
Linker/Locator:  ArmLink.exe V5.06 update 5 (build 528)
Library Manager: ArmAr.exe V5.06 update 5 (build 528)
Hex Converter:   FromElf.exe V5.06 update 5 (build 528)
CPU DLL:         SARMCM3.DLL V5.24.1
Dialog DLL:      DCM.DLL V1.16.0.0
Target DLL:      UL2CM3.DLL V1.160.3.0
Dialog DLL:      TCM.DLL V1.32.0.0
 
<h2>Project:</h2>
F:\GitHub\Bootloader_nrf52\Bootloader_nrf52.uvprojx
Project File Date:  03/16/2020

<h2>Output:</h2>
*** Using Compiler 'V5.06 update 5 (build 528)', folder: 'C:\Keil_v5\ARM\ARMCC\Bin'
Rebuild target 'Target 1'
compiling public_key.c...
compiling boards.c...
compiling main.c...
compiling ble_srv_common.c...
compiling nrf_bootloader_app_start.c...
compiling nrf_bootloader.c...
compiling nrf_bootloader_dfu_timers.c...
compiling nrf_bootloader_app_start_final.c...
compiling nrf_bootloader_fw_activation.c...
compiling nrf_bootloader_info.c...
compiling nrf_bootloader_wdt.c...
compiling nrf_crypto_ecc.c...
compiling nrf_crypto_ecdsa.c...
compiling nrf_crypto_hash.c...
compiling nrf_crypto_init.c...
compiling oberon_backend_ecc.c...
compiling oberon_backend_ecdh.c...
compiling nrf_crypto_shared.c...
compiling oberon_backend_ecdsa.c...
compiling oberon_backend_eddsa.c...
compiling oberon_backend_chacha_poly_aead.c...
compiling oberon_backend_hmac.c...
compiling oberon_backend_hash.c...
compiling micro_ecc_backend_ecc.c...
compiling micro_ecc_backend_ecdh.c...
compiling nrf_sw_backend_hash.c...
compiling dfu-cc.pb.c...
compiling micro_ecc_backend_ecdsa.c...
compiling nrf_dfu.c...
compiling nrf_dfu_handling_error.c...
compiling nrf_dfu_flash.c...
compiling nrf_dfu_ble.c...
compiling nrf_dfu_mbr.c...
compiling nrf_dfu_req_handler.c...
compiling nrf_dfu_settings_svci.c...
compiling nrf_dfu_settings.c...
compiling nrf_dfu_utils.c...
compiling nrf_dfu_transport.c...
compiling nrf_dfu_validation.c...
compiling nrf_nvmc.c...
compiling nrf_dfu_ver_validation.c...
compiling nrfx_atomic.c...
compiling app_error_weak.c...
compiling app_scheduler.c...
compiling crc32.c...
compiling app_util_platform.c...
compiling mem_manager.c...
compiling nrf_assert.c...
compiling nrf_atfifo.c...
compiling nrf_atomic.c...
compiling nrf_fprintf.c...
compiling nrf_balloc.c...
compiling nrf_fstorage.c...
compiling nrf_fprintf_format.c...
compiling nrf_fstorage_sd.c...
compiling nrf_fstorage_nvmc.c...
compiling nrf_queue.c...
compiling nrf_memobj.c...
compiling nrf_strerror.c...
compiling nrf_section_iter.c...
compiling nrf_ringbuf.c...
compiling sha256.c...
compiling nrf_log_frontend.c...
compiling nrf_log_str_formatter.c...
compiling nrf_dfu_svci.c...
compiling nrf_svc_handler.c...
compiling nrf_dfu_svci_handler.c...
compiling nrf_sdh.c...
compiling nrf_sdh_ble.c...
compiling pb_common.c...
assembling arm_startup_nrf52.s...
compiling pb_decode.c...
compiling nrf_sdh_soc.c...
compiling system_nrf52.c...
linking...
.\Objects\Bootloader_nrf52.axf: Warning: L6330W: Undefined symbol crypto_data$$Base (referred from nrf_crypto_init.o). Unused section has been removed.
.\Objects\Bootloader_nrf52.axf: Warning: L6330W: Undefined symbol crypto_data$$Limit (referred from nrf_crypto_init.o). Unused section has been removed.
.\Objects\Bootloader_nrf52.axf: Warning: L6330W: Undefined symbol sdh_req_observers1$$Base (referred from nrf_sdh.o). Unused section has been removed.
.\Objects\Bootloader_nrf52.axf: Warning: L6330W: Undefined symbol sdh_req_observers1$$Limit (referred from nrf_sdh.o). Unused section has been removed.
.\Objects\Bootloader_nrf52.axf: Warning: L6330W: Undefined symbol sdh_stack_observers1$$Base (referred from nrf_sdh.o). Unused section has been removed.
.\Objects\Bootloader_nrf52.axf: Warning: L6330W: Undefined symbol sdh_stack_observers1$$Limit (referred from nrf_sdh.o). Unused section has been removed.
.\Objects\Bootloader_nrf52.axf: Warning: L6330W: Undefined symbol sdh_state_observers1$$Base (referred from nrf_sdh.o). Unused section has been removed.
.\Objects\Bootloader_nrf52.axf: Warning: L6330W: Undefined symbol sdh_state_observers1$$Limit (referred from nrf_sdh.o). Unused section has been removed.
.\Objects\Bootloader_nrf52.axf: Warning: L6330W: Undefined symbol sdh_ble_observers0$$Base (referred from nrf_sdh_ble.o). Unused section has been removed.
.\Objects\Bootloader_nrf52.axf: Warning: L6330W: Undefined symbol sdh_ble_observers0$$Limit (referred from nrf_sdh_ble.o). Unused section has been removed.
.\Objects\Bootloader_nrf52.axf: Warning: L6330W: Undefined symbol sdh_ble_observers1$$Base (referred from nrf_sdh_ble.o). Unused section has been removed.
.\Objects\Bootloader_nrf52.axf: Warning: L6330W: Undefined symbol sdh_ble_observers1$$Limit (referred from nrf_sdh_ble.o). Unused section has been removed.
.\Objects\Bootloader_nrf52.axf: Warning: L6330W: Undefined symbol sdh_ble_observers3$$Base (referred from nrf_sdh_ble.o). Unused section has been removed.
.\Objects\Bootloader_nrf52.axf: Warning: L6330W: Undefined symbol sdh_ble_observers3$$Limit (referred from nrf_sdh_ble.o). Unused section has been removed.
.\Objects\Bootloader_nrf52.axf: Warning: L6330W: Undefined symbol sdh_soc_observers1$$Base (referred from nrf_sdh_soc.o). Unused section has been removed.
.\Objects\Bootloader_nrf52.axf: Warning: L6330W: Undefined symbol sdh_soc_observers1$$Limit (referred from nrf_sdh_soc.o). Unused section has been removed.
Program Size: Code=29680 RO-data=2320 RW-data=196 ZI-data=34200  
Finished: 0 information, 16 warning and 0 error messages.
".\Objects\Bootloader_nrf52.axf" - 0 Error(s), 16 Warning(s).

<h2>Software Packages used:</h2>

Package Vendor: ARM
                http://www.keil.com/pack/ARM.CMSIS.4.5.0.pack
                ARM.CMSIS.4.5.0
                CMSIS (Cortex Microcontroller Software Interface Standard)
   * Component: CORE Version: 4.3.0

Package Vendor: NordicSemiconductor
                http://developer.nordicsemi.com/nRF5_SDK/pieces/nRF_DeviceFamilyPack/NordicSemiconductor.nRF_DeviceFamilyPack.8.29.0.pack
                NordicSemiconductor.nRF_DeviceFamilyPack.8.29.0
                Nordic Semiconductor nRF ARM devices Device Family Pack with BSD license.
   * Component: Startup Version: 8.29.0

<h2>Collection of Component include folders:</h2>
  .\RTE\_Target_1
  C:\Keil_v5\ARM\PACK\ARM\CMSIS\4.5.0\CMSIS\Include
  C:\Keil_v5\ARM\PACK\NordicSemiconductor\nRF_DeviceFamilyPack\8.29.0\Device\Include

<h2>Collection of Component Files used:</h2>

   * Component: NordicSemiconductor::Device:Startup:8.29.0
      Source file:   Device\Source\arm\arm_startup_nrf52.s
      Source file:   Device\Source\system_nrf52.c
      Include file:  Device\Include\system_nrf52.h
      Include file:  Device\Include\system_nrf.h

   * Component: ARM::CMSIS:CORE:4.3.0
Build Time Elapsed:  00:00:36
</pre>
</body>
</html>
