Component: ARM Compiler 5.06 update 5 (build 528) Tool: armlink [4d35e2]

==============================================================================

Section Cross References

    main.o(i.app_error_fault_handler) refers to main.o(i.on_error) for on_error
    main.o(i.app_error_handler) refers to main.o(i.on_error) for on_error
    main.o(i.app_error_handler_bare) refers to main.o(i.on_error) for on_error
    main.o(i.dfu_observer) refers to boards.o(i.bsp_board_init) for bsp_board_init
    main.o(i.dfu_observer) refers to boards.o(i.bsp_board_led_on) for bsp_board_led_on
    main.o(i.dfu_observer) refers to boards.o(i.bsp_board_led_off) for bsp_board_led_off
    main.o(i.main) refers to nrf_bootloader_info.o(i.nrf_bootloader_mbr_addrs_populate) for nrf_bootloader_mbr_addrs_populate
    main.o(i.main) refers to nrf_bootloader_app_start_final.o(i.nrf_bootloader_flash_protect) for nrf_bootloader_flash_protect
    main.o(i.main) refers to main.o(i.app_error_handler_bare) for app_error_handler_bare
    main.o(i.main) refers to nrf_bootloader.o(i.nrf_bootloader_init) for nrf_bootloader_init
    main.o(i.main) refers to main.o(i.dfu_observer) for dfu_observer
    boards.o(i.bsp_board_button_idx_to_pin) refers to boards.o(.constdata) for m_board_btn_list
    boards.o(i.bsp_board_button_state_get) refers to boards.o(.constdata) for m_board_btn_list
    boards.o(i.bsp_board_buttons_init) refers to boards.o(i.nrf_gpio_cfg) for nrf_gpio_cfg
    boards.o(i.bsp_board_buttons_init) refers to boards.o(.constdata) for m_board_btn_list
    boards.o(i.bsp_board_init) refers to boards.o(i.bsp_board_leds_init) for bsp_board_leds_init
    boards.o(i.bsp_board_init) refers to boards.o(i.bsp_board_buttons_init) for bsp_board_buttons_init
    boards.o(i.bsp_board_led_idx_to_pin) refers to boards.o(.constdata) for m_board_led_list
    boards.o(i.bsp_board_led_invert) refers to boards.o(.constdata) for m_board_led_list
    boards.o(i.bsp_board_led_off) refers to boards.o(i.nrf_gpio_pin_write) for nrf_gpio_pin_write
    boards.o(i.bsp_board_led_off) refers to boards.o(.constdata) for m_board_led_list
    boards.o(i.bsp_board_led_on) refers to boards.o(i.nrf_gpio_pin_write) for nrf_gpio_pin_write
    boards.o(i.bsp_board_led_on) refers to boards.o(.constdata) for m_board_led_list
    boards.o(i.bsp_board_led_state_get) refers to boards.o(.constdata) for m_board_led_list
    boards.o(i.bsp_board_leds_init) refers to boards.o(i.nrf_gpio_cfg) for nrf_gpio_cfg
    boards.o(i.bsp_board_leds_init) refers to boards.o(i.bsp_board_leds_off) for bsp_board_leds_off
    boards.o(i.bsp_board_leds_init) refers to boards.o(.constdata) for m_board_led_list
    boards.o(i.bsp_board_leds_off) refers to boards.o(i.bsp_board_led_off) for bsp_board_led_off
    boards.o(i.bsp_board_leds_on) refers to boards.o(i.bsp_board_led_on) for bsp_board_led_on
    boards.o(i.bsp_board_pin_to_button_idx) refers to boards.o(.constdata) for m_board_btn_list
    boards.o(i.bsp_board_pin_to_led_idx) refers to boards.o(.constdata) for m_board_led_list
    ble_srv_common.o(i.ble_srv_ascii_to_utf8) refers to strlen.o(.text) for strlen
    ble_srv_common.o(i.ble_srv_is_indication_enabled) refers to ble_srv_common.o(i.uint16_decode) for uint16_decode
    ble_srv_common.o(i.ble_srv_is_notification_enabled) refers to ble_srv_common.o(i.uint16_decode) for uint16_decode
    ble_srv_common.o(i.ble_srv_report_ref_encode) refers to main.o(i.app_error_handler_bare) for app_error_handler_bare
    ble_srv_common.o(i.characteristic_add) refers to ble_srv_common.o(i.set_security_req) for set_security_req
    ble_srv_common.o(i.characteristic_add) refers to rt_memclr_w.o(.text) for __aeabi_memclr4
    ble_srv_common.o(i.descriptor_add) refers to rt_memclr_w.o(.text) for __aeabi_memclr4
    ble_srv_common.o(i.descriptor_add) refers to ble_srv_common.o(i.set_security_req) for set_security_req
    nrf_bootloader.o(i.app_is_valid) refers to nrf_bootloader.o(i.boot_validate) for boot_validate
    nrf_bootloader.o(i.app_is_valid) refers to nrf_dfu_utils.o(i.nrf_dfu_bank0_start_addr) for nrf_dfu_bank0_start_addr
    nrf_bootloader.o(i.app_is_valid) refers to nrf_dfu_settings.o(.bss) for s_dfu_settings
    nrf_bootloader.o(i.boot_validate) refers to nrf_dfu_validation.o(i.nrf_dfu_validation_boot_validate) for nrf_dfu_validation_boot_validate
    nrf_bootloader.o(i.bootloader_reset) refers to nrf_dfu_settings.o(i.nrf_dfu_settings_backup) for nrf_dfu_settings_backup
    nrf_bootloader.o(i.bootloader_reset) refers to nrf_bootloader.o(i.do_reset) for do_reset
    nrf_bootloader.o(i.bootloader_reset) refers to nrf_bootloader.o(.data) for m_flash_write_done
    nrf_bootloader.o(i.dfu_enter_check) refers to nrf_bootloader.o(i.crc_on_valid_app_required) for crc_on_valid_app_required
    nrf_bootloader.o(i.dfu_enter_check) refers to nrf_bootloader.o(i.app_is_valid) for app_is_valid
    nrf_bootloader.o(i.dfu_enter_check) refers to nrf_bootloader.o(i.nrf_power_gpregret_get) for nrf_power_gpregret_get
[...]
    __rt_memcpy_w                            0x000005b1   Thumb Code   100  rt_memcpy_w.o(.text)
    _memcpy_lastbytes_aligned                0x000005f9   Thumb Code     0  rt_memcpy_w.o(.text)
    memset                                   0x00000615   Thumb Code    22  memset.o(.text)
    __aeabi_memset                           0x0000062b   Thumb Code    16  aeabi_memset.o(.text)
    __aeabi_memclr                           0x0000063b   Thumb Code     0  rt_memclr.o(.text)
    __rt_memclr                              0x0000063b   Thumb Code    68  rt_memclr.o(.text)
    _memset                                  0x0000063f   Thumb Code     0  rt_memclr.o(.text)
    __aeabi_memclr4                          0x0000067f   Thumb Code     0  rt_memclr_w.o(.text)
    __aeabi_memclr8                          0x0000067f   Thumb Code     0  rt_memclr_w.o(.text)
    __rt_memclr_w                            0x0000067f   Thumb Code    78  rt_memclr_w.o(.text)
    _memset_w                                0x00000683   Thumb Code     0  rt_memclr_w.o(.text)
    __use_two_region_memory                  0x000006cd   Thumb Code     2  heapauxi.o(.text)
    __rt_heap_escrow$2region                 0x000006cf   Thumb Code     2  heapauxi.o(.text)
    __rt_heap_expand$2region                 0x000006d1   Thumb Code     2  heapauxi.o(.text)
    __user_setup_stackheap                   0x000006d3   Thumb Code    74  sys_stackheap_outer.o(.text)
    exit                                     0x0000071d   Thumb Code    18  exit.o(.text)
    __user_libspace                          0x00000731   Thumb Code     8  libspace.o(.text)
    __user_perproc_libspace                  0x00000731   Thumb Code     0  libspace.o(.text)
    __user_perthread_libspace                0x00000731   Thumb Code     0  libspace.o(.text)
    _sys_exit                                0x00000739   Thumb Code     8  sys_exit.o(.text)
    __I$use$semihosting                      0x00000745   Thumb Code     0  use_no_semi.o(.text)
    __use_no_semihosting_swi                 0x00000745   Thumb Code     2  use_no_semi.o(.text)
    __semihosting_library_function           0x00000747   Thumb Code     0  indicate_semi.o(.text)
    uECC_secp256r1                           0x00000a45   Thumb Code     8  uECC.c.o(.text.uECC_secp256r1)
    uECC_verify                              0x00000a4d   Thumb Code   740  uECC.c.o(.text.uECC_verify)
    RTC2_IRQHandler                          0x000016f5   Thumb Code   100  nrf_bootloader_dfu_timers.o(i.RTC2_IRQHandler)
    SWI2_EGU2_IRQHandler                     0x00001765   Thumb Code     8  nrf_sdh.o(i.SWI2_EGU2_IRQHandler)
    SystemCoreClockUpdate                    0x0000176d   Thumb Code     8  system_nrf52.o(i.SystemCoreClockUpdate)
    SystemInit                               0x0000177d   Thumb Code   596  system_nrf52.o(i.SystemInit)
    WDT_IRQHandler                           0x00001a15   Thumb Code    28  nrf_bootloader_wdt.o(i.WDT_IRQHandler)
    app_error_fault_handler                  0x00001bdd   Thumb Code     4  main.o(i.app_error_fault_handler)
    app_error_handler_bare                   0x00001be1   Thumb Code     4  main.o(i.app_error_handler_bare)
    app_sched_event_put                      0x00001c45   Thumb Code   164  app_scheduler.o(i.app_sched_event_put)
    app_sched_execute                        0x00001cfd   Thumb Code    94  app_scheduler.o(i.app_sched_execute)
    app_sched_init                           0x00001d71   Thumb Code    66  app_scheduler.o(i.app_sched_init)
    app_util_critical_region_enter           0x00001dcd   Thumb Code    12  app_util_platform.o(i.app_util_critical_region_enter)
    app_util_critical_region_exit            0x00001dd9   Thumb Code    62  app_util_platform.o(i.app_util_critical_region_exit)
    ble_dfu_init                             0x00001e99   Thumb Code   120  nrf_dfu_ble.o(i.ble_dfu_init)
    ble_dfu_transport_close                  0x00001ff5   Thumb Code   134  nrf_dfu_ble.o(i.ble_dfu_transport_close)
    ble_dfu_transport_init                   0x00002091   Thumb Code   140  nrf_dfu_ble.o(i.ble_dfu_transport_init)
    ble_srv_is_notification_enabled          0x000023e9   Thumb Code    18  ble_srv_common.o(i.ble_srv_is_notification_enabled)
    bsp_board_init                           0x000025c9   Thumb Code    26  boards.o(i.bsp_board_init)
    bsp_board_led_off                        0x000025e5   Thumb Code    16  boards.o(i.bsp_board_led_off)
    bsp_board_led_on                         0x000025f9   Thumb Code    16  boards.o(i.bsp_board_led_on)
    bsp_board_leds_off                       0x0000263d   Thumb Code    20  boards.o(i.bsp_board_leds_off)
    crc32_compute                            0x00002689   Thumb Code    70  crc32.o(i.crc32_compute)
    dfu_fstorage_evt_handler                 0x00002b1d   Thumb Code    18  nrf_dfu_flash.o(i.dfu_fstorage_evt_handler)
    ext_error_get                            0x000031d1   Thumb Code    12  nrf_dfu_handling_error.o(i.ext_error_get)
    ext_error_set                            0x000031e1   Thumb Code    10  nrf_dfu_handling_error.o(i.ext_error_set)
    fw_hash_ok                               0x00003231   Thumb Code    24  nrf_dfu_validation.o(i.fw_hash_ok)
    main                                     0x000035c5   Thumb Code   100  main.o(i.main)
    nrf_atfifo_clear                         0x00003649   Thumb Code    22  nrf_atfifo.o(i.nrf_atfifo_clear)
    nrf_atfifo_init                          0x0000365f   Thumb Code    40  nrf_atfifo.o(i.nrf_atfifo_init)
    nrf_atfifo_item_alloc                    0x00003687   Thumb Code    28  nrf_atfifo.o(i.nrf_atfifo_item_alloc)
    nrf_atfifo_item_free                     0x000036a3   Thumb Code    28  nrf_atfifo.o(i.nrf_atfifo_item_free)
    nrf_atfifo_item_get                      0x000036bf   Thumb Code    28  nrf_atfifo.o(i.nrf_atfifo_item_get)
    nrf_atfifo_item_put                      0x000036db   Thumb Code    28  nrf_atfifo.o(i.nrf_atfifo_item_put)
    nrf_atomic_flag_clear                    0x000036f7   Thumb Code    14  nrf_atomic.o(i.nrf_atomic_flag_clear)
    nrf_atomic_flag_set_fetch                0x00003705   Thumb Code    14  nrf_atomic.o(i.nrf_atomic_flag_set_fetch)
    nrf_atomic_u32_and                       0x00003713   Thumb Code    22  nrf_atomic.o(i.nrf_atomic_u32_and)
    nrf_atomic_u32_fetch_or                  0x00003729   Thumb Code    22  nrf_atomic.o(i.nrf_atomic_u32_fetch_or)
    nrf_balloc_alloc                         0x0000373f   Thumb Code    82  nrf_balloc.o(i.nrf_balloc_alloc)
    nrf_balloc_free                          0x000037a1   Thumb Code    48  nrf_balloc.o(i.nrf_balloc_free)
    nrf_balloc_init                          0x000037dd   Thumb Code    60  nrf_balloc.o(i.nrf_balloc_init)
    nrf_bootloader_app_start                 0x00003819   Thumb Code    36  nrf_bootloader_app_start.o(i.nrf_bootloader_app_start)
    nrf_bootloader_app_start_final           0x00003841   Thumb Code   174  nrf_bootloader_app_start_final.o(i.nrf_bootloader_app_start_final)
    nrf_bootloader_dfu_inactivity_timer_restart 0x000038f9   Thumb Code    30  nrf_bootloader_dfu_timers.o(i.nrf_bootloader_dfu_inactivity_timer_restart)
    nrf_bootloader_flash_protect             0x0000391d   Thumb Code   134  nrf_bootloader_app_start_final.o(i.nrf_bootloader_flash_protect)
    nrf_bootloader_fw_activate               0x000039a9   Thumb Code   132  nrf_bootloader_fw_activation.o(i.nrf_bootloader_fw_activate)
    nrf_bootloader_init                      0x00003a39   Thumb Code   184  nrf_bootloader.o(i.nrf_bootloader_init)
    nrf_bootloader_mbr_addrs_populate        0x00003b05   Thumb Code    46  nrf_bootloader_info.o(i.nrf_bootloader_mbr_addrs_populate)
    nrf_bootloader_wdt_feed                  0x00003b39   Thumb Code    14  nrf_bootloader_wdt.o(i.nrf_bootloader_wdt_feed)
    nrf_bootloader_wdt_feed_timer_start      0x00003b49   Thumb Code    26  nrf_bootloader_dfu_timers.o(i.nrf_bootloader_wdt_feed_timer_start)
    nrf_bootloader_wdt_init                  0x00003b69   Thumb Code    86  nrf_bootloader_wdt.o(i.nrf_bootloader_wdt_init)
    nrf_crypto_backend_micro_ecc_curve_get   0x00003bcd   Thumb Code    22  micro_ecc_backend_ecc.o(i.nrf_crypto_backend_micro_ecc_curve_get)
    nrf_crypto_backend_micro_ecc_public_key_from_raw 0x00003be3   Thumb Code    30  micro_ecc_backend_ecc.o(i.nrf_crypto_backend_micro_ecc_public_key_from_raw)
    nrf_crypto_backend_micro_ecc_verify      0x00003c01   Thumb Code    98  micro_ecc_backend_ecdsa.o(i.nrf_crypto_backend_micro_ecc_verify)
    nrf_crypto_ecc_public_key_from_raw       0x00003c65   Thumb Code    94  nrf_crypto_ecc.o(i.nrf_crypto_ecc_public_key_from_raw)
    nrf_crypto_ecdsa_verify                  0x00003ccd   Thumb Code   160  nrf_crypto_ecdsa.o(i.nrf_crypto_ecdsa_verify)
    nrf_crypto_hash_calculate                0x00003d75   Thumb Code   102  nrf_crypto_hash.o(i.nrf_crypto_hash_calculate)
    nrf_crypto_hash_finalize                 0x00003ddb   Thumb Code    82  nrf_crypto_hash.o(i.nrf_crypto_hash_finalize)
    nrf_crypto_hash_init                     0x00003e2d   Thumb Code    60  nrf_crypto_hash.o(i.nrf_crypto_hash_init)
    nrf_crypto_hash_update                   0x00003e6d   Thumb Code    66  nrf_crypto_hash.o(i.nrf_crypto_hash_update)
    nrf_crypto_init                          0x00003eb1   Thumb Code    58  nrf_crypto_init.o(i.nrf_crypto_init)
    nrf_crypto_internal_double_swap_endian   0x00003ef9   Thumb Code    30  nrf_crypto_shared.o(i.nrf_crypto_internal_double_swap_endian)
    nrf_crypto_internal_double_swap_endian_in_place 0x00003f17   Thumb Code    24  nrf_crypto_shared.o(i.nrf_crypto_internal_double_swap_endian_in_place)
    nrf_crypto_internal_ecc_key_input_check  0x00003f2f   Thumb Code    34  nrf_crypto_ecc.o(i.nrf_crypto_internal_ecc_key_input_check)
    nrf_crypto_internal_ecc_key_output_prepare 0x00003f51   Thumb Code    36  nrf_crypto_ecc.o(i.nrf_crypto_internal_ecc_key_output_prepare)
    nrf_crypto_internal_ecc_raw_input_check  0x00003f75   Thumb Code    32  nrf_crypto_ecc.o(i.nrf_crypto_internal_ecc_raw_input_check)
    nrf_crypto_internal_swap_endian          0x00003f95   Thumb Code    26  nrf_crypto_shared.o(i.nrf_crypto_internal_swap_endian)
    nrf_crypto_internal_swap_endian_in_place 0x00003faf   Thumb Code    32  nrf_crypto_shared.o(i.nrf_crypto_internal_swap_endian_in_place)
    nrf_dfu_bank0_start_addr                 0x00003fd1   Thumb Code    44  nrf_dfu_utils.o(i.nrf_dfu_bank0_start_addr)
    nrf_dfu_bank1_start_addr                 0x00004001   Thumb Code    34  nrf_dfu_utils.o(i.nrf_dfu_bank1_start_addr)
    nrf_dfu_bank_invalidate                  0x00004029   Thumb Code    14  nrf_dfu_utils.o(i.nrf_dfu_bank_invalidate)
    nrf_dfu_cache_prepare                    0x0000403d   Thumb Code   192  nrf_dfu_utils.o(i.nrf_dfu_cache_prepare)
    nrf_dfu_flash_erase                      0x000041b9   Thumb Code    32  nrf_dfu_flash.o(i.nrf_dfu_flash_erase)
    nrf_dfu_flash_init                       0x000041dd   Thumb Code    24  nrf_dfu_flash.o(i.nrf_dfu_flash_init)
    nrf_dfu_flash_store                      0x00004201   Thumb Code    36  nrf_dfu_flash.o(i.nrf_dfu_flash_store)
    nrf_dfu_init                             0x00004229   Thumb Code    40  nrf_dfu.o(i.nrf_dfu_init)
    nrf_dfu_init_user                        0x00004259   Thumb Code     4  nrf_bootloader.o(i.nrf_dfu_init_user)
    nrf_dfu_mbr_copy_bl                      0x0000425d   Thumb Code    38  nrf_dfu_mbr.o(i.nrf_dfu_mbr_copy_bl)
    nrf_dfu_mbr_init_sd                      0x00004285   Thumb Code    22  nrf_dfu_mbr.o(i.nrf_dfu_mbr_init_sd)
    nrf_dfu_mbr_irq_forward_address_set      0x000042a1   Thumb Code    18  nrf_dfu_mbr.o(i.nrf_dfu_mbr_irq_forward_address_set)
    nrf_dfu_req_handler_init                 0x00004309   Thumb Code    68  nrf_dfu_req_handler.o(i.nrf_dfu_req_handler_init)
    nrf_dfu_req_handler_on_req               0x00004359   Thumb Code    28  nrf_dfu_req_handler.o(i.nrf_dfu_req_handler_on_req)
    nrf_dfu_settings_additional_erase        0x000044ad   Thumb Code    48  nrf_dfu_settings_svci.o(i.nrf_dfu_settings_additional_erase)
    nrf_dfu_settings_adv_name_copy           0x000044e1   Thumb Code    28  nrf_dfu_settings_svci.o(i.nrf_dfu_settings_adv_name_copy)
    nrf_dfu_settings_adv_name_is_valid       0x00004501   Thumb Code    30  nrf_dfu_settings_svci.o(i.nrf_dfu_settings_adv_name_is_valid)
    nrf_dfu_settings_adv_name_write          0x00004525   Thumb Code    56  nrf_dfu_settings_svci.o(i.nrf_dfu_settings_adv_name_write)
    nrf_dfu_settings_backup                  0x00004561   Thumb Code    14  nrf_dfu_settings.o(i.nrf_dfu_settings_backup)
    nrf_dfu_settings_init                    0x00004575   Thumb Code    40  nrf_dfu_settings.o(i.nrf_dfu_settings_init)
    nrf_dfu_settings_reinit                  0x0000459d   Thumb Code   142  nrf_dfu_settings.o(i.nrf_dfu_settings_reinit)
    nrf_dfu_settings_write                   0x0000463d   Thumb Code    38  nrf_dfu_settings.o(i.nrf_dfu_settings_write)
    nrf_dfu_settings_write_and_backup        0x00004671   Thumb Code    26  nrf_dfu_settings.o(i.nrf_dfu_settings_write_and_backup)
    nrf_dfu_softdevice_start_address         0x00004691   Thumb Code     6  nrf_dfu_utils.o(i.nrf_dfu_softdevice_start_address)
    nrf_dfu_transports_close                 0x00004699   Thumb Code    54  nrf_dfu_transport.o(i.nrf_dfu_transports_close)
    nrf_dfu_transports_init                  0x000046d9   Thumb Code    54  nrf_dfu_transport.o(i.nrf_dfu_transports_init)
    nrf_dfu_validation_activation_prepare    0x00004719   Thumb Code    18  nrf_dfu_validation.o(i.nrf_dfu_validation_activation_prepare)
    nrf_dfu_validation_boot_validate         0x0000472b   Thumb Code   112  nrf_dfu_validation.o(i.nrf_dfu_validation_boot_validate)
    nrf_dfu_validation_init                  0x00004811   Thumb Code    30  nrf_dfu_validation.o(i.nrf_dfu_validation_init)
    nrf_dfu_validation_init_cmd_append       0x00004839   Thumb Code    72  nrf_dfu_validation.o(i.nrf_dfu_validation_init_cmd_append)
    nrf_dfu_validation_init_cmd_create       0x00004885   Thumb Code    40  nrf_dfu_validation.o(i.nrf_dfu_validation_init_cmd_create)
    nrf_dfu_validation_init_cmd_execute      0x000048b5   Thumb Code   126  nrf_dfu_validation.o(i.nrf_dfu_validation_init_cmd_execute)
    nrf_dfu_validation_init_cmd_present      0x00004941   Thumb Code     6  nrf_dfu_validation.o(i.nrf_dfu_validation_init_cmd_present)
    nrf_dfu_validation_prevalidate           0x0000494d   Thumb Code    94  nrf_dfu_validation.o(i.nrf_dfu_validation_prevalidate)
    nrf_dfu_ver_validation_check             0x00004a55   Thumb Code    92  nrf_dfu_ver_validation.o(i.nrf_dfu_ver_validation_check)
    nrf_fstorage_erase                       0x00004ab1   Thumb Code    76  nrf_fstorage.o(i.nrf_fstorage_erase)
    nrf_fstorage_init                        0x00004afd   Thumb Code    30  nrf_fstorage.o(i.nrf_fstorage_init)
    nrf_fstorage_is_busy                     0x00004b1d   Thumb Code    74  nrf_fstorage.o(i.nrf_fstorage_is_busy)
    nrf_fstorage_sdh_req_handler             0x00004b71   Thumb Code    22  nrf_fstorage_sd.o(i.nrf_fstorage_sdh_req_handler)
    nrf_fstorage_sdh_state_handler           0x00004b8d   Thumb Code    40  nrf_fstorage_sd.o(i.nrf_fstorage_sdh_state_handler)
    nrf_fstorage_sys_evt_handler             0x00004bb9   Thumb Code   130  nrf_fstorage_sd.o(i.nrf_fstorage_sys_evt_handler)
    nrf_fstorage_write                       0x00004c45   Thumb Code    94  nrf_fstorage.o(i.nrf_fstorage_write)
    nrf_nvmc_page_erase                      0x00004d05   Thumb Code    90  nrf_nvmc.o(i.nrf_nvmc_page_erase)
    nrf_nvmc_write_word                      0x00004d65   Thumb Code    90  nrf_nvmc.o(i.nrf_nvmc_write_word)
    nrf_nvmc_write_words                     0x00004dc5   Thumb Code   112  nrf_nvmc.o(i.nrf_nvmc_write_words)
    nrf_sdh_ble_app_ram_start_get            0x00004e65   Thumb Code    18  nrf_sdh_ble.o(i.nrf_sdh_ble_app_ram_start_get)
    nrf_sdh_ble_default_cfg_set              0x00004e7d   Thumb Code   188  nrf_sdh_ble.o(i.nrf_sdh_ble_default_cfg_set)
    nrf_sdh_ble_enable                       0x00004f39   Thumb Code    32  nrf_sdh_ble.o(i.nrf_sdh_ble_enable)
    nrf_sdh_disable_request                  0x00004fd1   Thumb Code    90  nrf_sdh.o(i.nrf_sdh_disable_request)
    nrf_sdh_enable_request                   0x00005035   Thumb Code   112  nrf_sdh.o(i.nrf_sdh_enable_request)
    nrf_sdh_evts_poll                        0x000050b9   Thumb Code    44  nrf_sdh.o(i.nrf_sdh_evts_poll)
    nrf_sdh_is_enabled                       0x000050e9   Thumb Code     6  nrf_sdh.o(i.nrf_sdh_is_enabled)
    nrf_sdh_request_continue                 0x000050f5   Thumb Code    30  nrf_sdh.o(i.nrf_sdh_request_continue)
    nrf_section_iter_init                    0x00005177   Thumb Code    20  nrf_section_iter.o(i.nrf_section_iter_init)
    nrf_section_iter_next                    0x000051b9   Thumb Code    46  nrf_section_iter.o(i.nrf_section_iter_next)
    nrf_svc_handler_c                        0x000051e9   Thumb Code   114  nrf_svc_handler.o(i.nrf_svc_handler_c)
    pb_close_string_substream                0x00005855   Thumb Code     6  pb_decode.o(i.pb_close_string_substream)
    pb_decode                                0x00005afd   Thumb Code    36  pb_decode.o(i.pb_decode)
    pb_decode_fixed32                        0x00005b21   Thumb Code    56  pb_decode.o(i.pb_decode_fixed32)
    pb_decode_fixed64                        0x00005b59   Thumb Code   126  pb_decode.o(i.pb_decode_fixed64)
    pb_decode_noinit                         0x00005bd7   Thumb Code   350  pb_decode.o(i.pb_decode_noinit)
    pb_decode_svarint                        0x00005d35   Thumb Code    82  pb_decode.o(i.pb_decode_svarint)
    pb_decode_tag                            0x00005d87   Thumb Code    70  pb_decode.o(i.pb_decode_tag)
    pb_decode_varint                         0x00005dcd   Thumb Code    90  pb_decode.o(i.pb_decode_varint)
    pb_field_iter_begin                      0x00005efd   Thumb Code    48  pb_common.o(i.pb_field_iter_begin)
    pb_field_iter_find                       0x00005f2d   Thumb Code    50  pb_common.o(i.pb_field_iter_find)
    pb_field_iter_next                       0x00005f5f   Thumb Code   154  pb_common.o(i.pb_field_iter_next)
    pb_istream_from_buffer                   0x000060c5   Thumb Code    32  pb_decode.o(i.pb_istream_from_buffer)
    pb_make_string_substream                 0x000060e9   Thumb Code    56  pb_decode.o(i.pb_make_string_substream)
    pb_read                                  0x00006151   Thumb Code    92  pb_decode.o(i.pb_read)
    pb_skip_field                            0x000061d9   Thumb Code    66  pb_decode.o(i.pb_skip_field)
    postvalidate                             0x00006261   Thumb Code   182  nrf_dfu_validation.o(i.postvalidate)
    settings_backup                          0x00006a2d   Thumb Code    24  nrf_dfu_settings.o(i.settings_backup)
    sha256_final                             0x00006b21   Thumb Code   466  sha256.o(i.sha256_final)
    sha256_init                              0x00006cf5   Thumb Code    58  sha256.o(i.sha256_init)
    sha256_transform                         0x00006d51   Thumb Code   558  sha256.o(i.sha256_transform)
    sha256_update                            0x00006f85   Thumb Code    88  sha256.o(i.sha256_update)
    _fp_init                                 0x000075e5   Thumb Code    10  fpinit.o(x$fpl$fpinit)
    __fplib_config_fpu_vfp                   0x000075ed   Thumb Code     0  fpinit.o(x$fpl$fpinit)
    __fplib_config_pureend_doubles           0x000075ed   Thumb Code     0  fpinit.o(x$fpl$fpinit)
    pk                                       0x000075f0   Data          64  public_key.o(.constdata)
    g_nrf_crypto_hash_sha256_info            0x00007658   Data          24  nrf_sw_backend_hash.o(.constdata)
    g_nrf_crypto_ecc_secp256r1_curve_info    0x00007670   Data          12  micro_ecc_backend_ecc.o(.constdata)
    dfu_init_command_is_debug_default        0x0000767c   Data           1  dfu-cc.pb.o(.constdata)
    dfu_hash_fields                          0x00007680   Data          48  dfu-cc.pb.o(.constdata)
    dfu_boot_validation_fields               0x000076b0   Data          48  dfu-cc.pb.o(.constdata)
    dfu_init_command_fields                  0x000076e0   Data         176  dfu-cc.pb.o(.constdata)
    dfu_command_fields                       0x00007790   Data          48  dfu-cc.pb.o(.constdata)
    dfu_signed_command_fields                0x000077c0   Data          64  dfu-cc.pb.o(.constdata)
    dfu_packet_fields                        0x00007800   Data          48  dfu-cc.pb.o(.constdata)
    nrf_fstorage_nvmc                        0x0000799c   Data          32  nrf_fstorage_nvmc.o(.constdata)
    nrf_fstorage_sd                          0x000079cc   Data          32  nrf_fstorage_sd.o(.constdata)
    m_ram_start                              0x00007b70   Data           4  nrf_sdh_ble.o(.constdata)
    Region$$Table$$Base                      0x00007c64   Number         0  anon$$obj.o(Region$$Table)
    Region$$Table$$Limit                     0x00007ca4   Number         0  anon$$obj.o(Region$$Table)
    ble_dfu_transport                        0x00007ca4   Data           8  nrf_dfu_ble.o(dfu_trans)
    dfu_trans$$Base                          0x00007ca4   Number         0  nrf_dfu_ble.o(dfu_trans)
    dfu_trans$$Limit                         0x00007cac   Number         0  nrf_dfu_ble.o(dfu_trans)
    m_buffer_pool                            0x00007cac   Data          20  nrf_dfu_ble.o(nrf_balloc)
    sdh_ble_observers2$$Base                 0x00007cc0   Number         0  nrf_dfu_ble.o(sdh_ble_observers2)
    m_req_obs                                0x00007cc8   Data           8  nrf_fstorage_sd.o(sdh_req_observers0)
    sdh_ble_observers2$$Limit                0x00007cc8   Number         0  nrf_dfu_ble.o(sdh_ble_observers2)
    sdh_req_observers0$$Base                 0x00007cc8   Number         0  nrf_fstorage_sd.o(sdh_req_observers0)
    sdh_req_observers0$$Limit                0x00007cd0   Number         0  nrf_fstorage_sd.o(sdh_req_observers0)
    sdh_soc_observers0$$Base                 0x00007cd0   Number         0  nrf_fstorage_sd.o(sdh_soc_observers0)
    sdh_soc_observers0$$Limit                0x00007cd8   Number         0  nrf_fstorage_sd.o(sdh_soc_observers0)
    sdh_stack_observers0$$Base               0x00007cd8   Number         0  nrf_sdh_ble.o(sdh_stack_observers0)
    sdh_stack_observers0$$Limit              0x00007ce8   Number         0  nrf_sdh_soc.o(sdh_stack_observers0)
    sdh_state_observers0$$Base               0x00007ce8   Number         0  nrf_fstorage_sd.o(sdh_state_observers0)
    nrf_dfu_set_adv_name_var                 0x00007cf0   Data          12  nrf_dfu_svci_handler.o(svc_data)
    sdh_state_observers0$$Limit              0x00007cf0   Number         0  nrf_fstorage_sd.o(sdh_state_observers0)
    svc_data$$Base                           0x00007cf0   Number         0  nrf_dfu_svci_handler.o(svc_data)
    svc_data$$Limit                          0x00007cfc   Number         0  nrf_dfu_svci_handler.o(svc_data)
    m_mbr_params_page                        0x0007e000   Data        4096  nrf_dfu_settings.o(.ARM.__AT_0x0007E000)
    m_dfu_settings_buffer                    0x0007f000   Data        4096  nrf_dfu_settings.o(.ARM.__AT_0x0007F000)
    mp_dfu_settings_backup_buffer            0x00800004   Data           4  nrf_dfu_settings.o(.data)
    SystemCoreClock                          0x00800024   Data           4  system_nrf52.o(.data)
    s_dfu_settings                           0x00800448   Data         896  nrf_dfu_settings.o(.bss)
    nrf_nvic_state                           0x008012bc   Data          12  app_util_platform.o(.bss)
    __libspace_start                         0x008012c8   Data          96  libspace.o(.bss)
    __temporary_stack_top$libspace           0x00801328   Data           0  libspace.o(.bss)
    m_uicr_bootloader_start_address          0x10001014   Data           4  nrf_bootloader_info.o(.ARM.__AT_0x10001014)
    m_uicr_mbr_params_page_address           0x10001018   Data           4  nrf_dfu_settings.o(.ARM.__AT_0x10001018)
    Image$$RW_IRAM1$$Base                    0x20000000   Number         0  anon$$obj.o ABSOLUTE
    m_timers                                 0x20000008   Data          32  nrf_bootloader_dfu_timers.o(.data)
    mp_inactivity                            0x20000028   Data           4  nrf_bootloader_dfu_timers.o(.data)
    mp_wdt_feed                              0x2000002c   Data           4  nrf_bootloader_dfu_timers.o(.data)
    m_counter_loops                          0x20000030   Data           4  nrf_bootloader_dfu_timers.o(.data)
    fs_data$$Base                            0x20000084   Number         0  nrf_dfu_flash.o(fs_data)
    m_fs                                     0x20000084   Data          20  nrf_dfu_flash.o(fs_data)
    fs_data$$Limit                           0x20000098   Number         0  nrf_dfu_flash.o(fs_data)



==============================================================================

Memory Map of the image

  Image Entry point : 0x00000201

  Load Region LR_IROM1 (Base: 0x00000000, Size: 0x00007dbc, Max: 0x00080000, ABSOLUTE)

    Execution Region ER_IROM1 (Exec base: 0x00000000, Load base: 0x00000000, Size: 0x00007cfc, Max: 0x00080000, ABSOLUTE)

    Exec Addr    Load Addr    Size         Type   Attr      Idx    E Section Name        Object

    0x00000000   0x00000000   0x00000200   Data   RO         5079    RESET               arm_startup_nrf52.o
    0x00000200   0x00000200   0x00000008   Code   RO         6050  * !!!main             c_w.l(__main.o)
    0x00000208   0x00000208   0x00000034   Code   RO         6207    !!!scatter          c_w.l(__scatter.o)
    0x0000023c   0x0000023c   0x0000001a   Code   RO         6209    !!handler_copy      c_w.l(__scatter_copy.o)
    0x00000256   0x00000256   0x00000002   PAD
    0x00000258   0x00000258   0x0000001c   Code   RO         6211    !!handler_zi        c_w.l(__scatter_zi.o)
    0x00000274   0x00000274   0x00000002   Code   RO         6077    .ARM.Collect$$libinit$$00000000  c_w.l(libinit.o)
    0x00000276   0x00000276   0x00000004   Code   RO         6083    .ARM.Collect$$libinit$$00000001  c_w.l(libinit2.o)
    0x0000027a   0x0000027a   0x00000000   Code   RO         6086    .ARM.Collect$$libinit$$00000004  c_w.l(libinit2.o)
    0x0000027a   0x0000027a   0x00000000   Code   RO         6089    .ARM.Collect$$libinit$$0000000A  c_w.l(libinit2.o)
    0x0000027a   0x0000027a   0x00000000   Code   RO         6091    .ARM.Collect$$libinit$$0000000C  c_w.l(libinit2.o)
    0x0000027a   0x0000027a   0x00000000   Code   RO         6093    .ARM.Collect$$libinit$$0000000E  c_w.l(libinit2.o)
    0x0000027a   0x0000027a   0x00000000   Code   RO         6096    .ARM.Collect$$libinit$$00000011  c_w.l(libinit2.o)
    0x0000027a   0x0000027a   0x00000000   Code   RO         6098    .ARM.Collect$$libinit$$00000013  c_w.l(libinit2.o)
    0x0000027a   0x0000027a   0x00000000   Code   RO         6100    .ARM.Collect$$libinit$$00000015  c_w.l(libinit2.o)
    0x0000027a   0x0000027a   0x00000000   Code   RO         6102    .ARM.Collect$$libinit$$00000017  c_w.l(libinit2.o)
    0x0000027a   0x0000027a   0x00000000   Code   RO         6104    .ARM.Collect$$libinit$$00000019  c_w.l(libinit2.o)
    0x0000027a   0x0000027a   0x00000000   Code   RO         6106    .ARM.Collect$$libinit$$0000001B  c_w.l(libinit2.o)
    0x0000027a   0x0000027a   0x00000000   Code   RO         6108    .ARM.Collect$$libinit$$0000001D  c_w.l(libinit2.o)
    0x0000027a   0x0000027a   0x00000000   Code   RO         6110    .ARM.Collect$$libinit$$0000001F  c_w.l(libinit2.o)
    0x0000027a   0x0000027a   0x00000000   Code   RO         6112    .ARM.Collect$$libinit$$00000021  c_w.l(libinit2.o)
    0x0000027a   0x0000027a   0x00000000   Code   RO         6114    .ARM.Collect$$libinit$$00000023  c_w.l(libinit2.o)
    0x0000027a   0x0000027a   0x00000000   Code   RO         6116    .ARM.Collect$$libinit$$00000025  c_w.l(libinit2.o)
    0x0000027a   0x0000027a   0x00000000   Code   RO         6120    .ARM.Collect$$libinit$$0000002C  c_w.l(libinit2.o)
    0x0000027a   0x0000027a   0x00000000   Code   RO         6122    .ARM.Collect$$libinit$$0000002E  c_w.l(libinit2.o)
    0x0000027a   0x0000027a   0x00000000   Code   RO         6124    .ARM.Collect$$libinit$$00000030  c_w.l(libinit2.o)
    0x0000027a   0x0000027a   0x00000000   Code   RO         6126    .ARM.Collect$$libinit$$00000032  c_w.l(libinit2.o)
    0x0000027a   0x0000027a   0x00000002   Code   RO         6127    .ARM.Collect$$libinit$$00000033  c_w.l(libinit2.o)
    0x0000027c   0x0000027c   0x00000002   Code   RO         6147    .ARM.Collect$$libshutdown$$00000000  c_w.l(libshutdown.o)
    0x0000027e   0x0000027e   0x00000000   Code   RO         6160    .ARM.Collect$$libshutdown$$00000002  c_w.l(libshutdown2.o)
    0x0000027e   0x0000027e   0x00000000   Code   RO         6162    .ARM.Collect$$libshutdown$$00000004  c_w.l(libshutdown2.o)
    0x0000027e   0x0000027e   0x00000000   Code   RO         6165    .ARM.Collect$$libshutdown$$00000007  c_w.l(libshutdown2.o)
    0x0000027e   0x0000027e   0x00000000   Code   RO         6168    .ARM.Collect$$libshutdown$$0000000A  c_w.l(libshutdown2.o)
    0x0000027e   0x0000027e   0x00000000   Code   RO         6170    .ARM.Collect$$libshutdown$$0000000C  c_w.l(libshutdown2.o)
    0x0000027e   0x0000027e   0x00000000   Code   RO         6173    .ARM.Collect$$libshutdown$$0000000F  c_w.l(libshutdown2.o)
    0x0000027e   0x0000027e   0x00000002   Code   RO         6174    .ARM.Collect$$libshutdown$$00000010  c_w.l(libshutdown2.o)
    0x00000280   0x00000280   0x00000000   Code   RO         6052    .ARM.Collect$$rtentry$$00000000  c_w.l(__rtentry.o)
    0x00000280   0x00000280   0x00000000   Code   RO         6054    .ARM.Collect$$rtentry$$00000002  c_w.l(__rtentry2.o)
    0x00000280   0x00000280   0x00000006   Code   RO         6066    .ARM.Collect$$rtentry$$00000004  c_w.l(__rtentry4.o)
    0x00000286   0x00000286   0x00000000   Code   RO         6056    .ARM.Collect$$rtentry$$00000009  c_w.l(__rtentry2.o)
    0x00000286   0x00000286   0x00000004   Code   RO         6057    .ARM.Collect$$rtentry$$0000000A  c_w.l(__rtentry2.o)
    0x0000028a   0x0000028a   0x00000000   Code   RO         6059    .ARM.Collect$$rtentry$$0000000C  c_w.l(__rtentry2.o)
    0x0000028a   0x0000028a   0x00000008   Code   RO         6060    .ARM.Collect$$rtentry$$0000000D  c_w.l(__rtentry2.o)
    0x00000292   0x00000292   0x00000002   Code   RO         6081    .ARM.Collect$$rtexit$$00000000  c_w.l(rtexit.o)
    0x00000294   0x00000294   0x00000000   Code   RO         6129    .ARM.Collect$$rtexit$$00000002  c_w.l(rtexit2.o)
    0x00000294   0x00000294   0x00000004   Code   RO         6130    .ARM.Collect$$rtexit$$00000003  c_w.l(rtexit2.o)
    0x00000298   0x00000298   0x00000006   Code   RO         6131    .ARM.Collect$$rtexit$$00000004  c_w.l(rtexit2.o)
    0x0000029e   0x0000029e   0x00000002   PAD
    0x000002a0   0x000002a0   0x00000008   Code   RO          742    .emb_text           nrf_bootloader_app_start_final.o
    0x000002a8   0x000002a8   0x000000c8   Code   RO         3520    .emb_text           nrf_atfifo.o
    0x00000370   0x00000370   0x000000e2   Code   RO         3596    .emb_text           nrf_atomic.o
    0x00000452   0x00000452   0x00000002   PAD
    0x00000454   0x00000454   0x00000014   Code   RO         4582    .emb_text           nrf_svc_handler.o
    0x00000468   0x00000468   0x00000040   Code   RO         5080    .text               arm_startup_nrf52.o
    0x000004a8   0x000004a8   0x00000026   Code   RO         6030    .text               c_w.l(llshl.o)
    0x000004ce   0x000004ce   0x00000058   Code   RO         6032    .text               c_w.l(memcmp.o)
    0x00000526   0x00000526   0x0000008a   Code   RO         6036    .text               c_w.l(rt_memcpy_v6.o)
    0x000005b0   0x000005b0   0x00000064   Code   RO         6038    .text               c_w.l(rt_memcpy_w.o)
    0x00000614   0x00000614   0x00000016   Code   RO         6040    .text               c_w.l(memset.o)
    0x0000062a   0x0000062a   0x00000010   Code   RO         6042    .text               c_w.l(aeabi_memset.o)
    0x0000063a   0x0000063a   0x00000044   Code   RO         6044    .text               c_w.l(rt_memclr.o)
    0x0000067e   0x0000067e   0x0000004e   Code   RO         6046    .text               c_w.l(rt_memclr_w.o)
    0x000006cc   0x000006cc   0x00000006   Code   RO         6048    .text               c_w.l(heapauxi.o)
    0x000006d2   0x000006d2   0x0000004a   Code   RO         6068    .text               c_w.l(sys_stackheap_outer.o)
    0x0000071c   0x0000071c   0x00000012   Code   RO         6070    .text               c_w.l(exit.o)
    0x0000072e   0x0000072e   0x00000002   PAD
    0x00000730   0x00000730   0x00000008   Code   RO         6078    .text               c_w.l(libspace.o)
    0x00000738   0x00000738   0x0000000c   Code   RO         6139    .text               c_w.l(sys_exit.o)
    0x00000744   0x00000744   0x00000002   Code   RO         6150    .text               c_w.l(use_no_semi.o)
    0x00000746   0x00000746   0x00000000   Code   RO         6152    .text               c_w.l(indicate_semi.o)
    0x00000746   0x00000746   0x000000ca   Code   RO         5982    .text.XYcZ_add      micro_ecc_lib_nrf52.lib(uECC.c.o)
    0x00000810   0x00000810   0x0000003e   Code   RO         5981    .text.apply_z       micro_ecc_lib_nrf52.lib(uECC.c.o)
    0x0000084e   0x0000084e   0x00000014   Code   RO         5954    .text.bcopy         micro_ecc_lib_nrf52.lib(uECC.c.o)
    0x00000862   0x00000862   0x0000008a   Code   RO         5986    .text.bits2int      micro_ecc_lib_nrf52.lib(uECC.c.o)
    0x000008ec   0x000008ec   0x00000156   Code   RO         5971    .text.double_jacobian_default  micro_ecc_lib_nrf52.lib(uECC.c.o)
    0x00000a42   0x00000a42   0x00000002   PAD
    0x00000a44   0x00000a44   0x00000008   Code   RO         6004    .text.uECC_secp256r1  micro_ecc_lib_nrf52.lib(uECC.c.o)
    0x00000a4c   0x00000a4c   0x000002e4   Code   RO         6013    .text.uECC_verify   micro_ecc_lib_nrf52.lib(uECC.c.o)
    0x00000d30   0x00000d30   0x0000005c   Code   RO         5955    .text.uECC_vli_add  micro_ecc_lib_nrf52.lib(uECC.c.o)
    0x00000d8c   0x00000d8c   0x00000016   Code   RO         5958    .text.uECC_vli_clear  micro_ecc_lib_nrf52.lib(uECC.c.o)
    0x00000da2   0x00000da2   0x00000028   Code   RO         5963    .text.uECC_vli_cmp_unsafe  micro_ecc_lib_nrf52.lib(uECC.c.o)
    0x00000dca   0x00000dca   0x0000001e   Code   RO         5959    .text.uECC_vli_isZero  micro_ecc_lib_nrf52.lib(uECC.c.o)
    0x00000de8   0x00000de8   0x00000032   Code   RO         5966    .text.uECC_vli_modAdd  micro_ecc_lib_nrf52.lib(uECC.c.o)
    0x00000e1a   0x00000e1a   0x0000010c   Code   RO         5992    .text.uECC_vli_modInv  micro_ecc_lib_nrf52.lib(uECC.c.o)
    0x00000f26   0x00000f26   0x00000148   Code   RO         5968    .text.uECC_vli_modMult  micro_ecc_lib_nrf52.lib(uECC.c.o)
    0x0000106e   0x0000106e   0x00000020   Code   RO         5969    .text.uECC_vli_modMult_fast  micro_ecc_lib_nrf52.lib(uECC.c.o)
    0x0000108e   0x0000108e   0x00000008   Code   RO         5970    .text.uECC_vli_modSquare_fast  micro_ecc_lib_nrf52.lib(uECC.c.o)
    0x00001096   0x00001096   0x00000024   Code   RO         5967    .text.uECC_vli_modSub  micro_ecc_lib_nrf52.lib(uECC.c.o)
    0x000010ba   0x000010ba   0x00000312   Code   RO         5957    .text.uECC_vli_mult  micro_ecc_lib_nrf52.lib(uECC.c.o)
    0x000013cc   0x000013cc   0x0000003a   Code   RO         5961    .text.uECC_vli_numBits  micro_ecc_lib_nrf52.lib(uECC.c.o)
    0x00001406   0x00001406   0x0000001c   Code   RO         5965    .text.uECC_vli_rshift1  micro_ecc_lib_nrf52.lib(uECC.c.o)
    0x00001422   0x00001422   0x00000018   Code   RO         5962    .text.uECC_vli_set  micro_ecc_lib_nrf52.lib(uECC.c.o)
    0x0000143a   0x0000143a   0x00000006   PAD
    0x00001440   0x00001440   0x00000060   Code   RO         5956    .text.uECC_vli_sub  micro_ecc_lib_nrf52.lib(uECC.c.o)
    0x000014a0   0x000014a0   0x00000014   Code   RO         5960    .text.uECC_vli_testBit  micro_ecc_lib_nrf52.lib(uECC.c.o)
    0x000014b4   0x000014b4   0x000001ac   Code   RO         5977    .text.vli_mmod_fast_secp256r1  micro_ecc_lib_nrf52.lib(uECC.c.o)
    0x00001660   0x00001660   0x00000038   Code   RO         5991    .text.vli_modInv_update  micro_ecc_lib_nrf52.lib(uECC.c.o)
    0x00001698   0x00001698   0x0000005a   Code   RO         5972    .text.x_side_default  micro_ecc_lib_nrf52.lib(uECC.c.o)
    0x000016f2   0x000016f2   0x00000002   PAD
    0x000016f4   0x000016f4   0x00000070   Code   RO          779    i.RTC2_IRQHandler   nrf_bootloader_dfu_timers.o
    0x00001764   0x00001764   0x00000008   Code   RO         4617    i.SWI2_EGU2_IRQHandler  nrf_sdh.o
    0x0000176c   0x0000176c   0x00000010   Code   RO         5087    i.SystemCoreClockUpdate  system_nrf52.o
    0x0000177c   0x0000177c   0x00000298   Code   RO         5088    i.SystemInit        system_nrf52.o
    0x00001a14   0x00001a14   0x00000020   Code   RO          983    i.WDT_IRQHandler    nrf_bootloader_wdt.o
    0x00001a34   0x00001a34   0x00000038   Code   RO         4618    i.__sd_nvic_app_accessible_irq  nrf_sdh.o
    0x00001a6c   0x00001a6c   0x0000000c   Code   RO         3290    i.__sd_nvic_irq_disable  app_util_platform.o
    0x00001a78   0x00001a78   0x00000010   Code   RO         3872    i.addr_is_aligned32  nrf_fstorage.o
    0x00001a88   0x00001a88   0x00000014   Code   RO         3873    i.addr_is_page_aligned  nrf_fstorage.o
    0x00001a9c   0x00001a9c   0x0000001c   Code   RO         3874    i.addr_is_within_bounds  nrf_fstorage.o
    0x00001ab8   0x00001ab8   0x00000078   Code   RO         1851    i.advertising_init  nrf_dfu_ble.o
    0x00001b30   0x00001b30   0x00000040   Code   RO         1852    i.advertising_start  nrf_dfu_ble.o
    0x00001b70   0x00001b70   0x0000006c   Code   RO          888    i.app_activate      nrf_bootloader_fw_activation.o
    0x00001bdc   0x00001bdc   0x00000004   Code   RO            4    i.app_error_fault_handler  main.o
    0x00001be0   0x00001be0   0x00000004   Code   RO            6    i.app_error_handler_bare  main.o
    0x00001be4   0x00001be4   0x00000060   Code   RO          524    i.app_is_valid      nrf_bootloader.o
    0x00001c44   0x00001c44   0x000000b8   Code   RO         3227    i.app_sched_event_put  app_scheduler.o
    0x00001cfc   0x00001cfc   0x00000074   Code   RO         3228    i.app_sched_execute  app_scheduler.o
    0x00001d70   0x00001d70   0x0000005c   Code   RO         3229    i.app_sched_init    app_scheduler.o
    0x00001dcc   0x00001dcc   0x0000000c   Code   RO         3291    i.app_util_critical_region_enter  app_util_platform.o
    0x00001dd8   0x00001dd8   0x00000048   Code   RO         3292    i.app_util_critical_region_exit  app_util_platform.o
    0x00001e20   0x00001e20   0x00000078   Code   RO          889    i.bl_activate       nrf_bootloader_fw_activation.o
    0x00001e98   0x00001e98   0x00000080   Code   RO         1853    i.ble_dfu_init      nrf_dfu_ble.o
    0x00001f18   0x00001f18   0x000000dc   Code   RO         1854    i.ble_dfu_req_handler_callback  nrf_dfu_ble.o
    0x00001ff4   0x00001ff4   0x0000009c   Code   RO         1855    i.ble_dfu_transport_close  nrf_dfu_ble.o
    0x00002090   0x00002090   0x000000a0   Code   RO         1857    i.ble_dfu_transport_init  nrf_dfu_ble.o
    0x00002130   0x00002130   0x000002b8   Code   RO         1858    i.ble_evt_handler   nrf_dfu_ble.o
    0x000023e8   0x000023e8   0x00000012   Code   RO          437    i.ble_srv_is_notification_enabled  ble_srv_common.o
    0x000023fa   0x000023fa   0x00000002   PAD
    0x000023fc   0x000023fc   0x00000068   Code   RO         1859    i.ble_stack_init    nrf_dfu_ble.o
    0x00002464   0x00002464   0x00000024   Code   RO          525    i.boot_validate     nrf_bootloader.o
    0x00002488   0x00002488   0x00000012   Code   RO         2475    i.boot_validation_crc  nrf_dfu_settings.o
    0x0000249a   0x0000249a   0x0000001a   Code   RO         2476    i.boot_validation_crc_ok  nrf_dfu_settings.o
    0x000024b4   0x000024b4   0x000000c4   Code   RO         2730    i.boot_validation_extract  nrf_dfu_validation.o
    0x00002578   0x00002578   0x00000024   Code   RO          526    i.bootloader_reset  nrf_bootloader.o
    0x0000259c   0x0000259c   0x0000002c   Code   RO          312    i.bsp_board_buttons_init  boards.o
    0x000025c8   0x000025c8   0x0000001a   Code   RO          313    i.bsp_board_init    boards.o
    0x000025e2   0x000025e2   0x00000002   PAD
    0x000025e4   0x000025e4   0x00000014   Code   RO          316    i.bsp_board_led_off  boards.o
    0x000025f8   0x000025f8   0x00000014   Code   RO          317    i.bsp_board_led_on  boards.o
    0x0000260c   0x0000260c   0x00000030   Code   RO          319    i.bsp_board_leds_init  boards.o
    0x0000263c   0x0000263c   0x00000014   Code   RO          320    i.bsp_board_leds_off  boards.o
    0x00002650   0x00002650   0x00000024   Code   RO         4862    i.buf_read          pb_decode.o
    0x00002674   0x00002674   0x00000014   Code   RO         2210    i.cmd_response_offset_and_crc_set  nrf_dfu_req_handler.o
    0x00002688   0x00002688   0x0000004c   Code   RO         3368    i.crc32_compute     crc32.o
    0x000026d4   0x000026d4   0x00000022   Code   RO         2477    i.crc_ok            nrf_dfu_settings.o
    0x000026f6   0x000026f6   0x00000002   PAD
    0x000026f8   0x000026f8   0x00000054   Code   RO          527    i.crc_on_valid_app_required  nrf_bootloader.o
    0x0000274c   0x0000274c   0x00000048   Code   RO         2731    i.crypto_init       nrf_dfu_validation.o
    0x00002794   0x00002794   0x00000092   Code   RO         4863    i.decode_callback_field  pb_decode.o
    0x00002826   0x00002826   0x00000058   Code   RO         4864    i.decode_extension  pb_decode.o
    0x0000287e   0x0000287e   0x00000044   Code   RO         4865    i.decode_field      pb_decode.o
    0x000028c2   0x000028c2   0x00000006   Code   RO         4866    i.decode_pointer_field  pb_decode.o
    0x000028c8   0x000028c8   0x0000011c   Code   RO         4867    i.decode_static_field  pb_decode.o
    0x000029e4   0x000029e4   0x0000003c   Code   RO         4868    i.default_extension_decoder  pb_decode.o
    0x00002a20   0x00002a20   0x00000050   Code   RO         1860    i.dfu_ctrl_pt_add   nrf_dfu_ble.o
    0x00002a70   0x00002a70   0x00000034   Code   RO          528    i.dfu_enter_button_init  nrf_bootloader.o
    0x00002aa4   0x00002aa4   0x00000044   Code   RO          529    i.dfu_enter_check   nrf_bootloader.o
    0x00002ae8   0x00002ae8   0x00000034   Code   RO          530    i.dfu_enter_flags_clear  nrf_bootloader.o
    0x00002b1c   0x00002b1c   0x00000012   Code   RO         2071    i.dfu_fstorage_evt_handler  nrf_dfu_flash.o
    0x00002b2e   0x00002b2e   0x00000048   Code   RO            7    i.dfu_observer      main.o
    0x00002b76   0x00002b76   0x00000002   PAD
    0x00002b78   0x00002b78   0x00000050   Code   RO          531    i.dfu_observer      nrf_bootloader.o
    0x00002bc8   0x00002bc8   0x00000030   Code   RO         1802    i.dfu_observer      nrf_dfu.o
    0x00002bf8   0x00002bf8   0x0000004c   Code   RO         1861    i.dfu_pkt_char_add  nrf_dfu_ble.o
    0x00002c44   0x00002c44   0x00000028   Code   RO         2732    i.dfu_progress_reset  nrf_dfu_validation.o
    0x00002c6c   0x00002c6c   0x0000006c   Code   RO          532    i.do_reset          nrf_bootloader.o
    0x00002cd8   0x00002cd8   0x00000054   Code   RO         3962    i.erase             nrf_fstorage_nvmc.o
    0x00002d2c   0x00002d2c   0x00000058   Code   RO         4038    i.erase             nrf_fstorage_sd.o
    0x00002d84   0x00002d84   0x0000000e   Code   RO         4039    i.erase_execute     nrf_fstorage_sd.o
    0x00002d92   0x00002d92   0x00000002   PAD
    0x00002d94   0x00002d94   0x0000005c   Code   RO         5097    i.errata_108        system_nrf52.o
    0x00002df0   0x00002df0   0x0000005c   Code   RO         5109    i.errata_12         system_nrf52.o
    0x00002e4c   0x00002e4c   0x0000005c   Code   RO         5120    i.errata_136        system_nrf52.o
    0x00002ea8   0x00002ea8   0x00000044   Code   RO         5139    i.errata_16         system_nrf52.o
    0x00002eec   0x00002eec   0x00000040   Code   RO         5156    i.errata_182        system_nrf52.o
    0x00002f2c   0x00002f2c   0x0000005c   Code   RO         5198    i.errata_31         system_nrf52.o
    0x00002f88   0x00002f88   0x00000044   Code   RO         5199    i.errata_32         system_nrf52.o
    0x00002fcc   0x00002fcc   0x0000005c   Code   RO         5203    i.errata_36         system_nrf52.o
    0x00003028   0x00003028   0x00000044   Code   RO         5204    i.errata_37         system_nrf52.o
    0x0000306c   0x0000306c   0x00000044   Code   RO         5220    i.errata_57         system_nrf52.o
    0x000030b0   0x000030b0   0x0000005c   Code   RO         5226    i.errata_66         system_nrf52.o
    0x0000310c   0x0000310c   0x0000003e   Code   RO         3963    i.event_send        nrf_fstorage_nvmc.o
    0x0000314a   0x0000314a   0x00000002   PAD
    0x0000314c   0x0000314c   0x00000068   Code   RO         4040    i.event_send        nrf_fstorage_sd.o
    0x000031b4   0x000031b4   0x0000001a   Code   RO         2211    i.ext_err_code_handle  nrf_dfu_req_handler.o
    0x000031ce   0x000031ce   0x00000002   PAD
    0x000031d0   0x000031d0   0x00000010   Code   RO         2132    i.ext_error_get     nrf_dfu_handling_error.o
    0x000031e0   0x000031e0   0x00000010   Code   RO         2133    i.ext_error_set     nrf_dfu_handling_error.o
    0x000031f0   0x000031f0   0x00000028   Code   RO         4869    i.find_extension_field  pb_decode.o
    0x00003218   0x00003218   0x0000000c   Code   RO          533    i.flash_write_callback  nrf_bootloader.o
    0x00003224   0x00003224   0x0000000c   Code   RO          890    i.flash_write_callback  nrf_bootloader_fw_activation.o
    0x00003230   0x00003230   0x00000018   Code   RO         2733    i.fw_hash_ok        nrf_dfu_validation.o
    0x00003248   0x00003248   0x00000012   Code   RO         2925    i.fw_hash_type_ok   nrf_dfu_ver_validation.o
    0x0000325a   0x0000325a   0x0000002e   Code   RO         2926    i.fw_type_ok        nrf_dfu_ver_validation.o
    0x00003288   0x00003288   0x00000048   Code   RO         2927    i.fw_version_ok     nrf_dfu_ver_validation.o
    0x000032d0   0x000032d0   0x00000012   Code   RO         2928    i.fw_version_required  nrf_dfu_ver_validation.o
    0x000032e2   0x000032e2   0x00000032   Code   RO         1862    i.gap_address_change  nrf_dfu_ble.o
    0x00003314   0x00003314   0x00000078   Code   RO         1863    i.gap_params_init   nrf_dfu_ble.o
    0x0000338c   0x0000338c   0x000000a8   Code   RO          891    i.image_copy        nrf_bootloader_fw_activation.o
    0x00003434   0x00003434   0x0000000a   Code   RO          534    i.inactivity_timeout  nrf_bootloader.o
    0x0000343e   0x0000343e   0x00000002   PAD
    0x00003440   0x00003440   0x00000010   Code   RO         3964    i.init              nrf_fstorage_nvmc.o
    0x00003450   0x00003450   0x00000040   Code   RO         4041    i.init              nrf_fstorage_sd.o
    0x00003490   0x00003490   0x00000014   Code   RO         3965    i.is_busy           nrf_fstorage_nvmc.o
    0x000034a4   0x000034a4   0x00000014   Code   RO         4042    i.is_busy           nrf_fstorage_sd.o
    0x000034b8   0x000034b8   0x00000040   Code   RO         1864    i.is_cccd_configured  nrf_dfu_ble.o
    0x000034f8   0x000034f8   0x00000088   Code   RO         2734    i.is_major_softdevice_update  nrf_dfu_validation.o
    0x00003580   0x00003580   0x0000002e   Code   RO         4870    i.iter_from_extension  pb_decode.o
    0x000035ae   0x000035ae   0x00000006   Code   RO         2735    i.keep_softdevice   nrf_dfu_validation.o
    0x000035b4   0x000035b4   0x00000010   Code   RO          535    i.loop_forever      nrf_bootloader.o
    0x000035c4   0x000035c4   0x0000006c   Code   RO            8    i.main              main.o
    0x00003630   0x00003630   0x00000018   Code   RO         3231    i.next_index        app_scheduler.o
    0x00003648   0x00003648   0x00000016   Code   RO         3522    i.nrf_atfifo_clear  nrf_atfifo.o
    0x0000365e   0x0000365e   0x00000028   Code   RO         3524    i.nrf_atfifo_init   nrf_atfifo.o
    0x00003686   0x00003686   0x0000001c   Code   RO         3525    i.nrf_atfifo_item_alloc  nrf_atfifo.o
    0x000036a2   0x000036a2   0x0000001c   Code   RO         3526    i.nrf_atfifo_item_free  nrf_atfifo.o
    0x000036be   0x000036be   0x0000001c   Code   RO         3527    i.nrf_atfifo_item_get  nrf_atfifo.o
    0x000036da   0x000036da   0x0000001c   Code   RO         3528    i.nrf_atfifo_item_put  nrf_atfifo.o
    0x000036f6   0x000036f6   0x0000000e   Code   RO         3597    i.nrf_atomic_flag_clear  nrf_atomic.o
    0x00003704   0x00003704   0x0000000e   Code   RO         3600    i.nrf_atomic_flag_set_fetch  nrf_atomic.o
    0x00003712   0x00003712   0x00000016   Code   RO         3602    i.nrf_atomic_u32_and  nrf_atomic.o
    0x00003728   0x00003728   0x00000016   Code   RO         3606    i.nrf_atomic_u32_fetch_or  nrf_atomic.o
    0x0000373e   0x0000373e   0x00000052   Code   RO         3738    i.nrf_balloc_alloc  nrf_balloc.o
    0x00003790   0x00003790   0x00000010   Code   RO         3739    i.nrf_balloc_block2idx  nrf_balloc.o
    0x000037a0   0x000037a0   0x00000030   Code   RO         3740    i.nrf_balloc_free   nrf_balloc.o
    0x000037d0   0x000037d0   0x0000000c   Code   RO         3741    i.nrf_balloc_idx2block  nrf_balloc.o
    0x000037dc   0x000037dc   0x0000003c   Code   RO         3742    i.nrf_balloc_init   nrf_balloc.o
    0x00003818   0x00003818   0x00000028   Code   RO          715    i.nrf_bootloader_app_start  nrf_bootloader_app_start.o
    0x00003840   0x00003840   0x000000b8   Code   RO          743    i.nrf_bootloader_app_start_final  nrf_bootloader_app_start_final.o
    0x000038f8   0x000038f8   0x00000024   Code   RO          780    i.nrf_bootloader_dfu_inactivity_timer_restart  nrf_bootloader_dfu_timers.o
    0x0000391c   0x0000391c   0x0000008c   Code   RO          744    i.nrf_bootloader_flash_protect  nrf_bootloader_app_start_final.o
    0x000039a8   0x000039a8   0x00000090   Code   RO          892    i.nrf_bootloader_fw_activate  nrf_bootloader_fw_activation.o
    0x00003a38   0x00003a38   0x000000cc   Code   RO          536    i.nrf_bootloader_init  nrf_bootloader.o
    0x00003b04   0x00003b04   0x00000034   Code   RO          948    i.nrf_bootloader_mbr_addrs_populate  nrf_bootloader_info.o
    0x00003b38   0x00003b38   0x0000000e   Code   RO          984    i.nrf_bootloader_wdt_feed  nrf_bootloader_wdt.o
    0x00003b46   0x00003b46   0x00000002   PAD
    0x00003b48   0x00003b48   0x00000020   Code   RO          782    i.nrf_bootloader_wdt_feed_timer_start  nrf_bootloader_dfu_timers.o
    0x00003b68   0x00003b68   0x00000064   Code   RO          985    i.nrf_bootloader_wdt_init  nrf_bootloader_wdt.o
    0x00003bcc   0x00003bcc   0x00000016   Code   RO         1560    i.nrf_crypto_backend_micro_ecc_curve_get  micro_ecc_backend_ecc.o
    0x00003be2   0x00003be2   0x0000001e   Code   RO         1565    i.nrf_crypto_backend_micro_ecc_public_key_from_raw  micro_ecc_backend_ecc.o
    0x00003c00   0x00003c00   0x00000062   Code   RO         1737    i.nrf_crypto_backend_micro_ecc_verify  micro_ecc_backend_ecdsa.o
    0x00003c62   0x00003c62   0x00000002   PAD
    0x00003c64   0x00003c64   0x00000068   Code   RO         1054    i.nrf_crypto_ecc_public_key_from_raw  nrf_crypto_ecc.o
    0x00003ccc   0x00003ccc   0x000000a8   Code   RO         1204    i.nrf_crypto_ecdsa_verify  nrf_crypto_ecdsa.o
    0x00003d74   0x00003d74   0x00000066   Code   RO         1263    i.nrf_crypto_hash_calculate  nrf_crypto_hash.o
    0x00003dda   0x00003dda   0x00000052   Code   RO         1264    i.nrf_crypto_hash_finalize  nrf_crypto_hash.o
    0x00003e2c   0x00003e2c   0x00000040   Code   RO         1265    i.nrf_crypto_hash_init  nrf_crypto_hash.o
    0x00003e6c   0x00003e6c   0x00000042   Code   RO         1266    i.nrf_crypto_hash_update  nrf_crypto_hash.o
    0x00003eae   0x00003eae   0x00000002   PAD
    0x00003eb0   0x00003eb0   0x00000048   Code   RO         1341    i.nrf_crypto_init   nrf_crypto_init.o
    0x00003ef8   0x00003ef8   0x0000001e   Code   RO         1389    i.nrf_crypto_internal_double_swap_endian  nrf_crypto_shared.o
    0x00003f16   0x00003f16   0x00000018   Code   RO         1390    i.nrf_crypto_internal_double_swap_endian_in_place  nrf_crypto_shared.o
    0x00003f2e   0x00003f2e   0x00000022   Code   RO         1056    i.nrf_crypto_internal_ecc_key_input_check  nrf_crypto_ecc.o
    0x00003f50   0x00003f50   0x00000024   Code   RO         1057    i.nrf_crypto_internal_ecc_key_output_prepare  nrf_crypto_ecc.o
    0x00003f74   0x00003f74   0x00000020   Code   RO         1058    i.nrf_crypto_internal_ecc_raw_input_check  nrf_crypto_ecc.o
    0x00003f94   0x00003f94   0x0000001a   Code   RO         1391    i.nrf_crypto_internal_swap_endian  nrf_crypto_shared.o
    0x00003fae   0x00003fae   0x00000020   Code   RO         1392    i.nrf_crypto_internal_swap_endian_in_place  nrf_crypto_shared.o
    0x00003fce   0x00003fce   0x00000002   PAD
    0x00003fd0   0x00003fd0   0x00000030   Code   RO         2673    i.nrf_dfu_bank0_start_addr  nrf_dfu_utils.o
    0x00004000   0x00004000   0x00000028   Code   RO         2674    i.nrf_dfu_bank1_start_addr  nrf_dfu_utils.o
    0x00004028   0x00004028   0x00000014   Code   RO         2675    i.nrf_dfu_bank_invalidate  nrf_dfu_utils.o
    0x0000403c   0x0000403c   0x000000d0   Code   RO         2676    i.nrf_dfu_cache_prepare  nrf_dfu_utils.o
    0x0000410c   0x0000410c   0x00000052   Code   RO         2212    i.nrf_dfu_command_req  nrf_dfu_req_handler.o
    0x0000415e   0x0000415e   0x00000058   Code   RO         2213    i.nrf_dfu_data_req  nrf_dfu_req_handler.o
    0x000041b6   0x000041b6   0x00000002   PAD
    0x000041b8   0x000041b8   0x00000024   Code   RO         2072    i.nrf_dfu_flash_erase  nrf_dfu_flash.o
    0x000041dc   0x000041dc   0x00000024   Code   RO         2073    i.nrf_dfu_flash_init  nrf_dfu_flash.o
    0x00004200   0x00004200   0x00000028   Code   RO         2074    i.nrf_dfu_flash_store  nrf_dfu_flash.o
    0x00004228   0x00004228   0x00000030   Code   RO         1803    i.nrf_dfu_init      nrf_dfu.o
    0x00004258   0x00004258   0x00000004   Code   RO          538    i.nrf_dfu_init_user  nrf_bootloader.o
    0x0000425c   0x0000425c   0x00000026   Code   RO         2167    i.nrf_dfu_mbr_copy_bl  nrf_dfu_mbr.o
    0x00004282   0x00004282   0x00000002   PAD
    0x00004284   0x00004284   0x0000001c   Code   RO         2168    i.nrf_dfu_mbr_init_sd  nrf_dfu_mbr.o
    0x000042a0   0x000042a0   0x00000012   Code   RO         2169    i.nrf_dfu_mbr_irq_forward_address_set  nrf_dfu_mbr.o
    0x000042b2   0x000042b2   0x00000002   PAD
    0x000042b4   0x000042b4   0x00000054   Code   RO         2214    i.nrf_dfu_obj_op    nrf_dfu_req_handler.o
    0x00004308   0x00004308   0x00000050   Code   RO         2215    i.nrf_dfu_req_handler_init  nrf_dfu_req_handler.o
    0x00004358   0x00004358   0x00000020   Code   RO         2216    i.nrf_dfu_req_handler_on_req  nrf_dfu_req_handler.o
    0x00004378   0x00004378   0x00000010   Code   RO         2217    i.nrf_dfu_req_handler_req  nrf_dfu_req_handler.o
    0x00004388   0x00004388   0x00000088   Code   RO         2218    i.nrf_dfu_req_handler_req_process  nrf_dfu_req_handler.o
    0x00004410   0x00004410   0x00000024   Code   RO         4531    i.nrf_dfu_set_adv_name_handler  nrf_dfu_svci_handler.o
    0x00004434   0x00004434   0x00000048   Code   RO         4532    i.nrf_dfu_set_adv_name_on_call  nrf_dfu_svci_handler.o
    0x0000447c   0x0000447c   0x00000030   Code   RO         4533    i.nrf_dfu_set_adv_name_on_sys_evt  nrf_dfu_svci_handler.o
    0x000044ac   0x000044ac   0x00000034   Code   RO         2594    i.nrf_dfu_settings_additional_erase  nrf_dfu_settings_svci.o
    0x000044e0   0x000044e0   0x00000020   Code   RO         2595    i.nrf_dfu_settings_adv_name_copy  nrf_dfu_settings_svci.o
    0x00004500   0x00004500   0x00000024   Code   RO         2596    i.nrf_dfu_settings_adv_name_is_valid  nrf_dfu_settings_svci.o
    0x00004524   0x00004524   0x0000003c   Code   RO         2597    i.nrf_dfu_settings_adv_name_write  nrf_dfu_settings_svci.o
    0x00004560   0x00004560   0x00000014   Code   RO         2479    i.nrf_dfu_settings_backup  nrf_dfu_settings.o
    0x00004574   0x00004574   0x00000028   Code   RO         2480    i.nrf_dfu_settings_init  nrf_dfu_settings.o
    0x0000459c   0x0000459c   0x000000a0   Code   RO         2481    i.nrf_dfu_settings_reinit  nrf_dfu_settings.o
    0x0000463c   0x0000463c   0x00000034   Code   RO         2482    i.nrf_dfu_settings_write  nrf_dfu_settings.o
    0x00004670   0x00004670   0x00000020   Code   RO         2483    i.nrf_dfu_settings_write_and_backup  nrf_dfu_settings.o
    0x00004690   0x00004690   0x00000006   Code   RO         2677    i.nrf_dfu_softdevice_start_address  nrf_dfu_utils.o
    0x00004696   0x00004696   0x00000002   PAD
    0x00004698   0x00004698   0x00000040   Code   RO         2641    i.nrf_dfu_transports_close  nrf_dfu_transport.o
    0x000046d8   0x000046d8   0x00000040   Code   RO         2642    i.nrf_dfu_transports_init  nrf_dfu_transport.o
    0x00004718   0x00004718   0x00000012   Code   RO         2736    i.nrf_dfu_validation_activation_prepare  nrf_dfu_validation.o
    0x0000472a   0x0000472a   0x00000070   Code   RO         2737    i.nrf_dfu_validation_boot_validate  nrf_dfu_validation.o
    0x0000479a   0x0000479a   0x00000002   PAD
    0x0000479c   0x0000479c   0x00000074   Code   RO         2738    i.nrf_dfu_validation_hash_ok  nrf_dfu_validation.o
    0x00004810   0x00004810   0x00000028   Code   RO         2739    i.nrf_dfu_validation_init  nrf_dfu_validation.o
    0x00004838   0x00004838   0x0000004c   Code   RO         2740    i.nrf_dfu_validation_init_cmd_append  nrf_dfu_validation.o
    0x00004884   0x00004884   0x00000030   Code   RO         2741    i.nrf_dfu_validation_init_cmd_create  nrf_dfu_validation.o
    0x000048b4   0x000048b4   0x0000008c   Code   RO         2742    i.nrf_dfu_validation_init_cmd_execute  nrf_dfu_validation.o
    0x00004940   0x00004940   0x0000000c   Code   RO         2743    i.nrf_dfu_validation_init_cmd_present  nrf_dfu_validation.o
    0x0000494c   0x0000494c   0x0000006c   Code   RO         2746    i.nrf_dfu_validation_prevalidate  nrf_dfu_validation.o
    0x000049b8   0x000049b8   0x0000009c   Code   RO         2747    i.nrf_dfu_validation_signature_check  nrf_dfu_validation.o
    0x00004a54   0x00004a54   0x0000005c   Code   RO         2929    i.nrf_dfu_ver_validation_check  nrf_dfu_ver_validation.o
    0x00004ab0   0x00004ab0   0x0000004c   Code   RO         3875    i.nrf_fstorage_erase  nrf_fstorage.o
    0x00004afc   0x00004afc   0x0000001e   Code   RO         3876    i.nrf_fstorage_init  nrf_fstorage.o
    0x00004b1a   0x00004b1a   0x00000002   PAD
    0x00004b1c   0x00004b1c   0x00000054   Code   RO         3877    i.nrf_fstorage_is_busy  nrf_fstorage.o
    0x00004b70   0x00004b70   0x0000001c   Code   RO         4043    i.nrf_fstorage_sdh_req_handler  nrf_fstorage_sd.o
    0x00004b8c   0x00004b8c   0x0000002c   Code   RO         4044    i.nrf_fstorage_sdh_state_handler  nrf_fstorage_sd.o
    0x00004bb8   0x00004bb8   0x0000008c   Code   RO         4045    i.nrf_fstorage_sys_evt_handler  nrf_fstorage_sd.o
    0x00004c44   0x00004c44   0x0000005e   Code   RO         3882    i.nrf_fstorage_write  nrf_fstorage.o
    0x00004ca2   0x00004ca2   0x00000028   Code   RO          324    i.nrf_gpio_cfg      boards.o
    0x00004cca   0x00004cca   0x0000003a   Code   RO          325    i.nrf_gpio_pin_write  boards.o
    0x00004d04   0x00004d04   0x00000060   Code   RO         2983    i.nrf_nvmc_page_erase  nrf_nvmc.o
    0x00004d64   0x00004d64   0x00000060   Code   RO         2986    i.nrf_nvmc_write_word  nrf_nvmc.o
    0x00004dc4   0x00004dc4   0x00000074   Code   RO         2987    i.nrf_nvmc_write_words  nrf_nvmc.o
    0x00004e38   0x00004e38   0x0000000c   Code   RO          539    i.nrf_power_gpregret_get  nrf_bootloader.o
    0x00004e44   0x00004e44   0x0000000e   Code   RO          783    i.nrf_rtc_event_clear  nrf_bootloader_dfu_timers.o
    0x00004e52   0x00004e52   0x00000006   Code   RO          784    i.nrf_rtc_event_pending  nrf_bootloader_dfu_timers.o
    0x00004e58   0x00004e58   0x00000006   Code   RO          785    i.nrf_rtc_int_enable  nrf_bootloader_dfu_timers.o
    0x00004e5e   0x00004e5e   0x00000006   Code   RO          786    i.nrf_rtc_task_trigger  nrf_bootloader_dfu_timers.o
    0x00004e64   0x00004e64   0x00000018   Code   RO         4746    i.nrf_sdh_ble_app_ram_start_get  nrf_sdh_ble.o
    0x00004e7c   0x00004e7c   0x000000bc   Code   RO         4747    i.nrf_sdh_ble_default_cfg_set  nrf_sdh_ble.o
    0x00004f38   0x00004f38   0x00000024   Code   RO         4748    i.nrf_sdh_ble_enable  nrf_sdh_ble.o
    0x00004f5c   0x00004f5c   0x00000074   Code   RO         4749    i.nrf_sdh_ble_evts_poll  nrf_sdh_ble.o
    0x00004fd0   0x00004fd0   0x00000064   Code   RO         4619    i.nrf_sdh_disable_request  nrf_sdh.o
    0x00005034   0x00005034   0x00000084   Code   RO         4620    i.nrf_sdh_enable_request  nrf_sdh.o
    0x000050b8   0x000050b8   0x00000030   Code   RO         4621    i.nrf_sdh_evts_poll  nrf_sdh.o
    0x000050e8   0x000050e8   0x0000000c   Code   RO         4622    i.nrf_sdh_is_enabled  nrf_sdh.o
    0x000050f4   0x000050f4   0x00000028   Code   RO         4624    i.nrf_sdh_request_continue  nrf_sdh.o
    0x0000511c   0x0000511c   0x00000054   Code   RO         4801    i.nrf_sdh_soc_evts_poll  nrf_sdh_soc.o
    0x00005170   0x00005170   0x00000006   Code   RO         4627    i.nrf_section_iter_get  nrf_sdh.o
    0x00005176   0x00005176   0x00000014   Code   RO         4341    i.nrf_section_iter_init  nrf_section_iter.o
    0x0000518a   0x0000518a   0x0000002e   Code   RO         4342    i.nrf_section_iter_item_set  nrf_section_iter.o
    0x000051b8   0x000051b8   0x0000002e   Code   RO         4343    i.nrf_section_iter_next  nrf_section_iter.o
    0x000051e6   0x000051e6   0x00000002   PAD
    0x000051e8   0x000051e8   0x0000007c   Code   RO         4583    i.nrf_svc_handler_c  nrf_svc_handler.o
    0x00005264   0x00005264   0x00000036   Code   RO         1512    i.nrf_sw_backend_hash_sha256_finalize  nrf_sw_backend_hash.o
    0x0000529a   0x0000529a   0x00000014   Code   RO         1513    i.nrf_sw_backend_hash_sha256_init  nrf_sw_backend_hash.o
    0x000052ae   0x000052ae   0x00000020   Code   RO         1514    i.nrf_sw_backend_hash_sha256_update  nrf_sw_backend_hash.o
    0x000052ce   0x000052ce   0x00000002   PAD
    0x000052d0   0x000052d0   0x00000014   Code   RO          986    i.nrf_wdt_started   nrf_bootloader_wdt.o
    0x000052e4   0x000052e4   0x00000014   Code   RO         2219    i.on_abort_request  nrf_dfu_req_handler.o
    0x000052f8   0x000052f8   0x0000000e   Code   RO         2220    i.on_cmd_obj_crc_request  nrf_dfu_req_handler.o
    0x00005306   0x00005306   0x00000002   PAD
    0x00005308   0x00005308   0x00000024   Code   RO         2221    i.on_cmd_obj_create_request  nrf_dfu_req_handler.o
    0x0000532c   0x0000532c   0x00000034   Code   RO         2222    i.on_cmd_obj_execute_request  nrf_dfu_req_handler.o
    0x00005360   0x00005360   0x00000014   Code   RO         2223    i.on_cmd_obj_select_request  nrf_dfu_req_handler.o
    0x00005374   0x00005374   0x0000002a   Code   RO         2224    i.on_cmd_obj_write_request  nrf_dfu_req_handler.o
    0x0000539e   0x0000539e   0x00000002   PAD
    0x000053a0   0x000053a0   0x0000009c   Code   RO         1865    i.on_ctrl_pt_write  nrf_dfu_ble.o
    0x0000543c   0x0000543c   0x00000014   Code   RO         2225    i.on_data_obj_crc_request  nrf_dfu_req_handler.o
    0x00005450   0x00005450   0x000000a4   Code   RO         2226    i.on_data_obj_create_request  nrf_dfu_req_handler.o
    0x000054f4   0x000054f4   0x00000048   Code   RO         2227    i.on_data_obj_execute_request  nrf_dfu_req_handler.o
    0x0000553c   0x0000553c   0x00000090   Code   RO         2228    i.on_data_obj_execute_request_sched  nrf_dfu_req_handler.o
    0x000055cc   0x000055cc   0x00000018   Code   RO         2229    i.on_data_obj_select_request  nrf_dfu_req_handler.o
    0x000055e4   0x000055e4   0x00000094   Code   RO         2230    i.on_data_obj_write_request  nrf_dfu_req_handler.o
    0x00005678   0x00005678   0x00000014   Code   RO         2231    i.on_dfu_complete   nrf_dfu_req_handler.o
    0x0000568c   0x0000568c   0x00000044   Code   RO            9    i.on_error          main.o
    0x000056d0   0x000056d0   0x00000014   Code   RO         1866    i.on_flash_write    nrf_dfu_ble.o
    0x000056e4   0x000056e4   0x00000024   Code   RO         4046    i.on_operation_failure  nrf_fstorage_sd.o
    0x00005708   0x00005708   0x0000005c   Code   RO         4047    i.on_operation_success  nrf_fstorage_sd.o
    0x00005764   0x00005764   0x00000002   Code   RO         2232    i.on_prn_set_request  nrf_dfu_req_handler.o
    0x00005766   0x00005766   0x00000002   PAD
    0x00005768   0x00005768   0x00000084   Code   RO         1867    i.on_rw_authorize_req  nrf_dfu_ble.o
    0x000057ec   0x000057ec   0x00000068   Code   RO         1868    i.on_write          nrf_dfu_ble.o
    0x00005854   0x00005854   0x00000006   Code   RO         4871    i.pb_close_string_substream  pb_decode.o
    0x0000585a   0x0000585a   0x0000005e   Code   RO         4872    i.pb_dec_bytes      pb_decode.o
    0x000058b8   0x000058b8   0x00000012   Code   RO         4873    i.pb_dec_fixed32    pb_decode.o
    0x000058ca   0x000058ca   0x00000012   Code   RO         4874    i.pb_dec_fixed64    pb_decode.o
    0x000058dc   0x000058dc   0x00000056   Code   RO         4875    i.pb_dec_string     pb_decode.o
    0x00005932   0x00005932   0x00000056   Code   RO         4876    i.pb_dec_submessage  pb_decode.o
    0x00005988   0x00005988   0x00000074   Code   RO         4877    i.pb_dec_svarint    pb_decode.o
    0x000059fc   0x000059fc   0x00000074   Code   RO         4878    i.pb_dec_uvarint    pb_decode.o
    0x00005a70   0x00005a70   0x0000008c   Code   RO         4879    i.pb_dec_varint     pb_decode.o
    0x00005afc   0x00005afc   0x00000024   Code   RO         4880    i.pb_decode         pb_decode.o
    0x00005b20   0x00005b20   0x00000038   Code   RO         4882    i.pb_decode_fixed32  pb_decode.o
    0x00005b58   0x00005b58   0x0000007e   Code   RO         4883    i.pb_decode_fixed64  pb_decode.o
    0x00005bd6   0x00005bd6   0x0000015e   Code   RO         4884    i.pb_decode_noinit  pb_decode.o
    0x00005d34   0x00005d34   0x00000052   Code   RO         4885    i.pb_decode_svarint  pb_decode.o
    0x00005d86   0x00005d86   0x00000046   Code   RO         4886    i.pb_decode_tag     pb_decode.o
    0x00005dcc   0x00005dcc   0x0000005a   Code   RO         4887    i.pb_decode_varint  pb_decode.o
    0x00005e26   0x00005e26   0x00000068   Code   RO         4888    i.pb_decode_varint32  pb_decode.o
    0x00005e8e   0x00005e8e   0x00000002   PAD
    0x00005e90   0x00005e90   0x0000006c   Code   RO         2749    i.pb_decoding_callback  nrf_dfu_validation.o
    0x00005efc   0x00005efc   0x00000030   Code   RO         4832    i.pb_field_iter_begin  pb_common.o
    0x00005f2c   0x00005f2c   0x00000032   Code   RO         4833    i.pb_field_iter_find  pb_common.o
    0x00005f5e   0x00005f5e   0x0000009a   Code   RO         4834    i.pb_field_iter_next  pb_common.o
    0x00005ff8   0x00005ff8   0x000000cc   Code   RO         4889    i.pb_field_set_to_default  pb_decode.o
    0x000060c4   0x000060c4   0x00000024   Code   RO         4890    i.pb_istream_from_buffer  pb_decode.o
    0x000060e8   0x000060e8   0x00000038   Code   RO         4891    i.pb_make_string_substream  pb_decode.o
    0x00006120   0x00006120   0x0000002e   Code   RO         4892    i.pb_message_set_to_defaults  pb_decode.o
    0x0000614e   0x0000614e   0x00000002   PAD
    0x00006150   0x00006150   0x00000060   Code   RO         4893    i.pb_read           pb_decode.o
    0x000061b0   0x000061b0   0x00000028   Code   RO         4894    i.pb_readbyte       pb_decode.o
    0x000061d8   0x000061d8   0x00000042   Code   RO         4895    i.pb_skip_field     pb_decode.o
    0x0000621a   0x0000621a   0x0000001e   Code   RO         4896    i.pb_skip_string    pb_decode.o
    0x00006238   0x00006238   0x00000026   Code   RO         4897    i.pb_skip_varint    pb_decode.o
    0x0000625e   0x0000625e   0x00000002   PAD
    0x00006260   0x00006260   0x000000c0   Code   RO         2750    i.postvalidate      nrf_dfu_validation.o
    0x00006320   0x00006320   0x00000058   Code   RO         2751    i.postvalidate_app  nrf_dfu_validation.o
    0x00006378   0x00006378   0x000000f0   Code   RO         2752    i.postvalidate_sd_bl  nrf_dfu_validation.o
    0x00006468   0x00006468   0x00000018   Code   RO         4048    i.queue_free        nrf_fstorage_sd.o
    0x00006480   0x00006480   0x0000002c   Code   RO         4049    i.queue_load_next   nrf_fstorage_sd.o
    0x000064ac   0x000064ac   0x00000090   Code   RO         4050    i.queue_process     nrf_fstorage_sd.o
    0x0000653c   0x0000653c   0x0000001c   Code   RO         4051    i.queue_start       nrf_fstorage_sd.o
    0x00006558   0x00006558   0x0000001c   Code   RO         3966    i.read              nrf_fstorage_nvmc.o
    0x00006574   0x00006574   0x0000001c   Code   RO         4052    i.read              nrf_fstorage_sd.o
    0x00006590   0x00006590   0x00000078   Code   RO         4898    i.read_raw_value    pb_decode.o
    0x00006608   0x00006608   0x00000026   Code   RO         1869    i.response_crc_add  nrf_dfu_ble.o
    0x0000662e   0x0000662e   0x00000018   Code   RO         1870    i.response_ext_err_payload_add  nrf_dfu_ble.o
    0x00006646   0x00006646   0x0000000e   Code   RO         1871    i.response_prepare  nrf_dfu_ble.o
    0x00006654   0x00006654   0x00000034   Code   RO         1872    i.response_select_obj_add  nrf_dfu_ble.o
    0x00006688   0x00006688   0x00000034   Code   RO         1873    i.response_send     nrf_dfu_ble.o
    0x000066bc   0x000066bc   0x00000006   Code   RO         3967    i.rmap              nrf_fstorage_nvmc.o
    0x000066c2   0x000066c2   0x00000006   Code   RO         4053    i.rmap              nrf_fstorage_sd.o
    0x000066c8   0x000066c8   0x00000050   Code   RO          787    i.rtc_update        nrf_bootloader_dfu_timers.o
    0x00006718   0x00006718   0x0000002c   Code   RO          540    i.scheduler_init    nrf_bootloader.o
    0x00006744   0x00006744   0x0000007c   Code   RO          893    i.sd_activate       nrf_bootloader_fw_activation.o
    0x000067c0   0x000067c0   0x00000020   Code   RO          894    i.sd_bl_activate    nrf_bootloader_fw_activation.o
    0x000067e0   0x000067e0   0x00000098   Code   RO         4628    i.sd_nvic_EnableIRQ  nrf_sdh.o
    0x00006878   0x00006878   0x00000068   Code   RO         3297    i.sd_nvic_critical_region_enter  app_util_platform.o
    0x000068e0   0x000068e0   0x00000048   Code   RO         2930    i.sd_req_check      nrf_dfu_ver_validation.o
    0x00006928   0x00006928   0x00000094   Code   RO         2931    i.sd_req_ok         nrf_dfu_ver_validation.o
    0x000069bc   0x000069bc   0x0000003c   Code   RO         4629    i.sdh_request_observer_notify  nrf_sdh.o
    0x000069f8   0x000069f8   0x00000034   Code   RO         4630    i.sdh_state_observer_notify  nrf_sdh.o
    0x00006a2c   0x00006a2c   0x00000020   Code   RO         2484    i.settings_backup   nrf_dfu_settings.o
    0x00006a4c   0x00006a4c   0x00000028   Code   RO         2485    i.settings_backup_crc_ok  nrf_dfu_settings.o
    0x00006a74   0x00006a74   0x00000010   Code   RO         2486    i.settings_crc_get  nrf_dfu_settings.o
    0x00006a84   0x00006a84   0x00000010   Code   RO         2487    i.settings_crc_ok   nrf_dfu_settings.o
    0x00006a94   0x00006a94   0x0000002c   Code   RO         2488    i.settings_forbidden_parts_copy_from_backup  nrf_dfu_settings.o
    0x00006ac0   0x00006ac0   0x00000060   Code   RO         2490    i.settings_write    nrf_dfu_settings.o
    0x00006b20   0x00006b20   0x000001d2   Code   RO         4418    i.sha256_final      sha256.o
    0x00006cf2   0x00006cf2   0x00000002   PAD
    0x00006cf4   0x00006cf4   0x0000005c   Code   RO         4419    i.sha256_init       sha256.o
    0x00006d50   0x00006d50   0x00000234   Code   RO         4420    i.sha256_transform  sha256.o
    0x00006f84   0x00006f84   0x00000058   Code   RO         4421    i.sha256_update     sha256.o
    0x00006fdc   0x00006fdc   0x0000000c   Code   RO         2753    i.signature_required  nrf_dfu_validation.o
    0x00006fe8   0x00006fe8   0x0000006c   Code   RO         4631    i.softdevice_evt_irq_disable  nrf_sdh.o
    0x00007054   0x00007054   0x00000074   Code   RO         2754    i.softdevice_info_ok  nrf_dfu_validation.o
    0x000070c8   0x000070c8   0x0000001e   Code   RO         4632    i.softdevices_evt_irq_enable  nrf_sdh.o
    0x000070e6   0x000070e6   0x00000002   PAD
    0x000070e8   0x000070e8   0x000000ec   Code   RO         2755    i.stored_init_cmd_decode  nrf_dfu_validation.o
    0x000071d4   0x000071d4   0x0000004c   Code   RO          788    i.timer_activate    nrf_bootloader_dfu_timers.o
    0x00007220   0x00007220   0x0000002a   Code   RO          789    i.timer_fire        nrf_bootloader_dfu_timers.o
    0x0000724a   0x0000724a   0x00000002   PAD
    0x0000724c   0x0000724c   0x000000c8   Code   RO          790    i.timer_init        nrf_bootloader_dfu_timers.o
    0x00007314   0x00007314   0x00000018   Code   RO          791    i.timer_start       nrf_bootloader_dfu_timers.o
    0x0000732c   0x0000732c   0x00000018   Code   RO          792    i.timer_stop        nrf_bootloader_dfu_timers.o
    0x00007344   0x00007344   0x0000000c   Code   RO          442    i.uint16_decode     ble_srv_common.o
    0x00007350   0x00007350   0x00000014   Code   RO         1874    i.uint32_encode     nrf_dfu_ble.o
    0x00007364   0x00007364   0x00000014   Code   RO         3968    i.uninit            nrf_fstorage_nvmc.o
    0x00007378   0x00007378   0x00000024   Code   RO         4054    i.uninit            nrf_fstorage_sd.o
    0x0000739c   0x0000739c   0x00000042   Code   RO         2756    i.update_data_addr_get  nrf_dfu_validation.o
    0x000073de   0x000073de   0x00000002   PAD
    0x000073e0   0x000073e0   0x0000006c   Code   RO         2757    i.update_data_size_get  nrf_dfu_validation.o
    0x0000744c   0x0000744c   0x0000000e   Code   RO         2759    i.use_single_bank   nrf_dfu_validation.o
    0x0000745a   0x0000745a   0x00000002   PAD
    0x0000745c   0x0000745c   0x00000020   Code   RO         1267    i.verify_context    nrf_crypto_hash.o
    0x0000747c   0x0000747c   0x00000004   Code   RO          541    i.wait_for_event    nrf_bootloader.o
    0x00007480   0x00007480   0x00000010   Code   RO         2988    i.wait_for_flash_ready  nrf_nvmc.o
    0x00007490   0x00007490   0x00000044   Code   RO          987    i.wdt_feed          nrf_bootloader_wdt.o
    0x000074d4   0x000074d4   0x00000008   Code   RO          988    i.wdt_feed_timer_handler  nrf_bootloader_wdt.o
    0x000074dc   0x000074dc   0x00000006   Code   RO         3969    i.wmap              nrf_fstorage_nvmc.o
    0x000074e2   0x000074e2   0x00000006   Code   RO         4055    i.wmap              nrf_fstorage_sd.o
    0x000074e8   0x000074e8   0x00000054   Code   RO         3970    i.write             nrf_fstorage_nvmc.o
    0x0000753c   0x0000753c   0x00000054   Code   RO         4056    i.write             nrf_fstorage_sd.o
    0x00007590   0x00007590   0x00000054   Code   RO         4057    i.write_execute     nrf_fstorage_sd.o
    0x000075e4   0x000075e4   0x0000000a   Code   RO         6137    x$fpl$fpinit        g_wm.l(fpinit.o)
    0x000075ee   0x000075ee   0x00000002   PAD
    0x000075f0   0x000075f0   0x00000040   Data   RO          295    .constdata          public_key.o
    0x00007630   0x00007630   0x00000008   Data   RO          326    .constdata          boards.o
    0x00007638   0x00007638   0x00000008   PAD
    0x00007640   0x00007640   0x00000006   Data   RO          543    .constdata          nrf_bootloader.o
    0x00007646   0x00007646   0x0000000a   PAD
    0x00007650   0x00007650   0x00000006   Data   RO          793    .constdata          nrf_bootloader_dfu_timers.o
    0x00007656   0x00007656   0x00000002   PAD
    0x00007658   0x00007658   0x00000018   Data   RO         1515    .constdata          nrf_sw_backend_hash.o
    0x00007670   0x00007670   0x0000000c   Data   RO         1568    .constdata          micro_ecc_backend_ecc.o
    0x0000767c   0x0000767c   0x000001b4   Data   RO         1787    .constdata          dfu-cc.pb.o
    0x00007830   0x00007830   0x00000120   Data   RO         1876    .constdata          nrf_dfu_ble.o
    0x00007950   0x00007950   0x00000010   Data   RO         2170    .constdata          nrf_dfu_mbr.o
    0x00007960   0x00007960   0x00000030   Data   RO         2233    .constdata          nrf_dfu_req_handler.o
    0x00007990   0x00007990   0x0000002c   Data   RO         3971    .constdata          nrf_fstorage_nvmc.o
    0x000079bc   0x000079bc   0x00000030   Data   RO         4059    .constdata          nrf_fstorage_sd.o
    0x000079ec   0x000079ec   0x00000100   Data   RO         4422    .constdata          sha256.o
    0x00007aec   0x00007aec   0x00000058   Data   RO         4633    .constdata          nrf_sdh.o
    0x00007b44   0x00007b44   0x00000030   Data   RO         4751    .constdata          nrf_sdh_ble.o
    0x00007b74   0x00007b74   0x0000001c   Data   RO         4802    .constdata          nrf_sdh_soc.o
    0x00007b90   0x00007b90   0x00000024   Data   RO         4899    .constdata          pb_decode.o
    0x00007bb4   0x00007bb4   0x000000b0   Data   RO         6019    .rodata.curve_secp256r1  micro_ecc_lib_nrf52.lib(uECC.c.o)
    0x00007c64   0x00007c64   0x00000040   Data   RO         6205    Region$$Table       anon$$obj.o
    0x00007ca4   0x00007ca4   0x00000008   Data   RO         1878    dfu_trans           nrf_dfu_ble.o
    0x00007cac   0x00007cac   0x00000014   Data   RO         1879    nrf_balloc          nrf_dfu_ble.o
    0x00007cc0   0x00007cc0   0x00000008   Data   RO         1880    sdh_ble_observers2  nrf_dfu_ble.o
    0x00007cc8   0x00007cc8   0x00000008   Data   RO         4061    sdh_req_observers0  nrf_fstorage_sd.o
    0x00007cd0   0x00007cd0   0x00000008   Data   RO         4062    sdh_soc_observers0  nrf_fstorage_sd.o
    0x00007cd8   0x00007cd8   0x00000008   Data   RO         4753    sdh_stack_observers0  nrf_sdh_ble.o
    0x00007ce0   0x00007ce0   0x00000008   Data   RO         4803    sdh_stack_observers0  nrf_sdh_soc.o
    0x00007ce8   0x00007ce8   0x00000008   Data   RO         4063    sdh_state_observers0  nrf_fstorage_sd.o
    0x00007cf0   0x00007cf0   0x0000000c   Data   RO         4534    svc_data            nrf_dfu_svci_handler.o


    Execution Region RW_IRAM2 (Exec base: 0x00800000, Load base: 0x00007d94, Size: 0x00003328, Max: 0x00010000, ABSOLUTE)

    Exec Addr    Load Addr    Size         Type   Attr      Idx    E Section Name        Object

    0x00800000   0x00007d94   0x00000001   Data   RW          895    .data               nrf_bootloader_fw_activation.o
    0x00800001   0x00007d95   0x00000001   Data   RW         1345    .data               nrf_crypto_init.o
    0x00800002   0x00007d96   0x00000002   PAD
    0x00800004   0x00007d98   0x00000004   Data   RW         2495    .data               nrf_dfu_settings.o
    0x00800008   0x00007d9c   0x0000000e   Data   RW         3232    .data               app_scheduler.o
    0x00800016   0x00007daa   0x00000002   PAD
    0x00800018   0x00007dac   0x00000008   Data   RW         4060    .data               nrf_fstorage_sd.o
    0x00800020   0x00007db4   0x00000001   Data   RW         4752    .data               nrf_sdh_ble.o
    0x00800021   0x00007db5   0x00000003   PAD
    0x00800024   0x00007db8   0x00000004   Data   RW         5254    .data               system_nrf52.o
    0x00800028        -       0x00000420   Zero   RW          542    .bss                nrf_bootloader.o
    0x00800448        -       0x00000a80   Zero   RW         2494    .bss                nrf_dfu_settings.o
    0x00800ec8        -       0x000003f4   Zero   RW         2760    .bss                nrf_dfu_validation.o
    0x008012bc        -       0x0000000c   Zero   RW         3298    .bss                app_util_platform.o
    0x008012c8        -       0x00000060   Zero   RW         6079    .bss                c_w.l(libspace.o)
    0x00801328        -       0x00002000   Zero   RW         5078    HEAP                arm_startup_nrf52.o


    Execution Region RW_IRAM1 (Exec base: 0x20000000, Load base: 0x00007cfc, Size: 0x00003330, Max: 0x00010000, ABSOLUTE)

    Exec Addr    Load Addr    Size         Type   Attr      Idx    E Section Name        Object

    0x20000000   0x00007cfc   0x00000005   Data   RW          544    .data               nrf_bootloader.o
    0x20000005   0x00007d01   0x00000003   PAD
    0x20000008   0x00007d04   0x0000002d   Data   RW          794    .data               nrf_bootloader_dfu_timers.o
    0x20000035   0x00007d31   0x00000001   Data   RW          989    .data               nrf_bootloader_wdt.o
    0x20000036   0x00007d32   0x00000002   PAD
    0x20000038   0x00007d34   0x00000004   Data   RW         1804    .data               nrf_dfu.o
    0x2000003c   0x00007d38   0x00000018   Data   RW         1877    .data               nrf_dfu_ble.o
    0x20000054   0x00007d50   0x00000001   Data   RW         2134    .data               nrf_dfu_handling_error.o
    0x20000055   0x00007d51   0x00000003   PAD
    0x20000058   0x00007d54   0x0000000d   Data   RW         2234    .data               nrf_dfu_req_handler.o
    0x20000065   0x00007d61   0x00000003   PAD
    0x20000068   0x00007d64   0x00000012   Data   RW         2761    .data               nrf_dfu_validation.o
    0x2000007a   0x00007d76   0x00000002   PAD
    0x2000007c   0x00007d78   0x00000004   Data   RW         3972    .data               nrf_fstorage_nvmc.o
    0x20000080   0x00007d7c   0x00000003   Data   RW         4634    .data               nrf_sdh.o
    0x20000083   0x00007d7f   0x00000001   PAD
    0x20000084   0x00007d80   0x00000014   Data   RW         2076    fs_data             nrf_dfu_flash.o
    0x20000098        -       0x00001097   Zero   RW         1875    .bss                nrf_dfu_ble.o
    0x2000112f   0x00007d94   0x00000001   PAD
    0x20001130        -       0x00000200   Zero   RW         4058    .bss                nrf_fstorage_sd.o
    0x20001330        -       0x00002000   Zero   RW         5077    STACK               arm_startup_nrf52.o



  Load Region LR$$.ARM.__AT_0x0007E000 (Base: 0x0007e000, Size: 0x00000000, Max: 0x00001000, ABSOLUTE)

    Execution Region ER$$.ARM.__AT_0x0007E000 (Exec base: 0x0007e000, Load base: 0x0007e000, Size: 0x00001000, Max: 0x00001000, ABSOLUTE, UNINIT)

    Exec Addr    Load Addr    Size         Type   Attr      Idx    E Section Name        Object

    0x0007e000        -       0x00001000   Zero   RW         2491    .ARM.__AT_0x0007E000  nrf_dfu_settings.o



  Load Region LR$$.ARM.__AT_0x0007F000 (Base: 0x0007f000, Size: 0x00000000, Max: 0x00001000, ABSOLUTE)

    Execution Region ER$$.ARM.__AT_0x0007F000 (Exec base: 0x0007f000, Load base: 0x0007f000, Size: 0x00001000, Max: 0x00001000, ABSOLUTE, UNINIT)

    Exec Addr    Load Addr    Size         Type   Attr      Idx    E Section Name        Object

    0x0007f000        -       0x00001000   Zero   RW         2492    .ARM.__AT_0x0007F000  nrf_dfu_settings.o



  Load Region LR$$.ARM.__AT_0x10001014 (Base: 0x10001014, Size: 0x00000004, Max: 0x00000004, ABSOLUTE)

    Execution Region ER$$.ARM.__AT_0x10001014 (Exec base: 0x10001014, Load base: 0x10001014, Size: 0x00000004, Max: 0x00000004, ABSOLUTE, UNINIT)

    Exec Addr    Load Addr    Size         Type   Attr      Idx    E Section Name        Object

    0x10001014   0x10001014   0x00000004   Data   RW          949    .ARM.__AT_0x10001014  nrf_bootloader_info.o



  Load Region LR$$.ARM.__AT_0x10001018 (Base: 0x10001018, Size: 0x00000004, Max: 0x00000004, ABSOLUTE)

    Execution Region ER$$.ARM.__AT_0x10001018 (Exec base: 0x10001018, Load base: 0x10001018, Size: 0x00000004, Max: 0x00000004, ABSOLUTE, UNINIT)

    Exec Addr    Load Addr    Size         Type   Attr      Idx    E Section Name        Object

    0x10001018   0x10001018   0x00000004   Data   RO         2493    .ARM.__AT_0x10001018  nrf_dfu_settings.o


==============================================================================

Image component sizes


      Code (inc. data)   RO Data    RW Data    ZI Data      Debug   Object Name

       416         72          0         14          0      42473   app_scheduler.o
       200         24          0          0         12       9626   app_util_platform.o
        64         26        512          0      16384        896   arm_startup_nrf52.o
        30          0          0          0          0      64084   ble_srv_common.o
       276         18          8          0          0       8789   boards.o
        76          6          0          0          0       1204   crc32.o
         0          0        436          0          0       1242   dfu-cc.pb.o
       256         24          0          0          0      97037   main.o
        52          0         12          0          0      24157   micro_ecc_backend_ecc.o
         0          0          0          0          0      21439   micro_ecc_backend_ecdh.o
        98          0          0          0          0      12702   micro_ecc_backend_ecdsa.o
       374          0          0          0          0       7584   nrf_atfifo.o
       298          0          0          0          0       4483   nrf_atomic.o
       218          0          0          0          0       7479   nrf_balloc.o
       918         96          6          5       1056      86833   nrf_bootloader.o
        40          4          0          0          0        619   nrf_bootloader_app_start.o
       332         16          0          0          0       8352   nrf_bootloader_app_start_final.o
       658         70          6         45          0      44606   nrf_bootloader_dfu_timers.o
       708         44          0          1          0       6421   nrf_bootloader_fw_activation.o
        52          6          0          4          0        854   nrf_bootloader_info.o
       242         32          0          1          0      32144   nrf_bootloader_wdt.o
       206         10          0          0          0      27477   nrf_crypto_ecc.o
       168          8          0          0          0      13402   nrf_crypto_ecdsa.o
       346          8          0          0          0       8569   nrf_crypto_hash.o
        72         14          0          1          0       2613   nrf_crypto_init.o
       112          0          0          0          0       3288   nrf_crypto_shared.o
        96         12          0          4          0       9463   nrf_dfu.o
      2650        216        324         24       4247     115042   nrf_dfu_ble.o
       130         20          0         20          0       5251   nrf_dfu_flash.o
        32         10          0          1          0       2308   nrf_dfu_handling_error.o
        84          6         16          0          0       4014   nrf_dfu_mbr.o
      1342        156         48         13          0      37168   nrf_dfu_req_handler.o
       626         66          4          4      10880      11261   nrf_dfu_settings.o
       180         18          0          0          0       3780   nrf_dfu_settings_svci.o
       156         14         12          0          0       5243   nrf_dfu_svci_handler.o
       128         20          0          0          0       2320   nrf_dfu_transport.o
       322         32          0          0          0       9889   nrf_dfu_utils.o
      2480        218          0         18       1012      21925   nrf_dfu_validation.o
       466         14          0          0          0       5619   nrf_dfu_ver_validation.o
       348         10          0          0          0       7432   nrf_fstorage.o
       326         34         44          4          0       8964   nrf_fstorage_nvmc.o
      1114        120         72          8        512      17915   nrf_fstorage_sd.o
         0          0          0          0          0       1472   nrf_memobj.o
       324         20          0          0          0       2735   nrf_nvmc.o
       804         86         88          3          0      42822   nrf_sdh.o
       364         18         56          1          0       6413   nrf_sdh_ble.o
        84          4         36          0          0       3588   nrf_sdh_soc.o
       112          0          0          0          0       3852   nrf_section_iter.o
       144         12          0          0          0       3149   nrf_svc_handler.o
       106          0         24          0          0       4348   nrf_sw_backend_hash.o
       252          0          0          0          0      10052   pb_common.o
      3100         14         36          0          0      35716   pb_decode.o
         0          0         64          0          0        493   public_key.o
      1210         40        256          0          0       4828   sha256.o
      1568        152          0          4          0       9079   system_nrf52.o

    ----------------------------------------------------------------------
     24824       1790       2144        196      34104     934514   Object Totals
         0          0         64          0          0          0   (incl. Generated)
        64          0         20         21          1          0   (incl. Padding)

    ----------------------------------------------------------------------

      Code (inc. data)   RO Data    RW Data    ZI Data      Debug   Library Member Name

         8          0          0          0          0         68   __main.o
         0          0          0          0          0          0   __rtentry.o
        12          0          0          0          0          0   __rtentry2.o
         6          0          0          0          0          0   __rtentry4.o
        52          8          0          0          0          0   __scatter.o
        26          0          0          0          0          0   __scatter_copy.o
        28          0          0          0          0          0   __scatter_zi.o
        16          0          0          0          0         68   aeabi_memset.o
        18          0          0          0          0         80   exit.o
         6          0          0          0          0        152   heapauxi.o
         0          0          0          0          0          0   indicate_semi.o
         2          0          0          0          0          0   libinit.o
         6          0          0          0          0          0   libinit2.o
         2          0          0          0          0          0   libshutdown.o
         2          0          0          0          0          0   libshutdown2.o
         8          4          0          0         96         68   libspace.o
        38          0          0          0          0         68   llshl.o
        88          0          0          0          0         76   memcmp.o
        22          0          0          0          0         76   memset.o
        68          0          0          0          0         68   rt_memclr.o
        78          0          0          0          0         80   rt_memclr_w.o
       138          0          0          0          0         68   rt_memcpy_v6.o
       100          0          0          0          0         80   rt_memcpy_w.o
         2          0          0          0          0          0   rtexit.o
        10          0          0          0          0          0   rtexit2.o
        12          4          0          0          0         68   sys_exit.o
        74          0          0          0          0         80   sys_stackheap_outer.o
         2          0          0          0          0         68   use_no_semi.o
        10          0          0          0          0        116   fpinit.o
      4004          8        176          0          0      40185   uECC.c.o

    ----------------------------------------------------------------------
      4856         24        176          0         96      41469   Library Totals
        18          0          0          0          0          0   (incl. Padding)

    ----------------------------------------------------------------------

      Code (inc. data)   RO Data    RW Data    ZI Data      Debug   Library Name

       824         16          0          0         96       1168   c_w.l
        10          0          0          0          0        116   g_wm.l
      4004          8        176          0          0      40185   micro_ecc_lib_nrf52.lib

    ----------------------------------------------------------------------
      4856         24        176          0         96      41469   Library Totals

    ----------------------------------------------------------------------

==============================================================================


      Code (inc. data)   RO Data    RW Data    ZI Data      Debug   

     29680       1814       2320        196      34200     941211   Grand Totals
     29680       1814       2320        196      34200     941211   ELF Image Totals
     29680       1814       2320        196          0          0   ROM Totals

==============================================================================

    Total RO  Size (Code + RO Data)                32000 (  31.25kB)
    Total RW  Size (RW Data + ZI Data)             34396 (  33.59kB)
    Total ROM Size (Code + RO Data + RW Data)      32196 (  31.44kB)

==============================================================================

