Component: ARM Compiler 5.06 update 5 (build 528) Tool: armlink [4d35e2]

==============================================================================

Section Cross References

    main.o(i.app_error_fault_handler) refers to main.o(i.on_error) for on_error
    main.o(i.app_error_handler) refers to main.o(i.on_error) for on_error
    main.o(i.app_error_handler_bare) refers to main.o(i.on_error) for on_error
    main.o(i.dfu_observer) refers to boards.o(i.bsp_board_init) for bsp_board_init
    main.o(i.dfu_observer) refers to boards.o(i.bsp_board_led_on) for bsp_board_led_on
    main.o(i.dfu_observer) refers to boards.o(i.bsp_board_led_off) for bsp_board_led_off
    main.o(i.main) refers to nrf_bootloader_info.o(i.nrf_bootloader_mbr_addrs_populate) for nrf_bootloader_mbr_addrs_populate
    main.o(i.main) refers to nrf_bootloader_app_start_final.o(i.nrf_bootloader_flash_protect) for nrf_bootloader_flash_protect
    main.o(i.main) refers to nrf_bootloader.o(i.nrf_bootloader_init) for nrf_bootloader_init
    main.o(i.main) refers to main.o(i.on_error) for on_error
    main.o(i.main) refers to main.o(i.dfu_observer) for dfu_observer
    boards.o(i.bsp_board_button_idx_to_pin) refers to boards.o(.constdata) for .constdata
    boards.o(i.bsp_board_button_state_get) refers to boards.o(.constdata) for .constdata
    boards.o(i.bsp_board_init) refers to boards.o(i.nrf_gpio_cfg) for nrf_gpio_cfg
    boards.o(i.bsp_board_init) refers to boards.o(i.bsp_board_leds_off) for bsp_board_leds_off
    boards.o(i.bsp_board_init) refers to boards.o(.constdata) for .constdata
    boards.o(i.bsp_board_led_idx_to_pin) refers to boards.o(.constdata) for .constdata
    boards.o(i.bsp_board_led_invert) refers to boards.o(.constdata) for .constdata
    boards.o(i.bsp_board_led_off) refers to boards.o(i.nrf_gpio_pin_write) for nrf_gpio_pin_write
    boards.o(i.bsp_board_led_off) refers to boards.o(.constdata) for .constdata
    boards.o(i.bsp_board_led_on) refers to boards.o(i.nrf_gpio_pin_write) for nrf_gpio_pin_write
    boards.o(i.bsp_board_led_on) refers to boards.o(.constdata) for .constdata
    boards.o(i.bsp_board_led_state_get) refers to boards.o(.constdata) for .constdata
    boards.o(i.bsp_board_leds_off) refers to boards.o(i.bsp_board_led_off) for bsp_board_led_off
    boards.o(i.bsp_board_leds_on) refers to boards.o(i.bsp_board_led_on) for bsp_board_led_on
    boards.o(i.bsp_board_pin_to_button_idx) refers to boards.o(.constdata) for .constdata
    boards.o(i.bsp_board_pin_to_led_idx) refers to boards.o(.constdata) for .constdata
    ble_srv_common.o(i.ble_srv_ascii_to_utf8) refers to strlen.o(.text) for strlen
    ble_srv_common.o(i.characteristic_add) refers to ble_srv_common.o(i.set_security_req) for set_security_req
    ble_srv_common.o(i.characteristic_add) refers to memseta.o(.text) for __aeabi_memclr4
    ble_srv_common.o(i.descriptor_add) refers to memseta.o(.text) for __aeabi_memclr4
    ble_srv_common.o(i.descriptor_add) refers to ble_srv_common.o(i.set_security_req) for set_security_req
    nrf_bootloader.o(i.boot_validate) refers to nrf_dfu_validation.o(i.nrf_dfu_validation_boot_validate) for nrf_dfu_validation_boot_validate
    nrf_bootloader.o(i.bootloader_reset) refers to nrf_dfu_settings.o(i.nrf_dfu_settings_backup) for nrf_dfu_settings_backup
    nrf_bootloader.o(i.bootloader_reset) refers to nrf_bootloader.o(i.do_reset) for do_reset
    nrf_bootloader.o(i.bootloader_reset) refers to nrf_bootloader.o(.data) for .data
    nrf_bootloader.o(i.dfu_enter_check) refers to nrf_bootloader.o(i.boot_validate) for boot_validate
    nrf_bootloader.o(i.dfu_enter_check) refers to nrf_dfu_utils.o(i.nrf_dfu_bank0_start_addr) for nrf_dfu_bank0_start_addr
    nrf_bootloader.o(i.dfu_enter_check) refers to nrf_bootloader.o(i.nrf_power_gpregret_get) for nrf_power_gpregret_get
    nrf_bootloader.o(i.dfu_enter_check) refers to nrf_dfu_settings.o(.bss) for s_dfu_settings
    nrf_bootloader.o(i.dfu_observer) refers to nrf_bootloader_dfu_timers.o(i.nrf_bootloader_dfu_inactivity_timer_restart) for nrf_bootloader_dfu_inactivity_timer_restart
    nrf_bootloader.o(i.dfu_observer) refers to nrf_bootloader.o(i.bootloader_reset) for bootloader_reset
    nrf_bootloader.o(i.dfu_observer) refers to nrf_dfu_settings.o(i.nrf_dfu_settings_reinit) for nrf_dfu_settings_reinit
    nrf_bootloader.o(i.dfu_observer) refers to nrf_bootloader.o(i.inactivity_timeout) for inactivity_timeout
    nrf_bootloader.o(i.dfu_observer) refers to nrf_bootloader.o(.data) for .data
    nrf_bootloader.o(i.flash_write_callback) refers to nrf_bootloader.o(.data) for .data
    nrf_bootloader.o(i.inactivity_timeout) refers to nrf_bootloader.o(i.bootloader_reset) for bootloader_reset
    nrf_bootloader.o(i.nrf_bootloader_init) refers to nrf_dfu_settings.o(i.nrf_dfu_settings_init) for nrf_dfu_settings_init
    nrf_bootloader.o(i.nrf_bootloader_init) refers to nrf_bootloader_fw_activation.o(i.nrf_bootloader_fw_activate) for nrf_bootloader_fw_activate
[...]
    m_buffer_pool_nrf_balloc_pool_mem        0x00800440   Data        4148  nrf_dfu_ble.o(.bss)
    .bss                                     0x00801474   Section     2688  nrf_dfu_settings.o(.bss)
    dfu_settings_buffer                      0x00801474   Data         896  nrf_dfu_settings.o(.bss)
    dfu_settings_buffer                      0x008017f4   Data         896  nrf_dfu_settings.o(.bss)
    .bss                                     0x00801ef4   Section     1012  nrf_dfu_validation.o(.bss)
    m_packet                                 0x00801ef4   Data         796  nrf_dfu_validation.o(.bss)
    m_pb_stream                              0x00802210   Data          16  nrf_dfu_validation.o(.bss)
    m_public_key                             0x00802220   Data          72  nrf_dfu_validation.o(.bss)
    m_signature                              0x00802268   Data          64  nrf_dfu_validation.o(.bss)
    m_sig_hash                               0x008022a8   Data          32  nrf_dfu_validation.o(.bss)
    m_fw_hash                                0x008022c8   Data          32  nrf_dfu_validation.o(.bss)
    .bss                                     0x008022e8   Section       16  nrf_fstorage_sd.o(.bss)
    m_fifo_inst                              0x008022e8   Data          16  nrf_fstorage_sd.o(.bss)
    .ARM.__AT_0x10001014                     0x10001014   Section        4  nrf_bootloader_info.o(.ARM.__AT_0x10001014)
    .ARM.__AT_0x10001018                     0x10001018   Section        4  nrf_dfu_settings.o(.ARM.__AT_0x10001018)
    .data                                    0x20000000   Section       48  nrf_bootloader_dfu_timers.o(.data)
    m_timer_initialized                      0x20000000   Data           1  nrf_bootloader_dfu_timers.o(.data)
    .data                                    0x20000030   Section        1  nrf_bootloader_fw_activation.o(.data)
    m_flash_write_done                       0x20000030   Data           1  nrf_bootloader_fw_activation.o(.data)
    .data                                    0x20000031   Section        1  nrf_bootloader_wdt.o(.data)
    initialized                              0x20000031   Data           1  nrf_bootloader_wdt.o(.data)
    .data                                    0x20000032   Section        1  nrf_crypto_init.o(.data)
    m_state                                  0x20000032   Data           1  nrf_crypto_init.o(.data)
    .data                                    0x20000034   Section       16  nrf_dfu_ble.o(.data)
    m_adv_handle                             0x20000034   Data           1  nrf_dfu_ble.o(.data)
    m_conn_handle                            0x20000036   Data           2  nrf_dfu_ble.o(.data)
    m_pkt_notif_target                       0x20000038   Data           2  nrf_dfu_ble.o(.data)
    m_pkt_notif_target_cnt                   0x2000003a   Data           2  nrf_dfu_ble.o(.data)
    m_flags                                  0x2000003c   Data           4  nrf_dfu_ble.o(.data)
    m_observer                               0x20000040   Data           4  nrf_dfu_ble.o(.data)
    .data                                    0x20000044   Section       16  nrf_dfu_req_handler.o(.data)
    current_object                           0x20000044   Data           1  nrf_dfu_req_handler.o(.data)
    m_firmware_start_addr                    0x20000048   Data           4  nrf_dfu_req_handler.o(.data)
    m_firmware_size_req                      0x2000004c   Data           4  nrf_dfu_req_handler.o(.data)
    m_observer                               0x20000050   Data           4  nrf_dfu_req_handler.o(.data)
    .data                                    0x20000054   Section        4  nrf_dfu_settings.o(.data)
    .data                                    0x20000058   Section       16  nrf_dfu_validation.o(.data)
    m_valid_init_cmd_present                 0x20000058   Data           1  nrf_dfu_validation.o(.data)
    m_crypto_initialized                     0x20000059   Data           1  nrf_dfu_validation.o(.data)
    m_init_packet_valid                      0x2000005a   Data           1  nrf_dfu_validation.o(.data)
    m_init_packet_data_ptr                   0x2000005c   Data           4  nrf_dfu_validation.o(.data)
    m_init_packet_data_len                   0x20000060   Data           4  nrf_dfu_validation.o(.data)
    mp_init                                  0x20000064   Data           4  nrf_dfu_validation.o(.data)
    .data                                    0x20000068   Section       16  app_scheduler.o(.data)
    m_queue_start_index                      0x20000068   Data           1  app_scheduler.o(.data)
    m_queue_end_index                        0x20000069   Data           1  app_scheduler.o(.data)
    m_queue_event_size                       0x2000006a   Data           2  app_scheduler.o(.data)
    m_queue_size                             0x2000006c   Data           2  app_scheduler.o(.data)
    m_queue_event_headers                    0x20000070   Data           4  app_scheduler.o(.data)
    m_queue_event_data                       0x20000074   Data           4  app_scheduler.o(.data)
    .data                                    0x20000078   Section        8  nrf_fstorage_sd.o(.data)
    m_p_cur_op                               0x20000078   Data           4  nrf_fstorage_sd.o(.data)
    m_iget_ctx                               0x2000007c   Data           4  nrf_fstorage_sd.o(.data)
    .data                                    0x20000080   Section        1  nrf_sdh_ble.o(.data)
    m_stack_is_enabled                       0x20000080   Data           1  nrf_sdh_ble.o(.data)
    .data                                    0x20000084   Section        4  system_nrf52.o(.data)
    __tagsym$$used                           0x20000084   Number         0  system_nrf52.o(.data)
    fs_data                                  0x20000088   Section       20  nrf_dfu_flash.o(fs_data)
    __tagsym$$used                           0x20000088   Number         0  nrf_dfu_flash.o(fs_data)
    .bss                                     0x2000009c   Section       80  nrf_dfu_ble.o(.bss)
    m_enc_advdata                            0x2000009c   Data          31  nrf_dfu_ble.o(.bss)
    m_adv_name                               0x200000bc   Data          28  nrf_dfu_ble.o(.bss)
    m_dfu                                    0x200000d8   Data          20  nrf_dfu_ble.o(.bss)
    .bss                                     0x200000ec   Section       17  nrf_dfu_ble.o(.bss)
    m_buffer_pool_nrf_balloc_pool_stack      0x200000ec   Data          17  nrf_dfu_ble.o(.bss)
    .bss                                     0x20000100   Section       12  app_util_platform.o(.bss)
    .bss                                     0x2000010c   Section      496  nrf_fstorage_sd.o(.bss)
    m_fifo_data                              0x2000010c   Data         476  nrf_fstorage_sd.o(.bss)
    m_flags                                  0x200002e8   Data          20  nrf_fstorage_sd.o(.bss)
    STACK                                    0x20000300   Section     8192  arm_startup_nrf52.o(STACK)

    Global Symbols

    Symbol Name                              Value     Ov Type        Size  Object(Section)

    BuildAttributes$$THM_ISAv4$E$P$D$K$B$S$7EM$VFPi3$EXTD16$VFPS$VFMA$PE$A:L22UL41UL21$X:L11$S22US41US21$IEEE1$IW$USESV6$~STKCKD$USESV7$~SHL$OSPACE$IEEEX$EBA8$MICROLIB$REQ8$EABIv2 0x00000000   Number         0  anon$$obj.o ABSOLUTE
    Load$$LR$$LR_IROM1$$Base                 0x00000000   Number         0  anon$$obj.o ABSOLUTE
    __ARM_use_no_argv                        0x00000000   Number         0  main.o ABSOLUTE
    __Vectors                                0x00000000   Data           4  arm_startup_nrf52.o(RESET)
    __cpp_initialize__aeabi_                  - Undefined Weak Reference
    __cxa_finalize                            - Undefined Weak Reference
    __decompress                              - Undefined Weak Reference
    _clock_init                               - Undefined Weak Reference
    _microlib_exit                            - Undefined Weak Reference
    crypto_data$$Base                         - Undefined Reference
    crypto_data$$Limit                        - Undefined Reference
    sdh_ble_observers0$$Base                  - Undefined Reference
    sdh_ble_observers0$$Limit                 - Undefined Reference
    sdh_ble_observers1$$Base                  - Undefined Reference
    sdh_ble_observers1$$Limit                 - Undefined Reference
    sdh_ble_observers3$$Base                  - Undefined Reference
    sdh_ble_observers3$$Limit                 - Undefined Reference
    sdh_req_observers1$$Base                  - Undefined Reference
    sdh_req_observers1$$Limit                 - Undefined Reference
    sdh_soc_observers1$$Base                  - Undefined Reference
    sdh_soc_observers1$$Limit                 - Undefined Reference
    sdh_stack_observers1$$Base                - Undefined Reference
    sdh_stack_observers1$$Limit               - Undefined Reference
    sdh_state_observers1$$Base                - Undefined Reference
    sdh_state_observers1$$Limit               - Undefined Reference
    __Vectors_End                            0x00000200   Data           0  arm_startup_nrf52.o(RESET)
    __Vectors_Size                           0x00000200   Number         0  arm_startup_nrf52.o ABSOLUTE
    __main                                   0x00000201   Thumb Code     0  entry.o(.ARM.Collect$$$$00000000)
    _main_stk                                0x00000201   Thumb Code     0  entry2.o(.ARM.Collect$$$$00000001)
    _main_scatterload                        0x00000205   Thumb Code     0  entry5.o(.ARM.Collect$$$$00000004)
    __main_after_scatterload                 0x00000209   Thumb Code     0  entry5.o(.ARM.Collect$$$$00000004)
    _main_clock                              0x00000209   Thumb Code     0  entry7b.o(.ARM.Collect$$$$00000008)
    _main_cpp_init                           0x00000209   Thumb Code     0  entry8b.o(.ARM.Collect$$$$0000000A)
    _main_init                               0x00000209   Thumb Code     0  entry9a.o(.ARM.Collect$$$$0000000B)
    __rt_final_cpp                           0x00000211   Thumb Code     0  entry10a.o(.ARM.Collect$$$$0000000D)
    __rt_final_exit                          0x00000211   Thumb Code     0  entry11a.o(.ARM.Collect$$$$0000000F)
    __asm___32_nrf_bootloader_app_start_final_c_c9922886__jump_to_addr 0x00000215   Thumb Code     8  nrf_bootloader_app_start_final.o(.emb_text)
    __asm___12_nrf_atfifo_c_51f461e1__nrf_atfifo_wspace_req 0x0000021d   Thumb Code    56  nrf_atfifo.o(.emb_text)
    __asm___12_nrf_atfifo_c_51f461e1__nrf_atfifo_wspace_close 0x00000255   Thumb Code    18  nrf_atfifo.o(.emb_text)
    __asm___12_nrf_atfifo_c_51f461e1__nrf_atfifo_rspace_req 0x00000267   Thumb Code    58  nrf_atfifo.o(.emb_text)
    __asm___12_nrf_atfifo_c_51f461e1__nrf_atfifo_rspace_close 0x000002a1   Thumb Code    18  nrf_atfifo.o(.emb_text)
    __asm___12_nrf_atfifo_c_51f461e1__nrf_atfifo_space_clear 0x000002b3   Thumb Code    50  nrf_atfifo.o(.emb_text)
    __asm___12_nrf_atomic_c_85ca2469__nrf_atomic_internal_mov 0x000002e5   Thumb Code    24  nrf_atomic.o(.emb_text)
    __asm___12_nrf_atomic_c_85ca2469__nrf_atomic_internal_orr 0x000002fd   Thumb Code    26  nrf_atomic.o(.emb_text)
    __asm___12_nrf_atomic_c_85ca2469__nrf_atomic_internal_and 0x00000317   Thumb Code    26  nrf_atomic.o(.emb_text)
    __asm___12_nrf_atomic_c_85ca2469__nrf_atomic_internal_eor 0x00000331   Thumb Code    26  nrf_atomic.o(.emb_text)
    __asm___12_nrf_atomic_c_85ca2469__nrf_atomic_internal_add 0x0000034b   Thumb Code    26  nrf_atomic.o(.emb_text)
    __asm___12_nrf_atomic_c_85ca2469__nrf_atomic_internal_sub 0x00000365   Thumb Code    26  nrf_atomic.o(.emb_text)
    __asm___12_nrf_atomic_c_85ca2469__nrf_atomic_internal_cmp_exch 0x0000037f   Thumb Code    42  nrf_atomic.o(.emb_text)
    __asm___12_nrf_atomic_c_85ca2469__nrf_atomic_internal_sub_hs 0x000003a9   Thumb Code    30  nrf_atomic.o(.emb_text)
    SVC_Handler                              0x000003c9   Thumb Code    20  nrf_svc_handler.o(.emb_text)
    Reset_Handler                            0x000003dd   Thumb Code     8  arm_startup_nrf52.o(.text)
    NMI_Handler                              0x000003e5   Thumb Code     2  arm_startup_nrf52.o(.text)
    HardFault_Handler                        0x000003e7   Thumb Code     2  arm_startup_nrf52.o(.text)
    MemoryManagement_Handler                 0x000003e9   Thumb Code     2  arm_startup_nrf52.o(.text)
    BusFault_Handler                         0x000003eb   Thumb Code     2  arm_startup_nrf52.o(.text)
    UsageFault_Handler                       0x000003ed   Thumb Code     2  arm_startup_nrf52.o(.text)
    DebugMon_Handler                         0x000003f1   Thumb Code     2  arm_startup_nrf52.o(.text)
    PendSV_Handler                           0x000003f3   Thumb Code     2  arm_startup_nrf52.o(.text)
    SysTick_Handler                          0x000003f5   Thumb Code     2  arm_startup_nrf52.o(.text)
    CCM_AAR_IRQHandler                       0x000003f7   Thumb Code     0  arm_startup_nrf52.o(.text)
    COMP_LPCOMP_IRQHandler                   0x000003f7   Thumb Code     0  arm_startup_nrf52.o(.text)
    ECB_IRQHandler                           0x000003f7   Thumb Code     0  arm_startup_nrf52.o(.text)
    FPU_IRQHandler                           0x000003f7   Thumb Code     0  arm_startup_nrf52.o(.text)
    GPIOTE_IRQHandler                        0x000003f7   Thumb Code     0  arm_startup_nrf52.o(.text)
    I2S_IRQHandler                           0x000003f7   Thumb Code     0  arm_startup_nrf52.o(.text)
    MWU_IRQHandler                           0x000003f7   Thumb Code     0  arm_startup_nrf52.o(.text)
    NFCT_IRQHandler                          0x000003f7   Thumb Code     0  arm_startup_nrf52.o(.text)
    PDM_IRQHandler                           0x000003f7   Thumb Code     0  arm_startup_nrf52.o(.text)
    POWER_CLOCK_IRQHandler                   0x000003f7   Thumb Code     0  arm_startup_nrf52.o(.text)
    PWM0_IRQHandler                          0x000003f7   Thumb Code     0  arm_startup_nrf52.o(.text)
    PWM1_IRQHandler                          0x000003f7   Thumb Code     0  arm_startup_nrf52.o(.text)
    PWM2_IRQHandler                          0x000003f7   Thumb Code     0  arm_startup_nrf52.o(.text)
    QDEC_IRQHandler                          0x000003f7   Thumb Code     0  arm_startup_nrf52.o(.text)
    RADIO_IRQHandler                         0x000003f7   Thumb Code     0  arm_startup_nrf52.o(.text)
    RNG_IRQHandler                           0x000003f7   Thumb Code     0  arm_startup_nrf52.o(.text)
    RTC0_IRQHandler                          0x000003f7   Thumb Code     0  arm_startup_nrf52.o(.text)
    RTC1_IRQHandler                          0x000003f7   Thumb Code     0  arm_startup_nrf52.o(.text)
    SAADC_IRQHandler                         0x000003f7   Thumb Code     0  arm_startup_nrf52.o(.text)
    SPIM0_SPIS0_TWIM0_TWIS0_SPI0_TWI0_IRQHandler 0x000003f7   Thumb Code     0  arm_startup_nrf52.o(.text)
    SPIM1_SPIS1_TWIM1_TWIS1_SPI1_TWI1_IRQHandler 0x000003f7   Thumb Code     0  arm_startup_nrf52.o(.text)
    SPIM2_SPIS2_SPI2_IRQHandler              0x000003f7   Thumb Code     0  arm_startup_nrf52.o(.text)
    SWI0_EGU0_IRQHandler                     0x000003f7   Thumb Code     0  arm_startup_nrf52.o(.text)
    SWI1_EGU1_IRQHandler                     0x000003f7   Thumb Code     0  arm_startup_nrf52.o(.text)
    SWI3_EGU3_IRQHandler                     0x000003f7   Thumb Code     0  arm_startup_nrf52.o(.text)
    SWI4_EGU4_IRQHandler                     0x000003f7   Thumb Code     0  arm_startup_nrf52.o(.text)
    SWI5_EGU5_IRQHandler                     0x000003f7   Thumb Code     0  arm_startup_nrf52.o(.text)
    TEMP_IRQHandler                          0x000003f7   Thumb Code     0  arm_startup_nrf52.o(.text)
    TIMER0_IRQHandler                        0x000003f7   Thumb Code     0  arm_startup_nrf52.o(.text)
    TIMER1_IRQHandler                        0x000003f7   Thumb Code     0  arm_startup_nrf52.o(.text)
    TIMER2_IRQHandler                        0x000003f7   Thumb Code     0  arm_startup_nrf52.o(.text)
    TIMER3_IRQHandler                        0x000003f7   Thumb Code     0  arm_startup_nrf52.o(.text)
    TIMER4_IRQHandler                        0x000003f7   Thumb Code     0  arm_startup_nrf52.o(.text)
    UARTE0_UART0_IRQHandler                  0x000003f7   Thumb Code     0  arm_startup_nrf52.o(.text)
    __aeabi_llsl                             0x00000401   Thumb Code    30  llshl.o(.text)
    _ll_shift_l                              0x00000401   Thumb Code     0  llshl.o(.text)
    __aeabi_memcpy                           0x0000041f   Thumb Code    36  memcpya.o(.text)
    __aeabi_memcpy4                          0x0000041f   Thumb Code     0  memcpya.o(.text)
    __aeabi_memcpy8                          0x0000041f   Thumb Code     0  memcpya.o(.text)
    __aeabi_memset                           0x00000443   Thumb Code    14  memseta.o(.text)
    __aeabi_memset4                          0x00000443   Thumb Code     0  memseta.o(.text)
    __aeabi_memset8                          0x00000443   Thumb Code     0  memseta.o(.text)
    __aeabi_memclr                           0x00000451   Thumb Code     4  memseta.o(.text)
    __aeabi_memclr4                          0x00000451   Thumb Code     0  memseta.o(.text)
    __aeabi_memclr8                          0x00000451   Thumb Code     0  memseta.o(.text)
    memset                                   0x00000455   Thumb Code    18  memseta.o(.text)
    memcmp                                   0x00000467   Thumb Code    26  memcmp.o(.text)
    __scatterload                            0x00000481   Thumb Code    28  init.o(.text)
    __scatterload_rt2                        0x00000481   Thumb Code     0  init.o(.text)
    uECC_secp256r1                           0x000007a1   Thumb Code     8  uECC.c.o(.text.uECC_secp256r1)
    uECC_verify                              0x000007a9   Thumb Code   740  uECC.c.o(.text.uECC_verify)
    RTC2_IRQHandler                          0x00001455   Thumb Code   106  nrf_bootloader_dfu_timers.o(i.RTC2_IRQHandler)
    SWI2_EGU2_IRQHandler                     0x000014c9   Thumb Code     4  nrf_sdh.o(i.SWI2_EGU2_IRQHandler)
    SystemInit                               0x000014cd   Thumb Code   740  system_nrf52.o(i.SystemInit)
    WDT_IRQHandler                           0x000017f9   Thumb Code    14  nrf_bootloader_wdt.o(i.WDT_IRQHandler)
    __scatterload_copy                       0x0000180d   Thumb Code    14  handlers.o(i.__scatterload_copy)
    __scatterload_null                       0x0000181b   Thumb Code     2  handlers.o(i.__scatterload_null)
    __scatterload_zeroinit                   0x0000181d   Thumb Code    14  handlers.o(i.__scatterload_zeroinit)
    app_error_fault_handler                  0x00001939   Thumb Code     4  main.o(i.app_error_fault_handler)
    app_error_handler_bare                   0x0000193d   Thumb Code     4  main.o(i.app_error_handler_bare)
    app_sched_event_put                      0x00001941   Thumb Code   154  app_scheduler.o(i.app_sched_event_put)
    app_sched_execute                        0x000019e1   Thumb Code    58  app_scheduler.o(i.app_sched_execute)
    app_sched_init                           0x00001a21   Thumb Code    40  app_scheduler.o(i.app_sched_init)
    app_util_critical_region_enter           0x00001a4d   Thumb Code    64  app_util_platform.o(i.app_util_critical_region_enter)
    app_util_critical_region_exit            0x00001a95   Thumb Code    46  app_util_platform.o(i.app_util_critical_region_exit)
    ble_dfu_init                             0x00001b2d   Thumb Code   182  nrf_dfu_ble.o(i.ble_dfu_init)
    ble_dfu_transport_close                  0x00001ca9   Thumb Code    82  nrf_dfu_ble.o(i.ble_dfu_transport_close)
    ble_dfu_transport_init                   0x00001d09   Thumb Code   134  nrf_dfu_ble.o(i.ble_dfu_transport_init)
    ble_srv_is_notification_enabled          0x00001f79   Thumb Code     8  ble_srv_common.o(i.ble_srv_is_notification_enabled)
    bsp_board_init                           0x00002059   Thumb Code    80  boards.o(i.bsp_board_init)
    bsp_board_led_off                        0x000020ad   Thumb Code    10  boards.o(i.bsp_board_led_off)
    bsp_board_led_on                         0x000020bd   Thumb Code    10  boards.o(i.bsp_board_led_on)
    bsp_board_leds_off                       0x000020cd   Thumb Code    18  boards.o(i.bsp_board_leds_off)
    crc32_compute                            0x0000210d   Thumb Code    54  crc32.o(i.crc32_compute)
    dfu_fstorage_evt_handler                 0x000023b9   Thumb Code    12  nrf_dfu_flash.o(i.dfu_fstorage_evt_handler)
    ext_error_get                            0x000025ed   Thumb Code    10  nrf_dfu_handling_error.o(i.ext_error_get)
    ext_error_set                            0x000025fd   Thumb Code     8  nrf_dfu_handling_error.o(i.ext_error_set)
    fw_hash_ok                               0x00002621   Thumb Code     8  nrf_dfu_validation.o(i.fw_hash_ok)
    main                                     0x0000281d   Thumb Code    42  main.o(i.main)
    nrf_atfifo_clear                         0x00002851   Thumb Code    16  nrf_atfifo.o(i.nrf_atfifo_clear)
    nrf_atfifo_init                          0x00002861   Thumb Code    38  nrf_atfifo.o(i.nrf_atfifo_init)
    nrf_atfifo_item_alloc                    0x00002887   Thumb Code    22  nrf_atfifo.o(i.nrf_atfifo_item_alloc)
    nrf_atfifo_item_free                     0x0000289d   Thumb Code    22  nrf_atfifo.o(i.nrf_atfifo_item_free)
    nrf_atfifo_item_get                      0x000028b3   Thumb Code    22  nrf_atfifo.o(i.nrf_atfifo_item_get)
    nrf_atfifo_item_put                      0x000028c9   Thumb Code    22  nrf_atfifo.o(i.nrf_atfifo_item_put)
    nrf_atomic_flag_clear                    0x000028df   Thumb Code     6  nrf_atomic.o(i.nrf_atomic_flag_clear)
    nrf_atomic_flag_set_fetch                0x000028e5   Thumb Code     6  nrf_atomic.o(i.nrf_atomic_flag_set_fetch)
    nrf_atomic_u32_and                       0x000028eb   Thumb Code    12  nrf_atomic.o(i.nrf_atomic_u32_and)
    nrf_atomic_u32_fetch_or                  0x000028f7   Thumb Code    10  nrf_atomic.o(i.nrf_atomic_u32_fetch_or)
    nrf_balloc_alloc                         0x00002901   Thumb Code    68  nrf_balloc.o(i.nrf_balloc_alloc)
    nrf_balloc_free                          0x00002945   Thumb Code    48  nrf_balloc.o(i.nrf_balloc_free)
    nrf_balloc_init                          0x00002975   Thumb Code    48  nrf_balloc.o(i.nrf_balloc_init)
    nrf_bootloader_app_start                 0x000029a5   Thumb Code    36  nrf_bootloader_app_start.o(i.nrf_bootloader_app_start)
    nrf_bootloader_app_start_final           0x000029c9   Thumb Code    94  nrf_bootloader_app_start_final.o(i.nrf_bootloader_app_start_final)
    nrf_bootloader_dfu_inactivity_timer_restart 0x00002a31   Thumb Code    34  nrf_bootloader_dfu_timers.o(i.nrf_bootloader_dfu_inactivity_timer_restart)
    nrf_bootloader_flash_protect             0x00002a59   Thumb Code    96  nrf_bootloader_app_start_final.o(i.nrf_bootloader_flash_protect)
    nrf_bootloader_fw_activate               0x00002abd   Thumb Code   102  nrf_bootloader_fw_activation.o(i.nrf_bootloader_fw_activate)
    nrf_bootloader_init                      0x00002b31   Thumb Code   174  nrf_bootloader.o(i.nrf_bootloader_init)
    nrf_bootloader_mbr_addrs_populate        0x00002c01   Thumb Code    42  nrf_bootloader_info.o(i.nrf_bootloader_mbr_addrs_populate)
    nrf_bootloader_wdt_feed                  0x00002c31   Thumb Code    20  nrf_bootloader_wdt.o(i.nrf_bootloader_wdt_feed)
    nrf_bootloader_wdt_feed_timer_start      0x00002c45   Thumb Code    16  nrf_bootloader_dfu_timers.o(i.nrf_bootloader_wdt_feed_timer_start)
    nrf_bootloader_wdt_init                  0x00002c59   Thumb Code    60  nrf_bootloader_wdt.o(i.nrf_bootloader_wdt_init)
    nrf_crypto_backend_micro_ecc_curve_get   0x00002ca1   Thumb Code     6  micro_ecc_backend_ecc.o(i.nrf_crypto_backend_micro_ecc_curve_get)
    nrf_crypto_backend_micro_ecc_public_key_from_raw 0x00002ca7   Thumb Code    16  micro_ecc_backend_ecc.o(i.nrf_crypto_backend_micro_ecc_public_key_from_raw)
    nrf_crypto_backend_micro_ecc_verify      0x00002cb7   Thumb Code    86  micro_ecc_backend_ecdsa.o(i.nrf_crypto_backend_micro_ecc_verify)
    nrf_crypto_ecc_public_key_from_raw       0x00002d0d   Thumb Code    48  nrf_crypto_ecc.o(i.nrf_crypto_ecc_public_key_from_raw)
    nrf_crypto_ecdsa_verify                  0x00002d41   Thumb Code    72  nrf_crypto_ecdsa.o(i.nrf_crypto_ecdsa_verify)
    nrf_crypto_hash_calculate                0x00002d8d   Thumb Code    54  nrf_crypto_hash.o(i.nrf_crypto_hash_calculate)
    nrf_crypto_hash_finalize                 0x00002dc3   Thumb Code    54  nrf_crypto_hash.o(i.nrf_crypto_hash_finalize)
    nrf_crypto_hash_init                     0x00002df9   Thumb Code    38  nrf_crypto_hash.o(i.nrf_crypto_hash_init)
    nrf_crypto_hash_update                   0x00002e25   Thumb Code    46  nrf_crypto_hash.o(i.nrf_crypto_hash_update)
    nrf_crypto_init                          0x00002e55   Thumb Code    50  nrf_crypto_init.o(i.nrf_crypto_init)
    nrf_crypto_internal_double_swap_endian   0x00002e95   Thumb Code    26  nrf_crypto_shared.o(i.nrf_crypto_internal_double_swap_endian)
    nrf_crypto_internal_double_swap_endian_in_place 0x00002eaf   Thumb Code    22  nrf_crypto_shared.o(i.nrf_crypto_internal_double_swap_endian_in_place)
    nrf_crypto_internal_ecc_key_input_check  0x00002ec5   Thumb Code    24  nrf_crypto_ecc.o(i.nrf_crypto_internal_ecc_key_input_check)
    nrf_crypto_internal_ecc_key_output_prepare 0x00002edd   Thumb Code    26  nrf_crypto_ecc.o(i.nrf_crypto_internal_ecc_key_output_prepare)
    nrf_crypto_internal_ecc_raw_input_check  0x00002ef7   Thumb Code    22  nrf_crypto_ecc.o(i.nrf_crypto_internal_ecc_raw_input_check)
    nrf_crypto_internal_swap_endian          0x00002f0d   Thumb Code    22  nrf_crypto_shared.o(i.nrf_crypto_internal_swap_endian)
    nrf_crypto_internal_swap_endian_in_place 0x00002f23   Thumb Code    24  nrf_crypto_shared.o(i.nrf_crypto_internal_swap_endian_in_place)
    nrf_dfu_bank0_start_addr                 0x00002f3d   Thumb Code    34  nrf_dfu_utils.o(i.nrf_dfu_bank0_start_addr)
    nrf_dfu_bank1_start_addr                 0x00002f65   Thumb Code    28  nrf_dfu_utils.o(i.nrf_dfu_bank1_start_addr)
    nrf_dfu_bank_invalidate                  0x00002f85   Thumb Code    14  nrf_dfu_utils.o(i.nrf_dfu_bank_invalidate)
    nrf_dfu_cache_prepare                    0x00002f99   Thumb Code   140  nrf_dfu_utils.o(i.nrf_dfu_cache_prepare)
    nrf_dfu_flash_erase                      0x00003139   Thumb Code    12  nrf_dfu_flash.o(i.nrf_dfu_flash_erase)
    nrf_dfu_flash_init                       0x00003149   Thumb Code    16  nrf_dfu_flash.o(i.nrf_dfu_flash_init)
    nrf_dfu_flash_store                      0x00003165   Thumb Code    18  nrf_dfu_flash.o(i.nrf_dfu_flash_store)
    nrf_dfu_init                             0x0000317d   Thumb Code    34  nrf_dfu.o(i.nrf_dfu_init)
    nrf_dfu_init_user                        0x000031a9   Thumb Code     4  nrf_bootloader.o(i.nrf_dfu_init_user)
    nrf_dfu_mbr_copy_bl                      0x000031ad   Thumb Code    22  nrf_dfu_mbr.o(i.nrf_dfu_mbr_copy_bl)
    nrf_dfu_mbr_init_sd                      0x000031c5   Thumb Code    18  nrf_dfu_mbr.o(i.nrf_dfu_mbr_init_sd)
    nrf_dfu_mbr_irq_forward_address_set      0x000031dd   Thumb Code    12  nrf_dfu_mbr.o(i.nrf_dfu_mbr_irq_forward_address_set)
    nrf_dfu_req_handler_init                 0x000031e9   Thumb Code    62  nrf_dfu_req_handler.o(i.nrf_dfu_req_handler_init)
    nrf_dfu_req_handler_on_req               0x0000322d   Thumb Code    16  nrf_dfu_req_handler.o(i.nrf_dfu_req_handler_on_req)
    nrf_dfu_settings_additional_erase        0x00003351   Thumb Code    46  nrf_dfu_settings_svci.o(i.nrf_dfu_settings_additional_erase)
    nrf_dfu_settings_adv_name_copy           0x00003385   Thumb Code    20  nrf_dfu_settings_svci.o(i.nrf_dfu_settings_adv_name_copy)
    nrf_dfu_settings_adv_name_is_valid       0x0000339d   Thumb Code    28  nrf_dfu_settings_svci.o(i.nrf_dfu_settings_adv_name_is_valid)
    nrf_dfu_settings_adv_name_write          0x000033bd   Thumb Code    50  nrf_dfu_settings_svci.o(i.nrf_dfu_settings_adv_name_write)
    nrf_dfu_settings_backup                  0x000033f5   Thumb Code     6  nrf_dfu_settings.o(i.nrf_dfu_settings_backup)
    nrf_dfu_settings_init                    0x00003401   Thumb Code    26  nrf_dfu_settings.o(i.nrf_dfu_settings_init)
    nrf_dfu_settings_reinit                  0x0000341d   Thumb Code   190  nrf_dfu_settings.o(i.nrf_dfu_settings_reinit)
    nrf_dfu_settings_write                   0x000034f1   Thumb Code    42  nrf_dfu_settings.o(i.nrf_dfu_settings_write)
    nrf_dfu_settings_write_and_backup        0x00003525   Thumb Code    26  nrf_dfu_settings.o(i.nrf_dfu_settings_write_and_backup)
    nrf_dfu_softdevice_start_address         0x00003545   Thumb Code     6  nrf_dfu_utils.o(i.nrf_dfu_softdevice_start_address)
    nrf_dfu_transports_close                 0x0000354d   Thumb Code    44  nrf_dfu_transport.o(i.nrf_dfu_transports_close)
    nrf_dfu_transports_init                  0x00003581   Thumb Code    42  nrf_dfu_transport.o(i.nrf_dfu_transports_init)
    nrf_dfu_validation_activation_prepare    0x000035b5   Thumb Code     6  nrf_dfu_validation.o(i.nrf_dfu_validation_activation_prepare)
    nrf_dfu_validation_boot_validate         0x000035bb   Thumb Code    82  nrf_dfu_validation.o(i.nrf_dfu_validation_boot_validate)
    nrf_dfu_validation_init                  0x00003671   Thumb Code    26  nrf_dfu_validation.o(i.nrf_dfu_validation_init)
    nrf_dfu_validation_init_cmd_append       0x00003695   Thumb Code    66  nrf_dfu_validation.o(i.nrf_dfu_validation_init_cmd_append)
    nrf_dfu_validation_init_cmd_create       0x000036dd   Thumb Code    42  nrf_dfu_validation.o(i.nrf_dfu_validation_init_cmd_create)
    nrf_dfu_validation_init_cmd_execute      0x00003711   Thumb Code   124  nrf_dfu_validation.o(i.nrf_dfu_validation_init_cmd_execute)
    nrf_dfu_validation_init_cmd_present      0x00003795   Thumb Code     6  nrf_dfu_validation.o(i.nrf_dfu_validation_init_cmd_present)
    nrf_dfu_validation_prevalidate           0x000037a1   Thumb Code    62  nrf_dfu_validation.o(i.nrf_dfu_validation_prevalidate)
    nrf_dfu_ver_validation_check             0x0000387d   Thumb Code   122  nrf_dfu_ver_validation.o(i.nrf_dfu_ver_validation_check)
    nrf_fstorage_erase                       0x000038fd   Thumb Code    12  nrf_fstorage.o(i.nrf_fstorage_erase)
    nrf_fstorage_init                        0x00003909   Thumb Code     8  nrf_fstorage.o(i.nrf_fstorage_init)
    nrf_fstorage_is_busy                     0x00003911   Thumb Code    70  nrf_fstorage.o(i.nrf_fstorage_is_busy)
    nrf_fstorage_sdh_req_handler             0x00003961   Thumb Code    18  nrf_fstorage_sd.o(i.nrf_fstorage_sdh_req_handler)
    nrf_fstorage_sdh_state_handler           0x00003979   Thumb Code    28  nrf_fstorage_sd.o(i.nrf_fstorage_sdh_state_handler)
    nrf_fstorage_sys_evt_handler             0x00003999   Thumb Code   150  nrf_fstorage_sd.o(i.nrf_fstorage_sys_evt_handler)
    nrf_fstorage_write                       0x00003a39   Thumb Code    14  nrf_fstorage.o(i.nrf_fstorage_write)
    nrf_nvmc_page_erase                      0x00003a81   Thumb Code    40  nrf_nvmc.o(i.nrf_nvmc_page_erase)
    nrf_nvmc_write_word                      0x00003ab1   Thumb Code    38  nrf_nvmc.o(i.nrf_nvmc_write_word)
    nrf_nvmc_write_words                     0x00003ae1   Thumb Code    58  nrf_nvmc.o(i.nrf_nvmc_write_words)
    nrf_sdh_ble_app_ram_start_get            0x00003b3d   Thumb Code    16  nrf_sdh_ble.o(i.nrf_sdh_ble_app_ram_start_get)
    nrf_sdh_ble_default_cfg_set              0x00003b51   Thumb Code   156  nrf_sdh_ble.o(i.nrf_sdh_ble_default_cfg_set)
    nrf_sdh_ble_enable                       0x00003bed   Thumb Code    14  nrf_sdh_ble.o(i.nrf_sdh_ble_enable)
    nrf_sdh_disable_request                  0x00003c61   Thumb Code    80  nrf_sdh.o(i.nrf_sdh_disable_request)
    nrf_sdh_enable_request                   0x00003cb5   Thumb Code   102  nrf_sdh.o(i.nrf_sdh_enable_request)
    nrf_sdh_evts_poll                        0x00003d29   Thumb Code    32  nrf_sdh.o(i.nrf_sdh_evts_poll)
    nrf_sdh_is_enabled                       0x00003d4d   Thumb Code     6  nrf_sdh.o(i.nrf_sdh_is_enabled)
    nrf_sdh_request_continue                 0x00003d59   Thumb Code    22  nrf_sdh.o(i.nrf_sdh_request_continue)
    nrf_section_iter_init                    0x00003db1   Thumb Code    10  nrf_section_iter.o(i.nrf_section_iter_init)
    nrf_section_iter_next                    0x00003ddf   Thumb Code    32  nrf_section_iter.o(i.nrf_section_iter_next)
    nrf_svc_handler_c                        0x00003e01   Thumb Code    84  nrf_svc_handler.o(i.nrf_svc_handler_c)
    pb_decode                                0x00004313   Thumb Code    30  pb_decode.o(i.pb_decode)
    pb_decode_fixed32                        0x00004331   Thumb Code    32  pb_decode.o(i.pb_decode_fixed32)
    pb_decode_fixed64                        0x00004351   Thumb Code    92  pb_decode.o(i.pb_decode_fixed64)
    pb_decode_noinit                         0x000043ad   Thumb Code   390  pb_decode.o(i.pb_decode_noinit)
    pb_decode_svarint                        0x00004533   Thumb Code    58  pb_decode.o(i.pb_decode_svarint)
    pb_decode_tag                            0x0000456d   Thumb Code    66  pb_decode.o(i.pb_decode_tag)
    pb_decode_varint                         0x000045af   Thumb Code    74  pb_decode.o(i.pb_decode_varint)
    pb_field_iter_begin                      0x00004681   Thumb Code    34  pb_common.o(i.pb_field_iter_begin)
    pb_field_iter_find                       0x000046a3   Thumb Code    46  pb_common.o(i.pb_field_iter_find)
    pb_field_iter_next                       0x000046d1   Thumb Code   126  pb_common.o(i.pb_field_iter_next)
    pb_istream_from_buffer                   0x000047f5   Thumb Code    14  pb_decode.o(i.pb_istream_from_buffer)
    pb_make_string_substream                 0x00004809   Thumb Code    54  pb_decode.o(i.pb_make_string_substream)
    pb_read                                  0x00004865   Thumb Code    84  pb_decode.o(i.pb_read)
    pb_skip_field                            0x000048dd   Thumb Code    90  pb_decode.o(i.pb_skip_field)
    postvalidate                             0x00004939   Thumb Code   184  nrf_dfu_validation.o(i.postvalidate)
    settings_backup                          0x00004e25   Thumb Code    12  nrf_dfu_settings.o(i.settings_backup)
    sha256_final                             0x00004e93   Thumb Code   272  sha256.o(i.sha256_final)
    sha256_init                              0x00004fa5   Thumb Code    50  sha256.o(i.sha256_init)
    sha256_transform                         0x00004ff9   Thumb Code   294  sha256.o(i.sha256_transform)
    sha256_update                            0x00005125   Thumb Code    84  sha256.o(i.sha256_update)
    pk                                       0x0000556c   Data          64  public_key.o(.constdata)
    g_nrf_crypto_hash_sha256_info            0x000055c8   Data          24  nrf_sw_backend_hash.o(.constdata)
    g_nrf_crypto_ecc_secp256r1_curve_info    0x000055e0   Data          12  micro_ecc_backend_ecc.o(.constdata)
    dfu_init_command_is_debug_default        0x000055ec   Data           1  dfu-cc.pb.o(.constdata)
    dfu_hash_fields                          0x000055f0   Data          48  dfu-cc.pb.o(.constdata)
    dfu_boot_validation_fields               0x00005620   Data          48  dfu-cc.pb.o(.constdata)
    dfu_init_command_fields                  0x00005650   Data         176  dfu-cc.pb.o(.constdata)
    dfu_command_fields                       0x00005700   Data          48  dfu-cc.pb.o(.constdata)
    dfu_signed_command_fields                0x00005730   Data          64  dfu-cc.pb.o(.constdata)
    dfu_packet_fields                        0x00005770   Data          48  dfu-cc.pb.o(.constdata)
    nrf_fstorage_nvmc                        0x00005904   Data          32  nrf_fstorage_nvmc.o(.constdata)
    nrf_fstorage_sd                          0x00005934   Data          32  nrf_fstorage_sd.o(.constdata)
    m_ram_start                              0x00005acc   Data           4  nrf_sdh_ble.o(.constdata)
    Region$$Table$$Base                      0x00005bcc   Number         0  anon$$obj.o(Region$$Table)
    Region$$Table$$Limit                     0x00005c0c   Number         0  anon$$obj.o(Region$$Table)
    ble_dfu_transport                        0x00005c0c   Data           8  nrf_dfu_ble.o(dfu_trans)
    dfu_trans$$Base                          0x00005c0c   Number         0  nrf_dfu_ble.o(dfu_trans)
    dfu_trans$$Limit                         0x00005c14   Number         0  nrf_dfu_ble.o(dfu_trans)
    m_buffer_pool                            0x00005c14   Data          20  nrf_dfu_ble.o(nrf_balloc)
    sdh_ble_observers2$$Base                 0x00005c28   Number         0  nrf_dfu_ble.o(sdh_ble_observers2)
    m_req_obs                                0x00005c30   Data           8  nrf_fstorage_sd.o(sdh_req_observers0)
    sdh_ble_observers2$$Limit                0x00005c30   Number         0  nrf_dfu_ble.o(sdh_ble_observers2)
    sdh_req_observers0$$Base                 0x00005c30   Number         0  nrf_fstorage_sd.o(sdh_req_observers0)
    sdh_req_observers0$$Limit                0x00005c38   Number         0  nrf_fstorage_sd.o(sdh_req_observers0)
    sdh_soc_observers0$$Base                 0x00005c38   Number         0  nrf_fstorage_sd.o(sdh_soc_observers0)
    sdh_soc_observers0$$Limit                0x00005c40   Number         0  nrf_fstorage_sd.o(sdh_soc_observers0)
    sdh_stack_observers0$$Base               0x00005c40   Number         0  nrf_sdh_ble.o(sdh_stack_observers0)
    sdh_stack_observers0$$Limit              0x00005c50   Number         0  nrf_sdh_soc.o(sdh_stack_observers0)
    sdh_state_observers0$$Base               0x00005c50   Number         0  nrf_fstorage_sd.o(sdh_state_observers0)
    nrf_dfu_set_adv_name_var                 0x00005c58   Data          12  nrf_dfu_svci_handler.o(svc_data)
    sdh_state_observers0$$Limit              0x00005c58   Number         0  nrf_fstorage_sd.o(sdh_state_observers0)
    svc_data$$Base                           0x00005c58   Number         0  nrf_dfu_svci_handler.o(svc_data)
    svc_data$$Limit                          0x00005c64   Number         0  nrf_dfu_svci_handler.o(svc_data)
    m_mbr_params_page                        0x0007e000   Data        4096  nrf_dfu_settings.o(.ARM.__AT_0x0007E000)
    m_dfu_settings_buffer                    0x0007f000   Data        4096  nrf_dfu_settings.o(.ARM.__AT_0x0007F000)
    s_dfu_settings                           0x00801b74   Data         896  nrf_dfu_settings.o(.bss)
    m_uicr_bootloader_start_address          0x10001014   Data           4  nrf_bootloader_info.o(.ARM.__AT_0x10001014)
    m_uicr_mbr_params_page_address           0x10001018   Data           4  nrf_dfu_settings.o(.ARM.__AT_0x10001018)
    Image$$RW_IRAM1$$Base                    0x20000000   Number         0  anon$$obj.o ABSOLUTE
    mp_inactivity                            0x20000004   Data           4  nrf_bootloader_dfu_timers.o(.data)
    mp_wdt_feed                              0x20000008   Data           4  nrf_bootloader_dfu_timers.o(.data)
    m_counter_loops                          0x2000000c   Data           4  nrf_bootloader_dfu_timers.o(.data)
    m_timers                                 0x20000010   Data          32  nrf_bootloader_dfu_timers.o(.data)
    mp_dfu_settings_backup_buffer            0x20000054   Data           4  nrf_dfu_settings.o(.data)
    SystemCoreClock                          0x20000084   Data           4  system_nrf52.o(.data)
    fs_data$$Base                            0x20000088   Number         0  nrf_dfu_flash.o(fs_data)
    m_fs                                     0x20000088   Data          20  nrf_dfu_flash.o(fs_data)
    fs_data$$Limit                           0x2000009c   Number         0  nrf_dfu_flash.o(fs_data)
    nrf_nvic_state                           0x20000100   Data          12  app_util_platform.o(.bss)
    __initial_sp                             0x20002300   Data           0  arm_startup_nrf52.o(STACK)



==============================================================================

Memory Map of the image

  Image Entry point : 0x00000201

  Load Region LR_IROM1 (Base: 0x00000000, Size: 0x00005d20, Max: 0x00080000, ABSOLUTE)

    Execution Region ER_IROM1 (Exec base: 0x00000000, Load base: 0x00000000, Size: 0x00005c64, Max: 0x00080000, ABSOLUTE)

    Exec Addr    Load Addr    Size         Type   Attr      Idx    E Section Name        Object

    0x00000000   0x00000000   0x00000200   Data   RO         4558    RESET               arm_startup_nrf52.o
    0x00000200   0x00000200   0x00000000   Code   RO         4682  * .ARM.Collect$$$$00000000  mc_w.l(entry.o)
    0x00000200   0x00000200   0x00000004   Code   RO         4699    .ARM.Collect$$$$00000001  mc_w.l(entry2.o)
    0x00000204   0x00000204   0x00000004   Code   RO         4702    .ARM.Collect$$$$00000004  mc_w.l(entry5.o)
    0x00000208   0x00000208   0x00000000   Code   RO         4704    .ARM.Collect$$$$00000008  mc_w.l(entry7b.o)
    0x00000208   0x00000208   0x00000000   Code   RO         4706    .ARM.Collect$$$$0000000A  mc_w.l(entry8b.o)
    0x00000208   0x00000208   0x00000008   Code   RO         4707    .ARM.Collect$$$$0000000B  mc_w.l(entry9a.o)
    0x00000210   0x00000210   0x00000000   Code   RO         4709    .ARM.Collect$$$$0000000D  mc_w.l(entry10a.o)
    0x00000210   0x00000210   0x00000000   Code   RO         4711    .ARM.Collect$$$$0000000F  mc_w.l(entry11a.o)
    0x00000210   0x00000210   0x00000004   Code   RO         4700    .ARM.Collect$$$$00002712  mc_w.l(entry2.o)
    0x00000214   0x00000214   0x00000008   Code   RO          656    .emb_text           nrf_bootloader_app_start_final.o
    0x0000021c   0x0000021c   0x000000c8   Code   RO         3151    .emb_text           nrf_atfifo.o
    0x000002e4   0x000002e4   0x000000e2   Code   RO         3224    .emb_text           nrf_atomic.o
    0x000003c6   0x000003c6   0x00000002   PAD
    0x000003c8   0x000003c8   0x00000014   Code   RO         4114    .emb_text           nrf_svc_handler.o
    0x000003dc   0x000003dc   0x00000024   Code   RO         4559    .text               arm_startup_nrf52.o
    0x00000400   0x00000400   0x0000001e   Code   RO         4685    .text               mc_w.l(llshl.o)
    0x0000041e   0x0000041e   0x00000024   Code   RO         4687    .text               mc_w.l(memcpya.o)
    0x00000442   0x00000442   0x00000024   Code   RO         4691    .text               mc_w.l(memseta.o)
    0x00000466   0x00000466   0x0000001a   Code   RO         4695    .text               mc_w.l(memcmp.o)
    0x00000480   0x00000480   0x00000024   Code   RO         4713    .text               mc_w.l(init.o)
    0x000004a4   0x000004a4   0x000000ca   Code   RO         4636    .text.XYcZ_add      micro_ecc_lib_nrf52.lib(uECC.c.o)
    0x0000056e   0x0000056e   0x0000003e   Code   RO         4635    .text.apply_z       micro_ecc_lib_nrf52.lib(uECC.c.o)
    0x000005ac   0x000005ac   0x00000014   Code   RO         4608    .text.bcopy         micro_ecc_lib_nrf52.lib(uECC.c.o)
    0x000005c0   0x000005c0   0x0000008a   Code   RO         4640    .text.bits2int      micro_ecc_lib_nrf52.lib(uECC.c.o)
    0x0000064a   0x0000064a   0x00000156   Code   RO         4625    .text.double_jacobian_default  micro_ecc_lib_nrf52.lib(uECC.c.o)
    0x000007a0   0x000007a0   0x00000008   Code   RO         4658    .text.uECC_secp256r1  micro_ecc_lib_nrf52.lib(uECC.c.o)
    0x000007a8   0x000007a8   0x000002e4   Code   RO         4667    .text.uECC_verify   micro_ecc_lib_nrf52.lib(uECC.c.o)
    0x00000a8c   0x00000a8c   0x00000004   PAD
    0x00000a90   0x00000a90   0x0000005c   Code   RO         4609    .text.uECC_vli_add  micro_ecc_lib_nrf52.lib(uECC.c.o)
    0x00000aec   0x00000aec   0x00000016   Code   RO         4612    .text.uECC_vli_clear  micro_ecc_lib_nrf52.lib(uECC.c.o)
    0x00000b02   0x00000b02   0x00000028   Code   RO         4617    .text.uECC_vli_cmp_unsafe  micro_ecc_lib_nrf52.lib(uECC.c.o)
    0x00000b2a   0x00000b2a   0x0000001e   Code   RO         4613    .text.uECC_vli_isZero  micro_ecc_lib_nrf52.lib(uECC.c.o)
    0x00000b48   0x00000b48   0x00000032   Code   RO         4620    .text.uECC_vli_modAdd  micro_ecc_lib_nrf52.lib(uECC.c.o)
    0x00000b7a   0x00000b7a   0x0000010c   Code   RO         4646    .text.uECC_vli_modInv  micro_ecc_lib_nrf52.lib(uECC.c.o)
    0x00000c86   0x00000c86   0x00000148   Code   RO         4622    .text.uECC_vli_modMult  micro_ecc_lib_nrf52.lib(uECC.c.o)
    0x00000dce   0x00000dce   0x00000020   Code   RO         4623    .text.uECC_vli_modMult_fast  micro_ecc_lib_nrf52.lib(uECC.c.o)
    0x00000dee   0x00000dee   0x00000008   Code   RO         4624    .text.uECC_vli_modSquare_fast  micro_ecc_lib_nrf52.lib(uECC.c.o)
    0x00000df6   0x00000df6   0x00000024   Code   RO         4621    .text.uECC_vli_modSub  micro_ecc_lib_nrf52.lib(uECC.c.o)
    0x00000e1a   0x00000e1a   0x00000312   Code   RO         4611    .text.uECC_vli_mult  micro_ecc_lib_nrf52.lib(uECC.c.o)
    0x0000112c   0x0000112c   0x0000003a   Code   RO         4615    .text.uECC_vli_numBits  micro_ecc_lib_nrf52.lib(uECC.c.o)
    0x00001166   0x00001166   0x0000001c   Code   RO         4619    .text.uECC_vli_rshift1  micro_ecc_lib_nrf52.lib(uECC.c.o)
    0x00001182   0x00001182   0x00000018   Code   RO         4616    .text.uECC_vli_set  micro_ecc_lib_nrf52.lib(uECC.c.o)
    0x0000119a   0x0000119a   0x00000006   PAD
    0x000011a0   0x000011a0   0x00000060   Code   RO         4610    .text.uECC_vli_sub  micro_ecc_lib_nrf52.lib(uECC.c.o)
    0x00001200   0x00001200   0x00000014   Code   RO         4614    .text.uECC_vli_testBit  micro_ecc_lib_nrf52.lib(uECC.c.o)
    0x00001214   0x00001214   0x000001ac   Code   RO         4631    .text.vli_mmod_fast_secp256r1  micro_ecc_lib_nrf52.lib(uECC.c.o)
    0x000013c0   0x000013c0   0x00000038   Code   RO         4645    .text.vli_modInv_update  micro_ecc_lib_nrf52.lib(uECC.c.o)
    0x000013f8   0x000013f8   0x0000005a   Code   RO         4626    .text.x_side_default  micro_ecc_lib_nrf52.lib(uECC.c.o)
    0x00001452   0x00001452   0x00000002   PAD
    0x00001454   0x00001454   0x00000074   Code   RO          693    i.RTC2_IRQHandler   nrf_bootloader_dfu_timers.o
    0x000014c8   0x000014c8   0x00000004   Code   RO         4149    i.SWI2_EGU2_IRQHandler  nrf_sdh.o
    0x000014cc   0x000014cc   0x0000032c   Code   RO         4567    i.SystemInit        system_nrf52.o
    0x000017f8   0x000017f8   0x00000014   Code   RO          867    i.WDT_IRQHandler    nrf_bootloader_wdt.o
    0x0000180c   0x0000180c   0x0000000e   Code   RO         4717    i.__scatterload_copy  mc_w.l(handlers.o)
    0x0000181a   0x0000181a   0x00000002   Code   RO         4718    i.__scatterload_null  mc_w.l(handlers.o)
    0x0000181c   0x0000181c   0x0000000e   Code   RO         4719    i.__scatterload_zeroinit  mc_w.l(handlers.o)
    0x0000182a   0x0000182a   0x00000002   PAD
    0x0000182c   0x0000182c   0x00000024   Code   RO         4150    i.__sd_nvic_app_accessible_irq  nrf_sdh.o
    0x00001850   0x00001850   0x0000006c   Code   RO         1736    i.advertising_init  nrf_dfu_ble.o
    0x000018bc   0x000018bc   0x00000034   Code   RO         1737    i.advertising_start  nrf_dfu_ble.o
    0x000018f0   0x000018f0   0x00000048   Code   RO          777    i.app_activate      nrf_bootloader_fw_activation.o
    0x00001938   0x00001938   0x00000004   Code   RO            4    i.app_error_fault_handler  main.o
    0x0000193c   0x0000193c   0x00000004   Code   RO            6    i.app_error_handler_bare  main.o
    0x00001940   0x00001940   0x000000a0   Code   RO         2895    i.app_sched_event_put  app_scheduler.o
    0x000019e0   0x000019e0   0x00000040   Code   RO         2896    i.app_sched_execute  app_scheduler.o
    0x00001a20   0x00001a20   0x0000002c   Code   RO         2897    i.app_sched_init    app_scheduler.o
    0x00001a4c   0x00001a4c   0x00000048   Code   RO         2953    i.app_util_critical_region_enter  app_util_platform.o
    0x00001a94   0x00001a94   0x00000034   Code   RO         2954    i.app_util_critical_region_exit  app_util_platform.o
    0x00001ac8   0x00001ac8   0x00000064   Code   RO          778    i.bl_activate       nrf_bootloader_fw_activation.o
    0x00001b2c   0x00001b2c   0x000000c4   Code   RO         1738    i.ble_dfu_init      nrf_dfu_ble.o
    0x00001bf0   0x00001bf0   0x000000b8   Code   RO         1739    i.ble_dfu_req_handler_callback  nrf_dfu_ble.o
    0x00001ca8   0x00001ca8   0x00000060   Code   RO         1740    i.ble_dfu_transport_close  nrf_dfu_ble.o
    0x00001d08   0x00001d08   0x00000098   Code   RO         1742    i.ble_dfu_transport_init  nrf_dfu_ble.o
    0x00001da0   0x00001da0   0x000001d8   Code   RO         1743    i.ble_evt_handler   nrf_dfu_ble.o
    0x00001f78   0x00001f78   0x00000008   Code   RO          395    i.ble_srv_is_notification_enabled  ble_srv_common.o
    0x00001f80   0x00001f80   0x00000010   Code   RO          473    i.boot_validate     nrf_bootloader.o
    0x00001f90   0x00001f90   0x0000000c   Code   RO         2251    i.boot_validation_crc  nrf_dfu_settings.o
    0x00001f9c   0x00001f9c   0x00000098   Code   RO         2470    i.boot_validation_extract  nrf_dfu_validation.o
    0x00002034   0x00002034   0x00000024   Code   RO          474    i.bootloader_reset  nrf_bootloader.o
    0x00002058   0x00002058   0x00000054   Code   RO          282    i.bsp_board_init    boards.o
    0x000020ac   0x000020ac   0x00000010   Code   RO          285    i.bsp_board_led_off  boards.o
    0x000020bc   0x000020bc   0x00000010   Code   RO          286    i.bsp_board_led_on  boards.o
    0x000020cc   0x000020cc   0x00000012   Code   RO          288    i.bsp_board_leds_off  boards.o
    0x000020de   0x000020de   0x0000001c   Code   RO         4374    i.buf_read          pb_decode.o
    0x000020fa   0x000020fa   0x00000002   PAD
    0x000020fc   0x000020fc   0x00000010   Code   RO         2045    i.cmd_response_offset_and_crc_set  nrf_dfu_req_handler.o
    0x0000210c   0x0000210c   0x0000003c   Code   RO         3021    i.crc32_compute     crc32.o
    0x00002148   0x00002148   0x0000001e   Code   RO         2252    i.crc_ok            nrf_dfu_settings.o
    0x00002166   0x00002166   0x00000002   PAD
    0x00002168   0x00002168   0x00000040   Code   RO         2471    i.crypto_init       nrf_dfu_validation.o
    0x000021a8   0x000021a8   0x0000007e   Code   RO         4375    i.decode_callback_field  pb_decode.o
    0x00002226   0x00002226   0x0000001a   Code   RO         4376    i.decode_field      pb_decode.o
    0x00002240   0x00002240   0x000000e0   Code   RO         4377    i.decode_static_field  pb_decode.o
    0x00002320   0x00002320   0x00000098   Code   RO          475    i.dfu_enter_check   nrf_bootloader.o
    0x000023b8   0x000023b8   0x0000000c   Code   RO         1910    i.dfu_fstorage_evt_handler  nrf_dfu_flash.o
    0x000023c4   0x000023c4   0x00000040   Code   RO            7    i.dfu_observer      main.o
    0x00002404   0x00002404   0x00000048   Code   RO          476    i.dfu_observer      nrf_bootloader.o
    0x0000244c   0x0000244c   0x00000028   Code   RO         1687    i.dfu_observer      nrf_dfu.o
    0x00002474   0x00002474   0x00000028   Code   RO         2472    i.dfu_progress_reset  nrf_dfu_validation.o
    0x0000249c   0x0000249c   0x00000024   Code   RO          477    i.do_reset          nrf_bootloader.o
    0x000024c0   0x000024c0   0x00000048   Code   RO         3552    i.erase             nrf_fstorage_nvmc.o
    0x00002508   0x00002508   0x0000004c   Code   RO         3629    i.erase             nrf_fstorage_sd.o
    0x00002554   0x00002554   0x00000036   Code   RO         3553    i.event_send        nrf_fstorage_nvmc.o
    0x0000258a   0x0000258a   0x00000054   Code   RO         3630    i.event_send        nrf_fstorage_sd.o
    0x000025de   0x000025de   0x0000000e   Code   RO         2046    i.ext_err_code_handle  nrf_dfu_req_handler.o
    0x000025ec   0x000025ec   0x00000010   Code   RO         1967    i.ext_error_get     nrf_dfu_handling_error.o
    0x000025fc   0x000025fc   0x0000000c   Code   RO         1968    i.ext_error_set     nrf_dfu_handling_error.o
    0x00002608   0x00002608   0x0000000c   Code   RO          478    i.flash_write_callback  nrf_bootloader.o
    0x00002614   0x00002614   0x0000000c   Code   RO          779    i.flash_write_callback  nrf_bootloader_fw_activation.o
    0x00002620   0x00002620   0x00000008   Code   RO         2473    i.fw_hash_ok        nrf_dfu_validation.o
    0x00002628   0x00002628   0x00000068   Code   RO         1744    i.gap_params_init   nrf_dfu_ble.o
    0x00002690   0x00002690   0x00000090   Code   RO          780    i.image_copy        nrf_bootloader_fw_activation.o
    0x00002720   0x00002720   0x00000006   Code   RO          479    i.inactivity_timeout  nrf_bootloader.o
    0x00002726   0x00002726   0x00000002   PAD
    0x00002728   0x00002728   0x0000000c   Code   RO         3554    i.init              nrf_fstorage_nvmc.o
    0x00002734   0x00002734   0x00000038   Code   RO         3631    i.init              nrf_fstorage_sd.o
    0x0000276c   0x0000276c   0x00000010   Code   RO         3555    i.is_busy           nrf_fstorage_nvmc.o
    0x0000277c   0x0000277c   0x00000010   Code   RO         3632    i.is_busy           nrf_fstorage_sd.o
    0x0000278c   0x0000278c   0x00000060   Code   RO         2474    i.is_major_softdevice_update  nrf_dfu_validation.o
    0x000027ec   0x000027ec   0x0000002e   Code   RO         4378    i.iter_from_extension  pb_decode.o
    0x0000281a   0x0000281a   0x00000002   PAD
    0x0000281c   0x0000281c   0x00000034   Code   RO            8    i.main              main.o
    0x00002850   0x00002850   0x00000010   Code   RO         3153    i.nrf_atfifo_clear  nrf_atfifo.o
    0x00002860   0x00002860   0x00000026   Code   RO         3155    i.nrf_atfifo_init   nrf_atfifo.o
    0x00002886   0x00002886   0x00000016   Code   RO         3156    i.nrf_atfifo_item_alloc  nrf_atfifo.o
    0x0000289c   0x0000289c   0x00000016   Code   RO         3157    i.nrf_atfifo_item_free  nrf_atfifo.o
    0x000028b2   0x000028b2   0x00000016   Code   RO         3158    i.nrf_atfifo_item_get  nrf_atfifo.o
    0x000028c8   0x000028c8   0x00000016   Code   RO         3159    i.nrf_atfifo_item_put  nrf_atfifo.o
    0x000028de   0x000028de   0x00000006   Code   RO         3225    i.nrf_atomic_flag_clear  nrf_atomic.o
    0x000028e4   0x000028e4   0x00000006   Code   RO         3228    i.nrf_atomic_flag_set_fetch  nrf_atomic.o
    0x000028ea   0x000028ea   0x0000000c   Code   RO         3230    i.nrf_atomic_u32_and  nrf_atomic.o
    0x000028f6   0x000028f6   0x0000000a   Code   RO         3234    i.nrf_atomic_u32_fetch_or  nrf_atomic.o
    0x00002900   0x00002900   0x00000044   Code   RO         3363    i.nrf_balloc_alloc  nrf_balloc.o
    0x00002944   0x00002944   0x00000030   Code   RO         3364    i.nrf_balloc_free   nrf_balloc.o
    0x00002974   0x00002974   0x00000030   Code   RO         3365    i.nrf_balloc_init   nrf_balloc.o
    0x000029a4   0x000029a4   0x00000024   Code   RO          629    i.nrf_bootloader_app_start  nrf_bootloader_app_start.o
    0x000029c8   0x000029c8   0x00000068   Code   RO          657    i.nrf_bootloader_app_start_final  nrf_bootloader_app_start_final.o
    0x00002a30   0x00002a30   0x00000028   Code   RO          694    i.nrf_bootloader_dfu_inactivity_timer_restart  nrf_bootloader_dfu_timers.o
    0x00002a58   0x00002a58   0x00000064   Code   RO          658    i.nrf_bootloader_flash_protect  nrf_bootloader_app_start_final.o
    0x00002abc   0x00002abc   0x00000074   Code   RO          781    i.nrf_bootloader_fw_activate  nrf_bootloader_fw_activation.o
    0x00002b30   0x00002b30   0x000000d0   Code   RO          480    i.nrf_bootloader_init  nrf_bootloader.o
    0x00002c00   0x00002c00   0x00000030   Code   RO          832    i.nrf_bootloader_mbr_addrs_populate  nrf_bootloader_info.o
    0x00002c30   0x00002c30   0x00000014   Code   RO          868    i.nrf_bootloader_wdt_feed  nrf_bootloader_wdt.o
    0x00002c44   0x00002c44   0x00000014   Code   RO          696    i.nrf_bootloader_wdt_feed_timer_start  nrf_bootloader_dfu_timers.o
    0x00002c58   0x00002c58   0x00000048   Code   RO          869    i.nrf_bootloader_wdt_init  nrf_bootloader_wdt.o
    0x00002ca0   0x00002ca0   0x00000006   Code   RO         1439    i.nrf_crypto_backend_micro_ecc_curve_get  micro_ecc_backend_ecc.o
    0x00002ca6   0x00002ca6   0x00000010   Code   RO         1444    i.nrf_crypto_backend_micro_ecc_public_key_from_raw  micro_ecc_backend_ecc.o
    0x00002cb6   0x00002cb6   0x00000056   Code   RO         1616    i.nrf_crypto_backend_micro_ecc_verify  micro_ecc_backend_ecdsa.o
    0x00002d0c   0x00002d0c   0x00000034   Code   RO          934    i.nrf_crypto_ecc_public_key_from_raw  nrf_crypto_ecc.o
    0x00002d40   0x00002d40   0x0000004c   Code   RO         1081    i.nrf_crypto_ecdsa_verify  nrf_crypto_ecdsa.o
    0x00002d8c   0x00002d8c   0x00000036   Code   RO         1140    i.nrf_crypto_hash_calculate  nrf_crypto_hash.o
    0x00002dc2   0x00002dc2   0x00000036   Code   RO         1141    i.nrf_crypto_hash_finalize  nrf_crypto_hash.o
    0x00002df8   0x00002df8   0x0000002c   Code   RO         1142    i.nrf_crypto_hash_init  nrf_crypto_hash.o
    0x00002e24   0x00002e24   0x0000002e   Code   RO         1143    i.nrf_crypto_hash_update  nrf_crypto_hash.o
    0x00002e52   0x00002e52   0x00000002   PAD
    0x00002e54   0x00002e54   0x00000040   Code   RO         1218    i.nrf_crypto_init   nrf_crypto_init.o
    0x00002e94   0x00002e94   0x0000001a   Code   RO         1269    i.nrf_crypto_internal_double_swap_endian  nrf_crypto_shared.o
    0x00002eae   0x00002eae   0x00000016   Code   RO         1270    i.nrf_crypto_internal_double_swap_endian_in_place  nrf_crypto_shared.o
    0x00002ec4   0x00002ec4   0x00000018   Code   RO          936    i.nrf_crypto_internal_ecc_key_input_check  nrf_crypto_ecc.o
    0x00002edc   0x00002edc   0x0000001a   Code   RO          937    i.nrf_crypto_internal_ecc_key_output_prepare  nrf_crypto_ecc.o
    0x00002ef6   0x00002ef6   0x00000016   Code   RO          938    i.nrf_crypto_internal_ecc_raw_input_check  nrf_crypto_ecc.o
    0x00002f0c   0x00002f0c   0x00000016   Code   RO         1271    i.nrf_crypto_internal_swap_endian  nrf_crypto_shared.o
    0x00002f22   0x00002f22   0x00000018   Code   RO         1272    i.nrf_crypto_internal_swap_endian_in_place  nrf_crypto_shared.o
    0x00002f3a   0x00002f3a   0x00000002   PAD
    0x00002f3c   0x00002f3c   0x00000028   Code   RO         2415    i.nrf_dfu_bank0_start_addr  nrf_dfu_utils.o
    0x00002f64   0x00002f64   0x00000020   Code   RO         2416    i.nrf_dfu_bank1_start_addr  nrf_dfu_utils.o
    0x00002f84   0x00002f84   0x00000014   Code   RO         2417    i.nrf_dfu_bank_invalidate  nrf_dfu_utils.o
    0x00002f98   0x00002f98   0x00000098   Code   RO         2418    i.nrf_dfu_cache_prepare  nrf_dfu_utils.o
    0x00003030   0x00003030   0x00000094   Code   RO         2047    i.nrf_dfu_command_req  nrf_dfu_req_handler.o
    0x000030c4   0x000030c4   0x00000074   Code   RO         2048    i.nrf_dfu_data_req  nrf_dfu_req_handler.o
    0x00003138   0x00003138   0x00000010   Code   RO         1911    i.nrf_dfu_flash_erase  nrf_dfu_flash.o
    0x00003148   0x00003148   0x0000001c   Code   RO         1912    i.nrf_dfu_flash_init  nrf_dfu_flash.o
    0x00003164   0x00003164   0x00000018   Code   RO         1913    i.nrf_dfu_flash_store  nrf_dfu_flash.o
    0x0000317c   0x0000317c   0x0000002c   Code   RO         1688    i.nrf_dfu_init      nrf_dfu.o
    0x000031a8   0x000031a8   0x00000004   Code   RO          482    i.nrf_dfu_init_user  nrf_bootloader.o
    0x000031ac   0x000031ac   0x00000016   Code   RO         2002    i.nrf_dfu_mbr_copy_bl  nrf_dfu_mbr.o
    0x000031c2   0x000031c2   0x00000002   PAD
    0x000031c4   0x000031c4   0x00000018   Code   RO         2003    i.nrf_dfu_mbr_init_sd  nrf_dfu_mbr.o
    0x000031dc   0x000031dc   0x0000000c   Code   RO         2004    i.nrf_dfu_mbr_irq_forward_address_set  nrf_dfu_mbr.o
    0x000031e8   0x000031e8   0x00000044   Code   RO         2049    i.nrf_dfu_req_handler_init  nrf_dfu_req_handler.o
    0x0000322c   0x0000322c   0x00000014   Code   RO         2050    i.nrf_dfu_req_handler_on_req  nrf_dfu_req_handler.o
    0x00003240   0x00003240   0x00000004   Code   RO         2051    i.nrf_dfu_req_handler_req  nrf_dfu_req_handler.o
    0x00003244   0x00003244   0x00000090   Code   RO         2052    i.nrf_dfu_req_handler_req_process  nrf_dfu_req_handler.o
    0x000032d4   0x000032d4   0x00000020   Code   RO         4063    i.nrf_dfu_set_adv_name_handler  nrf_dfu_svci_handler.o
    0x000032f4   0x000032f4   0x00000038   Code   RO         4064    i.nrf_dfu_set_adv_name_on_call  nrf_dfu_svci_handler.o
    0x0000332c   0x0000332c   0x00000024   Code   RO         4065    i.nrf_dfu_set_adv_name_on_sys_evt  nrf_dfu_svci_handler.o
    0x00003350   0x00003350   0x00000034   Code   RO         2340    i.nrf_dfu_settings_additional_erase  nrf_dfu_settings_svci.o
    0x00003384   0x00003384   0x00000018   Code   RO         2341    i.nrf_dfu_settings_adv_name_copy  nrf_dfu_settings_svci.o
    0x0000339c   0x0000339c   0x00000020   Code   RO         2342    i.nrf_dfu_settings_adv_name_is_valid  nrf_dfu_settings_svci.o
    0x000033bc   0x000033bc   0x00000038   Code   RO         2343    i.nrf_dfu_settings_adv_name_write  nrf_dfu_settings_svci.o
    0x000033f4   0x000033f4   0x0000000c   Code   RO         2254    i.nrf_dfu_settings_backup  nrf_dfu_settings.o
    0x00003400   0x00003400   0x0000001a   Code   RO         2255    i.nrf_dfu_settings_init  nrf_dfu_settings.o
    0x0000341a   0x0000341a   0x00000002   PAD
    0x0000341c   0x0000341c   0x000000d4   Code   RO         2256    i.nrf_dfu_settings_reinit  nrf_dfu_settings.o
    0x000034f0   0x000034f0   0x00000034   Code   RO         2257    i.nrf_dfu_settings_write  nrf_dfu_settings.o
    0x00003524   0x00003524   0x00000020   Code   RO         2258    i.nrf_dfu_settings_write_and_backup  nrf_dfu_settings.o
    0x00003544   0x00003544   0x00000006   Code   RO         2419    i.nrf_dfu_softdevice_start_address  nrf_dfu_utils.o
    0x0000354a   0x0000354a   0x00000002   PAD
    0x0000354c   0x0000354c   0x00000034   Code   RO         2383    i.nrf_dfu_transports_close  nrf_dfu_transport.o
    0x00003580   0x00003580   0x00000034   Code   RO         2384    i.nrf_dfu_transports_init  nrf_dfu_transport.o
    0x000035b4   0x000035b4   0x00000006   Code   RO         2475    i.nrf_dfu_validation_activation_prepare  nrf_dfu_validation.o
    0x000035ba   0x000035ba   0x00000052   Code   RO         2476    i.nrf_dfu_validation_boot_validate  nrf_dfu_validation.o
    0x0000360c   0x0000360c   0x00000064   Code   RO         2477    i.nrf_dfu_validation_hash_ok  nrf_dfu_validation.o
    0x00003670   0x00003670   0x00000024   Code   RO         2478    i.nrf_dfu_validation_init  nrf_dfu_validation.o
    0x00003694   0x00003694   0x00000048   Code   RO         2479    i.nrf_dfu_validation_init_cmd_append  nrf_dfu_validation.o
    0x000036dc   0x000036dc   0x00000034   Code   RO         2480    i.nrf_dfu_validation_init_cmd_create  nrf_dfu_validation.o
    0x00003710   0x00003710   0x00000084   Code   RO         2481    i.nrf_dfu_validation_init_cmd_execute  nrf_dfu_validation.o
    0x00003794   0x00003794   0x0000000c   Code   RO         2482    i.nrf_dfu_validation_init_cmd_present  nrf_dfu_validation.o
    0x000037a0   0x000037a0   0x00000048   Code   RO         2485    i.nrf_dfu_validation_prevalidate  nrf_dfu_validation.o
    0x000037e8   0x000037e8   0x00000094   Code   RO         2486    i.nrf_dfu_validation_signature_check  nrf_dfu_validation.o
    0x0000387c   0x0000387c   0x00000080   Code   RO         2625    i.nrf_dfu_ver_validation_check  nrf_dfu_ver_validation.o
    0x000038fc   0x000038fc   0x0000000c   Code   RO         3482    i.nrf_fstorage_erase  nrf_fstorage.o
    0x00003908   0x00003908   0x00000008   Code   RO         3483    i.nrf_fstorage_init  nrf_fstorage.o
    0x00003910   0x00003910   0x00000050   Code   RO         3484    i.nrf_fstorage_is_busy  nrf_fstorage.o
    0x00003960   0x00003960   0x00000018   Code   RO         3633    i.nrf_fstorage_sdh_req_handler  nrf_fstorage_sd.o
    0x00003978   0x00003978   0x00000020   Code   RO         3634    i.nrf_fstorage_sdh_state_handler  nrf_fstorage_sd.o
    0x00003998   0x00003998   0x000000a0   Code   RO         3635    i.nrf_fstorage_sys_evt_handler  nrf_fstorage_sd.o
    0x00003a38   0x00003a38   0x0000000e   Code   RO         3489    i.nrf_fstorage_write  nrf_fstorage.o
    0x00003a46   0x00003a46   0x00000024   Code   RO          292    i.nrf_gpio_cfg      boards.o
    0x00003a6a   0x00003a6a   0x00000016   Code   RO          293    i.nrf_gpio_pin_write  boards.o
    0x00003a80   0x00003a80   0x00000030   Code   RO         2659    i.nrf_nvmc_page_erase  nrf_nvmc.o
    0x00003ab0   0x00003ab0   0x00000030   Code   RO         2662    i.nrf_nvmc_write_word  nrf_nvmc.o
    0x00003ae0   0x00003ae0   0x00000044   Code   RO         2663    i.nrf_nvmc_write_words  nrf_nvmc.o
    0x00003b24   0x00003b24   0x0000000c   Code   RO          483    i.nrf_power_gpregret_get  nrf_bootloader.o
    0x00003b30   0x00003b30   0x0000000c   Code   RO          697    i.nrf_rtc_event_clear  nrf_bootloader_dfu_timers.o
    0x00003b3c   0x00003b3c   0x00000014   Code   RO         4266    i.nrf_sdh_ble_app_ram_start_get  nrf_sdh_ble.o
    0x00003b50   0x00003b50   0x0000009c   Code   RO         4267    i.nrf_sdh_ble_default_cfg_set  nrf_sdh_ble.o
    0x00003bec   0x00003bec   0x00000014   Code   RO         4268    i.nrf_sdh_ble_enable  nrf_sdh_ble.o
    0x00003c00   0x00003c00   0x00000060   Code   RO         4269    i.nrf_sdh_ble_evts_poll  nrf_sdh_ble.o
    0x00003c60   0x00003c60   0x00000054   Code   RO         4151    i.nrf_sdh_disable_request  nrf_sdh.o
    0x00003cb4   0x00003cb4   0x00000074   Code   RO         4152    i.nrf_sdh_enable_request  nrf_sdh.o
    0x00003d28   0x00003d28   0x00000024   Code   RO         4153    i.nrf_sdh_evts_poll  nrf_sdh.o
    0x00003d4c   0x00003d4c   0x0000000c   Code   RO         4154    i.nrf_sdh_is_enabled  nrf_sdh.o
    0x00003d58   0x00003d58   0x0000001c   Code   RO         4156    i.nrf_sdh_request_continue  nrf_sdh.o
    0x00003d74   0x00003d74   0x0000003c   Code   RO         4316    i.nrf_sdh_soc_evts_poll  nrf_sdh_soc.o
    0x00003db0   0x00003db0   0x0000000a   Code   RO         3909    i.nrf_section_iter_init  nrf_section_iter.o
    0x00003dba   0x00003dba   0x00000024   Code   RO         3910    i.nrf_section_iter_item_set  nrf_section_iter.o
    0x00003dde   0x00003dde   0x00000020   Code   RO         3911    i.nrf_section_iter_next  nrf_section_iter.o
    0x00003dfe   0x00003dfe   0x00000002   PAD
    0x00003e00   0x00003e00   0x0000005c   Code   RO         4115    i.nrf_svc_handler_c  nrf_svc_handler.o
    0x00003e5c   0x00003e5c   0x00000024   Code   RO         1391    i.nrf_sw_backend_hash_sha256_finalize  nrf_sw_backend_hash.o
    0x00003e80   0x00003e80   0x00000006   Code   RO         1392    i.nrf_sw_backend_hash_sha256_init  nrf_sw_backend_hash.o
    0x00003e86   0x00003e86   0x00000006   Code   RO         1393    i.nrf_sw_backend_hash_sha256_update  nrf_sw_backend_hash.o
    0x00003e8c   0x00003e8c   0x00000010   Code   RO          870    i.nrf_wdt_started   nrf_bootloader_wdt.o
    0x00003e9c   0x00003e9c   0x00000070   Code   RO         1745    i.on_ctrl_pt_write  nrf_dfu_ble.o
    0x00003f0c   0x00003f0c   0x00000074   Code   RO         2053    i.on_data_obj_create_request  nrf_dfu_req_handler.o
    0x00003f80   0x00003f80   0x00000078   Code   RO         2054    i.on_data_obj_execute_request_sched  nrf_dfu_req_handler.o
    0x00003ff8   0x00003ff8   0x00000080   Code   RO         2055    i.on_data_obj_write_request  nrf_dfu_req_handler.o
    0x00004078   0x00004078   0x0000000c   Code   RO         2056    i.on_dfu_complete   nrf_dfu_req_handler.o
    0x00004084   0x00004084   0x00000024   Code   RO            9    i.on_error          main.o
    0x000040a8   0x000040a8   0x0000000c   Code   RO         1746    i.on_flash_write    nrf_dfu_ble.o
    0x000040b4   0x000040b4   0x00000088   Code   RO         1747    i.on_rw_authorize_req  nrf_dfu_ble.o
    0x0000413c   0x0000413c   0x00000042   Code   RO         4380    i.pb_dec_bytes      pb_decode.o
    0x0000417e   0x0000417e   0x00000006   Code   RO         4381    i.pb_dec_fixed32    pb_decode.o
    0x00004184   0x00004184   0x00000006   Code   RO         4382    i.pb_dec_fixed64    pb_decode.o
    0x0000418a   0x0000418a   0x0000003e   Code   RO         4383    i.pb_dec_string     pb_decode.o
    0x000041c8   0x000041c8   0x00000040   Code   RO         4384    i.pb_dec_submessage  pb_decode.o
    0x00004208   0x00004208   0x00000058   Code   RO         4385    i.pb_dec_svarint    pb_decode.o
    0x00004260   0x00004260   0x00000058   Code   RO         4386    i.pb_dec_uvarint    pb_decode.o
    0x000042b8   0x000042b8   0x0000005a   Code   RO         4387    i.pb_dec_varint     pb_decode.o
    0x00004312   0x00004312   0x0000001e   Code   RO         4388    i.pb_decode         pb_decode.o
    0x00004330   0x00004330   0x00000020   Code   RO         4390    i.pb_decode_fixed32  pb_decode.o
    0x00004350   0x00004350   0x0000005c   Code   RO         4391    i.pb_decode_fixed64  pb_decode.o
    0x000043ac   0x000043ac   0x00000186   Code   RO         4392    i.pb_decode_noinit  pb_decode.o
    0x00004532   0x00004532   0x0000003a   Code   RO         4393    i.pb_decode_svarint  pb_decode.o
    0x0000456c   0x0000456c   0x00000042   Code   RO         4394    i.pb_decode_tag     pb_decode.o
    0x000045ae   0x000045ae   0x0000004a   Code   RO         4395    i.pb_decode_varint  pb_decode.o
    0x000045f8   0x000045f8   0x0000004c   Code   RO         4396    i.pb_decode_varint32  pb_decode.o
    0x00004644   0x00004644   0x0000003c   Code   RO         2488    i.pb_decoding_callback  nrf_dfu_validation.o
    0x00004680   0x00004680   0x00000022   Code   RO         4344    i.pb_field_iter_begin  pb_common.o
    0x000046a2   0x000046a2   0x0000002e   Code   RO         4345    i.pb_field_iter_find  pb_common.o
    0x000046d0   0x000046d0   0x0000007e   Code   RO         4346    i.pb_field_iter_next  pb_common.o
    0x0000474e   0x0000474e   0x000000a4   Code   RO         4397    i.pb_field_set_to_default  pb_decode.o
    0x000047f2   0x000047f2   0x00000002   PAD
    0x000047f4   0x000047f4   0x00000014   Code   RO         4398    i.pb_istream_from_buffer  pb_decode.o
    0x00004808   0x00004808   0x00000036   Code   RO         4399    i.pb_make_string_substream  pb_decode.o
    0x0000483e   0x0000483e   0x00000026   Code   RO         4400    i.pb_message_set_to_defaults  pb_decode.o
    0x00004864   0x00004864   0x00000058   Code   RO         4401    i.pb_read           pb_decode.o
    0x000048bc   0x000048bc   0x00000020   Code   RO         4402    i.pb_readbyte       pb_decode.o
    0x000048dc   0x000048dc   0x0000005a   Code   RO         4403    i.pb_skip_field     pb_decode.o
    0x00004936   0x00004936   0x00000002   PAD
    0x00004938   0x00004938   0x000000c4   Code   RO         2489    i.postvalidate      nrf_dfu_validation.o
    0x000049fc   0x000049fc   0x0000011c   Code   RO         2490    i.postvalidate_sd_bl  nrf_dfu_validation.o
    0x00004b18   0x00004b18   0x00000014   Code   RO         3636    i.queue_free        nrf_fstorage_sd.o
    0x00004b2c   0x00004b2c   0x0000009c   Code   RO         3637    i.queue_process     nrf_fstorage_sd.o
    0x00004bc8   0x00004bc8   0x00000024   Code   RO         3638    i.queue_start       nrf_fstorage_sd.o
    0x00004bec   0x00004bec   0x0000000e   Code   RO         3556    i.read              nrf_fstorage_nvmc.o
    0x00004bfa   0x00004bfa   0x0000000e   Code   RO         3639    i.read              nrf_fstorage_sd.o
    0x00004c08   0x00004c08   0x00000062   Code   RO         4404    i.read_raw_value    pb_decode.o
    0x00004c6a   0x00004c6a   0x00000020   Code   RO         1748    i.response_crc_add  nrf_dfu_ble.o
    0x00004c8a   0x00004c8a   0x00000002   PAD
    0x00004c8c   0x00004c8c   0x00000034   Code   RO         1749    i.response_send     nrf_dfu_ble.o
    0x00004cc0   0x00004cc0   0x00000004   Code   RO         3557    i.rmap              nrf_fstorage_nvmc.o
    0x00004cc4   0x00004cc4   0x00000004   Code   RO         3640    i.rmap              nrf_fstorage_sd.o
    0x00004cc8   0x00004cc8   0x00000054   Code   RO          782    i.sd_activate       nrf_bootloader_fw_activation.o
    0x00004d1c   0x00004d1c   0x00000044   Code   RO         2626    i.sd_req_check      nrf_dfu_ver_validation.o
    0x00004d60   0x00004d60   0x00000068   Code   RO         2627    i.sd_req_ok         nrf_dfu_ver_validation.o
    0x00004dc8   0x00004dc8   0x00000030   Code   RO         4159    i.sdh_request_observer_notify  nrf_sdh.o
    0x00004df8   0x00004df8   0x0000002c   Code   RO         4160    i.sdh_state_observer_notify  nrf_sdh.o
    0x00004e24   0x00004e24   0x00000014   Code   RO         2259    i.settings_backup   nrf_dfu_settings.o
    0x00004e38   0x00004e38   0x0000000a   Code   RO         2260    i.settings_crc_get  nrf_dfu_settings.o
    0x00004e42   0x00004e42   0x00000050   Code   RO         2261    i.settings_write    nrf_dfu_settings.o
    0x00004e92   0x00004e92   0x00000110   Code   RO         3986    i.sha256_final      sha256.o
    0x00004fa2   0x00004fa2   0x00000002   PAD
    0x00004fa4   0x00004fa4   0x00000054   Code   RO         3987    i.sha256_init       sha256.o
    0x00004ff8   0x00004ff8   0x0000012c   Code   RO         3988    i.sha256_transform  sha256.o
    0x00005124   0x00005124   0x00000054   Code   RO         3989    i.sha256_update     sha256.o
    0x00005178   0x00005178   0x00000038   Code   RO         4161    i.softdevice_evt_irq_disable  nrf_sdh.o
    0x000051b0   0x000051b0   0x00000058   Code   RO         4162    i.softdevices_evt_irq_enable  nrf_sdh.o
    0x00005208   0x00005208   0x000000c8   Code   RO         2491    i.stored_init_cmd_decode  nrf_dfu_validation.o
    0x000052d0   0x000052d0   0x00000060   Code   RO          698    i.timer_activate    nrf_bootloader_dfu_timers.o
    0x00005330   0x00005330   0x00000074   Code   RO          699    i.timer_init        nrf_bootloader_dfu_timers.o
    0x000053a4   0x000053a4   0x0000001a   Code   RO          700    i.timer_start       nrf_bootloader_dfu_timers.o
    0x000053be   0x000053be   0x00000002   PAD
    0x000053c0   0x000053c0   0x00000014   Code   RO          701    i.timer_stop        nrf_bootloader_dfu_timers.o
    0x000053d4   0x000053d4   0x00000012   Code   RO         1750    i.uint32_encode     nrf_dfu_ble.o
    0x000053e6   0x000053e6   0x00000002   PAD
    0x000053e8   0x000053e8   0x00000010   Code   RO         3558    i.uninit            nrf_fstorage_nvmc.o
    0x000053f8   0x000053f8   0x00000020   Code   RO         3641    i.uninit            nrf_fstorage_sd.o
    0x00005418   0x00005418   0x00000058   Code   RO         2492    i.update_data_size_get  nrf_dfu_validation.o
    0x00005470   0x00005470   0x00000020   Code   RO         1144    i.verify_context    nrf_crypto_hash.o
    0x00005490   0x00005490   0x0000003c   Code   RO          871    i.wdt_feed          nrf_bootloader_wdt.o
    0x000054cc   0x000054cc   0x00000004   Code   RO          872    i.wdt_feed_timer_handler  nrf_bootloader_wdt.o
    0x000054d0   0x000054d0   0x00000004   Code   RO         3559    i.wmap              nrf_fstorage_nvmc.o
    0x000054d4   0x000054d4   0x00000004   Code   RO         3642    i.wmap              nrf_fstorage_sd.o
    0x000054d8   0x000054d8   0x00000044   Code   RO         3560    i.write             nrf_fstorage_nvmc.o
    0x0000551c   0x0000551c   0x00000050   Code   RO         3643    i.write             nrf_fstorage_sd.o
    0x0000556c   0x0000556c   0x00000040   Data   RO          265    .constdata          public_key.o
    0x000055ac   0x000055ac   0x00000008   Data   RO          294    .constdata          boards.o
    0x000055b4   0x000055b4   0x0000000c   PAD
    0x000055c0   0x000055c0   0x00000006   Data   RO          702    .constdata          nrf_bootloader_dfu_timers.o
    0x000055c6   0x000055c6   0x00000002   PAD
    0x000055c8   0x000055c8   0x00000018   Data   RO         1394    .constdata          nrf_sw_backend_hash.o
    0x000055e0   0x000055e0   0x0000000c   Data   RO         1447    .constdata          micro_ecc_backend_ecc.o
    0x000055ec   0x000055ec   0x00000001   Data   RO         1666    .constdata          dfu-cc.pb.o
    0x000055ed   0x000055ed   0x00000003   PAD
    0x000055f0   0x000055f0   0x00000030   Data   RO         1667    .constdata          dfu-cc.pb.o
    0x00005620   0x00005620   0x00000030   Data   RO         1668    .constdata          dfu-cc.pb.o
    0x00005650   0x00005650   0x000000b0   Data   RO         1669    .constdata          dfu-cc.pb.o
    0x00005700   0x00005700   0x00000030   Data   RO         1670    .constdata          dfu-cc.pb.o
    0x00005730   0x00005730   0x00000040   Data   RO         1671    .constdata          dfu-cc.pb.o
    0x00005770   0x00005770   0x00000030   Data   RO         1672    .constdata          dfu-cc.pb.o
    0x000057a0   0x000057a0   0x00000118   Data   RO         1754    .constdata          nrf_dfu_ble.o
    0x000058b8   0x000058b8   0x00000010   Data   RO         2005    .constdata          nrf_dfu_mbr.o
    0x000058c8   0x000058c8   0x00000030   Data   RO         2057    .constdata          nrf_dfu_req_handler.o
    0x000058f8   0x000058f8   0x0000000c   Data   RO         3561    .constdata          nrf_fstorage_nvmc.o
    0x00005904   0x00005904   0x00000020   Data   RO         3562    .constdata          nrf_fstorage_nvmc.o
    0x00005924   0x00005924   0x00000010   Data   RO         3646    .constdata          nrf_fstorage_sd.o
    0x00005934   0x00005934   0x00000020   Data   RO         3647    .constdata          nrf_fstorage_sd.o
    0x00005954   0x00005954   0x00000100   Data   RO         3990    .constdata          sha256.o
    0x00005a54   0x00005a54   0x00000010   Data   RO         4163    .constdata          nrf_sdh.o
    0x00005a64   0x00005a64   0x00000028   Data   RO         4164    .constdata          nrf_sdh.o
    0x00005a8c   0x00005a8c   0x00000010   Data   RO         4165    .constdata          nrf_sdh.o
    0x00005a9c   0x00005a9c   0x00000010   Data   RO         4166    .constdata          nrf_sdh.o
    0x00005aac   0x00005aac   0x00000020   Data   RO         4270    .constdata          nrf_sdh_ble.o
    0x00005acc   0x00005acc   0x00000010   Data   RO         4271    .constdata          nrf_sdh_ble.o
    0x00005adc   0x00005adc   0x00000010   Data   RO         4317    .constdata          nrf_sdh_soc.o
    0x00005aec   0x00005aec   0x0000000c   Data   RO         4318    .constdata          nrf_sdh_soc.o
    0x00005af8   0x00005af8   0x00000024   Data   RO         4405    .constdata          pb_decode.o
    0x00005b1c   0x00005b1c   0x000000b0   Data   RO         4673    .rodata.curve_secp256r1  micro_ecc_lib_nrf52.lib(uECC.c.o)
    0x00005bcc   0x00005bcc   0x00000040   Data   RO         4715    Region$$Table       anon$$obj.o
    0x00005c0c   0x00005c0c   0x00000008   Data   RO         1757    dfu_trans           nrf_dfu_ble.o
    0x00005c14   0x00005c14   0x00000014   Data   RO         1758    nrf_balloc          nrf_dfu_ble.o
    0x00005c28   0x00005c28   0x00000008   Data   RO         1759    sdh_ble_observers2  nrf_dfu_ble.o
    0x00005c30   0x00005c30   0x00000008   Data   RO         3649    sdh_req_observers0  nrf_fstorage_sd.o
    0x00005c38   0x00005c38   0x00000008   Data   RO         3650    sdh_soc_observers0  nrf_fstorage_sd.o
    0x00005c40   0x00005c40   0x00000008   Data   RO         4273    sdh_stack_observers0  nrf_sdh_ble.o
    0x00005c48   0x00005c48   0x00000008   Data   RO         4319    sdh_stack_observers0  nrf_sdh_soc.o
    0x00005c50   0x00005c50   0x00000008   Data   RO         3651    sdh_state_observers0  nrf_fstorage_sd.o
    0x00005c58   0x00005c58   0x0000000c   Data   RO         4066    svc_data            nrf_dfu_svci_handler.o


    Execution Region RW_IRAM2 (Exec base: 0x00800000, Load base: 0x00005d00, Size: 0x000022f8, Max: 0x00010000, ABSOLUTE)

    Exec Addr    Load Addr    Size         Type   Attr      Idx    E Section Name        Object

    0x00800000   0x00005d00   0x00000008   Data   RW          486    .data               nrf_bootloader.o
    0x00800008   0x00005d08   0x00000004   Data   RW         1689    .data               nrf_dfu.o
    0x0080000c   0x00005d0c   0x00000008   Data   RW         1756    .data               nrf_dfu_ble.o
    0x00800014   0x00005d14   0x00000001   Data   RW         1969    .data               nrf_dfu_handling_error.o
    0x00800015   0x00005d15   0x00000003   PAD
    0x00800018   0x00005d18   0x00000004   Data   RW         3563    .data               nrf_fstorage_nvmc.o
    0x0080001c   0x00005d1c   0x00000003   Data   RW         4167    .data               nrf_sdh.o
    0x0080001f   0x00005d1f   0x00000001   PAD
    0x00800020        -       0x00000420   Zero   RW          484    .bss                nrf_bootloader.o
    0x00800440        -       0x00001034   Zero   RW         1753    .bss                nrf_dfu_ble.o
    0x00801474        -       0x00000a80   Zero   RW         2265    .bss                nrf_dfu_settings.o
    0x00801ef4        -       0x000003f4   Zero   RW         2493    .bss                nrf_dfu_validation.o
    0x008022e8        -       0x00000010   Zero   RW         3644    .bss                nrf_fstorage_sd.o


    Execution Region RW_IRAM1 (Exec base: 0x20000000, Load base: 0x00005c64, Size: 0x00002300, Max: 0x00010000, ABSOLUTE)

    Exec Addr    Load Addr    Size         Type   Attr      Idx    E Section Name        Object

    0x20000000   0x00005c64   0x00000030   Data   RW          703    .data               nrf_bootloader_dfu_timers.o
    0x20000030   0x00005c94   0x00000001   Data   RW          783    .data               nrf_bootloader_fw_activation.o
    0x20000031   0x00005c95   0x00000001   Data   RW          873    .data               nrf_bootloader_wdt.o
    0x20000032   0x00005c96   0x00000001   Data   RW         1222    .data               nrf_crypto_init.o
    0x20000033   0x00005c97   0x00000001   PAD
    0x20000034   0x00005c98   0x00000010   Data   RW         1755    .data               nrf_dfu_ble.o
    0x20000044   0x00005ca8   0x00000010   Data   RW         2058    .data               nrf_dfu_req_handler.o
    0x20000054   0x00005cb8   0x00000004   Data   RW         2266    .data               nrf_dfu_settings.o
    0x20000058   0x00005cbc   0x00000010   Data   RW         2494    .data               nrf_dfu_validation.o
    0x20000068   0x00005ccc   0x00000010   Data   RW         2899    .data               app_scheduler.o
    0x20000078   0x00005cdc   0x00000008   Data   RW         3648    .data               nrf_fstorage_sd.o
    0x20000080   0x00005ce4   0x00000001   Data   RW         4272    .data               nrf_sdh_ble.o
    0x20000081   0x00005ce5   0x00000003   PAD
    0x20000084   0x00005ce8   0x00000004   Data   RW         4568    .data               system_nrf52.o
    0x20000088   0x00005cec   0x00000014   Data   RW         1915    fs_data             nrf_dfu_flash.o
    0x2000009c        -       0x00000050   Zero   RW         1751    .bss                nrf_dfu_ble.o
    0x200000ec        -       0x00000011   Zero   RW         1752    .bss                nrf_dfu_ble.o
    0x200000fd   0x00005d00   0x00000003   PAD
    0x20000100        -       0x0000000c   Zero   RW         2959    .bss                app_util_platform.o
    0x2000010c        -       0x000001f0   Zero   RW         3645    .bss                nrf_fstorage_sd.o
    0x200002fc   0x00005d00   0x00000004   PAD
    0x20000300        -       0x00002000   Zero   RW         4556    STACK               arm_startup_nrf52.o



  Load Region LR$$.ARM.__AT_0x0007E000 (Base: 0x0007e000, Size: 0x00000000, Max: 0x00001000, ABSOLUTE)

    Execution Region ER$$.ARM.__AT_0x0007E000 (Exec base: 0x0007e000, Load base: 0x0007e000, Size: 0x00001000, Max: 0x00001000, ABSOLUTE, UNINIT)

    Exec Addr    Load Addr    Size         Type   Attr      Idx    E Section Name        Object

    0x0007e000        -       0x00001000   Zero   RW         2262    .ARM.__AT_0x0007E000  nrf_dfu_settings.o



  Load Region LR$$.ARM.__AT_0x0007F000 (Base: 0x0007f000, Size: 0x00000000, Max: 0x00001000, ABSOLUTE)

    Execution Region ER$$.ARM.__AT_0x0007F000 (Exec base: 0x0007f000, Load base: 0x0007f000, Size: 0x00001000, Max: 0x00001000, ABSOLUTE, UNINIT)

    Exec Addr    Load Addr    Size         Type   Attr      Idx    E Section Name        Object

    0x0007f000        -       0x00001000   Zero   RW         2263    .ARM.__AT_0x0007F000  nrf_dfu_settings.o



  Load Region LR$$.ARM.__AT_0x10001014 (Base: 0x10001014, Size: 0x00000004, Max: 0x00000004, ABSOLUTE)

    Execution Region ER$$.ARM.__AT_0x10001014 (Exec base: 0x10001014, Load base: 0x10001014, Size: 0x00000004, Max: 0x00000004, ABSOLUTE, UNINIT)

    Exec Addr    Load Addr    Size         Type   Attr      Idx    E Section Name        Object

    0x10001014   0x10001014   0x00000004   Data   RW          833    .ARM.__AT_0x10001014  nrf_bootloader_info.o



  Load Region LR$$.ARM.__AT_0x10001018 (Base: 0x10001018, Size: 0x00000004, Max: 0x00000004, ABSOLUTE)

    Execution Region ER$$.ARM.__AT_0x10001018 (Exec base: 0x10001018, Load base: 0x10001018, Size: 0x00000004, Max: 0x00000004, ABSOLUTE, UNINIT)

    Exec Addr    Load Addr    Size         Type   Attr      Idx    E Section Name        Object

    0x10001018   0x10001018   0x00000004   Data   RO         2264    .ARM.__AT_0x10001018  nrf_dfu_settings.o


==============================================================================

Image component sizes


      Code (inc. data)   RO Data    RW Data    ZI Data      Debug   Object Name

       268         16          0         16          0      41949   app_scheduler.o
       124         14          0          0         12       8938   app_util_platform.o
        36          8        512          0       8192        840   arm_startup_nrf52.o
         8          0          0          0          0      26614   ble_srv_common.o
       192         16          8          0          0       7769   boards.o
        60          6          0          0          0       1236   crc32.o
         0          0        433          0          0       1242   dfu-cc.pb.o
       160         28          0          0          0      96773   main.o
        22          0         12          0          0      24105   micro_ecc_backend_ecc.o
         0          0          0          0          0      21439   micro_ecc_backend_ecdh.o
        86          0          0          0          0      12642   micro_ecc_backend_ecdsa.o
       342          0          0          0          0       7078   nrf_atfifo.o
       260          0          0          0          0       4648   nrf_atomic.o
       164          0          0          0          0       6908   nrf_balloc.o
       554         96          0          8       1056      82537   nrf_bootloader.o
        36          0          0          0          0        635   nrf_bootloader_app_start.o
       212         14          0          0          0       7968   nrf_bootloader_app_start_final.o
       446         54          6         48          0      41998   nrf_bootloader_dfu_timers.o
       528         48          0          1          0       5837   nrf_bootloader_fw_activation.o
        48          6          0          4          0        898   nrf_bootloader_info.o
       192         34          0          1          0      32028   nrf_bootloader_wdt.o
       124          4          0          0          0      27672   nrf_crypto_ecc.o
        76          4          0          0          0      13166   nrf_crypto_ecdsa.o
       230         12          0          0          0       8561   nrf_crypto_hash.o
        64         14          0          1          0       2577   nrf_crypto_init.o
        94          0          0          0          0       3310   nrf_crypto_shared.o
        84         14          0          4          0       9883   nrf_dfu.o
      1726        154        316         24       4245     109590   nrf_dfu_ble.o
        80         22          0         20          0       4979   nrf_dfu_flash.o
        28         10          0          1          0       2296   nrf_dfu_handling_error.o
        58          6         16          0          0       3922   nrf_dfu_mbr.o
       906        112         48         16          0      31436   nrf_dfu_req_handler.o
       486         52          4          4      10880       9431   nrf_dfu_settings.o
       164         20          0          0          0       3764   nrf_dfu_settings_svci.o
       124         16         12          0          0       5307   nrf_dfu_svci_handler.o
       104         18          0          0          0       2276   nrf_dfu_transport.o
       250         28          0          0          0       9897   nrf_dfu_utils.o
      1900        170          0         16       1012      19251   nrf_dfu_validation.o
       300         14          0          0          0       3803   nrf_dfu_ver_validation.o
       114         10          0          0          0       5360   nrf_fstorage.o
       260         20         44          4          0       8632   nrf_fstorage_nvmc.o
       794         82         72          8        512      14839   nrf_fstorage_sd.o
         0          0          0          0          0       1472   nrf_memobj.o
       164         28          0          0          0       2199   nrf_nvmc.o
       552         60         88          3          0      41728   nrf_sdh.o
       292         18         56          1          0       6191   nrf_sdh_ble.o
        60          4         36          0          0       3316   nrf_sdh_soc.o
        78          0          0          0          0       3784   nrf_section_iter.o
       112         10          0          0          0       3161   nrf_svc_handler.o
        48          0         24          0          0       4152   nrf_sw_backend_hash.o
       206          0          0          0          0      10080   pb_common.o
      2322         14         36          0          0      32638   pb_decode.o
         0          0         64          0          0        493   public_key.o
       740         40        256          0          0       4960   sha256.o
       812         72          0          4          0      11743   system_nrf52.o

    ----------------------------------------------------------------------
     17124       1368       2124        192      25916     859951   Object Totals
         0          0         64          0          0          0   (incl. Generated)
        34          0         17          8          7          0   (incl. Padding)

    ----------------------------------------------------------------------

      Code (inc. data)   RO Data    RW Data    ZI Data      Debug   Library Member Name

         0          0          0          0          0          0   entry.o
         0          0          0          0          0          0   entry10a.o
         0          0          0          0          0          0   entry11a.o
         8          4          0          0          0          0   entry2.o
         4          0          0          0          0          0   entry5.o
         0          0          0          0          0          0   entry7b.o
         0          0          0          0          0          0   entry8b.o
         8          4          0          0          0          0   entry9a.o
        30          0          0          0          0          0   handlers.o
        36          8          0          0          0         68   init.o
        30          0          0          0          0         68   llshl.o
        26          0          0          0          0         80   memcmp.o
        36          0          0          0          0         68   memcpya.o
        36          0          0          0          0        108   memseta.o
      4004          8        176          0          0      40185   uECC.c.o

    ----------------------------------------------------------------------
      4232         24        176          0          0      40577   Library Totals
        14          0          0          0          0          0   (incl. Padding)

    ----------------------------------------------------------------------

      Code (inc. data)   RO Data    RW Data    ZI Data      Debug   Library Name

       214         16          0          0          0        392   mc_w.l
      4004          8        176          0          0      40185   micro_ecc_lib_nrf52.lib

    ----------------------------------------------------------------------
      4232         24        176          0          0      40577   Library Totals

    ----------------------------------------------------------------------

==============================================================================


      Code (inc. data)   RO Data    RW Data    ZI Data      Debug   

     21356       1392       2300        192      25916     875176   Grand Totals
     21356       1392       2300        192      25916     875176   ELF Image Totals
     21356       1392       2300        192          0          0   ROM Totals

==============================================================================

    Total RO  Size (Code + RO Data)                23656 (  23.10kB)
    Total RW  Size (RW Data + ZI Data)             26108 (  25.50kB)
    Total ROM Size (Code + RO Data + RW Data)      23848 (  23.29kB)

==============================================================================

